Component: ARM Compiler 5.06 update 7 (build 960) Tool: armlink [4d3601]

==============================================================================

Section Cross References

    startup_stm32f767xx.o(STACK) refers (Special) to heapauxi.o(.text) for __use_two_region_memory
    startup_stm32f767xx.o(HEAP) refers (Special) to heapauxi.o(.text) for __use_two_region_memory
    startup_stm32f767xx.o(RESET) refers (Special) to heapauxi.o(.text) for __use_two_region_memory
    startup_stm32f767xx.o(RESET) refers to startup_stm32f767xx.o(STACK) for __initial_sp
    startup_stm32f767xx.o(RESET) refers to startup_stm32f767xx.o(.text) for Reset_Handler
    startup_stm32f767xx.o(RESET) refers to stm32f7xx_it.o(i.NMI_Handler) for NMI_Handler
    startup_stm32f767xx.o(RESET) refers to stm32f7xx_it.o(i.HardFault_Handler) for HardFault_Handler
    startup_stm32f767xx.o(RESET) refers to stm32f7xx_it.o(i.MemManage_Handler) for MemManage_Handler
    startup_stm32f767xx.o(RESET) refers to stm32f7xx_it.o(i.BusFault_Handler) for BusFault_Handler
    startup_stm32f767xx.o(RESET) refers to stm32f7xx_it.o(i.UsageFault_Handler) for UsageFault_Handler
    startup_stm32f767xx.o(RESET) refers to port.o(.emb_text) for SVC_Handler
    startup_stm32f767xx.o(RESET) refers to stm32f7xx_it.o(i.DebugMon_Handler) for DebugMon_Handler
    startup_stm32f767xx.o(RESET) refers to stm32f7xx_it.o(i.SysTick_Handler) for SysTick_Handler
    startup_stm32f767xx.o(RESET) refers to stm32f7xx_it.o(i.DMA1_Stream2_IRQHandler) for DMA1_Stream2_IRQHandler
    startup_stm32f767xx.o(RESET) refers to stm32f7xx_it.o(i.DMA1_Stream4_IRQHandler) for DMA1_Stream4_IRQHandler
    startup_stm32f767xx.o(RESET) refers to stm32f7xx_it.o(i.DMA1_Stream5_IRQHandler) for DMA1_Stream5_IRQHandler
    startup_stm32f767xx.o(RESET) refers to stm32f7xx_it.o(i.DMA1_Stream6_IRQHandler) for DMA1_Stream6_IRQHandler
    startup_stm32f767xx.o(RESET) refers to stm32f7xx_it.o(i.ADC_IRQHandler) for ADC_IRQHandler
    startup_stm32f767xx.o(RESET) refers to stm32f7xx_it.o(i.USART2_IRQHandler) for USART2_IRQHandler
    startup_stm32f767xx.o(RESET) refers to stm32f7xx_it.o(i.DMA2_Stream0_IRQHandler) for DMA2_Stream0_IRQHandler
    startup_stm32f767xx.o(.text) refers (Special) to heapauxi.o(.text) for __use_two_region_memory
    startup_stm32f767xx.o(.text) refers to system_stm32f7xx.o(i.SystemInit) for SystemInit
    startup_stm32f767xx.o(.text) refers to __main.o(!!!main) for __main
    startup_stm32f767xx.o(.text) refers to startup_stm32f767xx.o(HEAP) for Heap_Mem
    startup_stm32f767xx.o(.text) refers to startup_stm32f767xx.o(STACK) for Stack_Mem
    jwserial.o(i.fputc) refers to stm32f7xx_hal_uart.o(i.HAL_UART_Transmit) for HAL_UART_Transmit
    jwserial.o(i.fputc) refers to main.o(.bss) for huart4
    jwserial.o(i.jw_communication_Init) refers to jwserial.o(.data) for .data
    jwserial.o(.data) refers to jwserial.o(.conststring) for .conststring
    jwserial.o(.data) refers to jwserial.o(i.jwSerilaPortInit) for jwSerilaPortInit
    jwmpu6050.o(i.JW_MPU6050_Init) refers to jwmpui2csoftware.o(i.MPU_Write_Byte) for MPU_Write_Byte
    jwmpu6050.o(i.JW_MPU6050_Init) refers to cmsis_os2.o(i.osDelay) for osDelay
    jwmpu6050.o(i.JW_MPU6050_Init) refers to jwmpu6050.o(i.MPU_Set_Gyro_Fsr) for MPU_Set_Gyro_Fsr
    jwmpu6050.o(i.JW_MPU6050_Init) refers to jwmpu6050.o(i.MPU_Set_Accel_Fsr) for MPU_Set_Accel_Fsr
    jwmpu6050.o(i.JW_MPU6050_Init) refers to jwmpu6050.o(i.MPU_Set_Rate) for MPU_Set_Rate
    jwmpu6050.o(i.JW_MPU6050_Init) refers to jwmpui2csoftware.o(i.MPU_Read_Byte) for MPU_Read_Byte
    jwmpu6050.o(i.MPU_Get_Accelerometer) refers to jwmpui2csoftware.o(i.MPU_Read_Len) for MPU_Read_Len
    jwmpu6050.o(i.MPU_Get_Gyroscope) refers to jwmpui2csoftware.o(i.MPU_Read_Len) for MPU_Read_Len
    jwmpu6050.o(i.MPU_Get_Temperature) refers to jwmpui2csoftware.o(i.MPU_Read_Len) for MPU_Read_Len
    jwmpu6050.o(i.MPU_Set_Accel_Fsr) refers to jwmpui2csoftware.o(i.MPU_Write_Byte) for MPU_Write_Byte
    jwmpu6050.o(i.MPU_Set_Gyro_Fsr) refers to jwmpui2csoftware.o(i.MPU_Write_Byte) for MPU_Write_Byte
    jwmpu6050.o(i.MPU_Set_LPF) refers to jwmpui2csoftware.o(i.MPU_Write_Byte) for MPU_Write_Byte
    jwmpu6050.o(i.MPU_Set_Rate) refers to jwmpui2csoftware.o(i.MPU_Write_Byte) for MPU_Write_Byte
    jwmpu6050.o(i.MPU_Set_Rate) refers to jwmpu6050.o(i.MPU_Set_LPF) for MPU_Set_LPF
    main.o(i.MX_ADC1_Init) refers to stm32f7xx_hal_adc.o(i.HAL_ADC_Init) for HAL_ADC_Init
    main.o(i.MX_ADC1_Init) refers to stm32f7xx_hal_adc.o(i.HAL_ADC_ConfigChannel) for HAL_ADC_ConfigChannel
    main.o(i.MX_ADC1_Init) refers to main.o(.bss) for .bss
    main.o(i.MX_DMA_Init) refers to stm32f7xx_hal_cortex.o(i.HAL_NVIC_SetPriority) for HAL_NVIC_SetPriority
    main.o(i.MX_DMA_Init) refers to stm32f7xx_hal_cortex.o(i.HAL_NVIC_EnableIRQ) for HAL_NVIC_EnableIRQ
    main.o(i.MX_GPIO_Init) refers to rt_memclr_w.o(.text) for __aeabi_memclr4
[...]
    __rt_exit_prels_1                        0x080002a1   Thumb Code     0  rtexit2.o(.ARM.Collect$$rtexit$$00000002)
    __rt_exit_exit                           0x080002a5   Thumb Code     0  rtexit2.o(.ARM.Collect$$rtexit$$00000004)
    SVC_Handler                              0x080002ad   Thumb Code    28  port.o(.emb_text)
    __asm___6_port_c_39a90d8d__prvStartFirstTask 0x080002cd   Thumb Code    36  port.o(.emb_text)
    __asm___6_port_c_39a90d8d__prvEnableVFP  0x080002f5   Thumb Code    16  port.o(.emb_text)
    PendSV_Handler                           0x08000309   Thumb Code    92  port.o(.emb_text)
    vPortGetIPSR                             0x08000369   Thumb Code     6  port.o(.emb_text)
    Reset_Handler                            0x08000371   Thumb Code     8  startup_stm32f767xx.o(.text)
    _maybe_terminate_alloc                   0x08000371   Thumb Code     0  maybetermalloc1.o(.emb_text)
    CAN1_RX0_IRQHandler                      0x0800038b   Thumb Code     0  startup_stm32f767xx.o(.text)
    CAN1_RX1_IRQHandler                      0x0800038b   Thumb Code     0  startup_stm32f767xx.o(.text)
    CAN1_SCE_IRQHandler                      0x0800038b   Thumb Code     0  startup_stm32f767xx.o(.text)
    CAN1_TX_IRQHandler                       0x0800038b   Thumb Code     0  startup_stm32f767xx.o(.text)
    CAN2_RX0_IRQHandler                      0x0800038b   Thumb Code     0  startup_stm32f767xx.o(.text)
    CAN2_RX1_IRQHandler                      0x0800038b   Thumb Code     0  startup_stm32f767xx.o(.text)
    CAN2_SCE_IRQHandler                      0x0800038b   Thumb Code     0  startup_stm32f767xx.o(.text)
    CAN2_TX_IRQHandler                       0x0800038b   Thumb Code     0  startup_stm32f767xx.o(.text)
    CAN3_RX0_IRQHandler                      0x0800038b   Thumb Code     0  startup_stm32f767xx.o(.text)
    CAN3_RX1_IRQHandler                      0x0800038b   Thumb Code     0  startup_stm32f767xx.o(.text)
    CAN3_SCE_IRQHandler                      0x0800038b   Thumb Code     0  startup_stm32f767xx.o(.text)
    CAN3_TX_IRQHandler                       0x0800038b   Thumb Code     0  startup_stm32f767xx.o(.text)
    CEC_IRQHandler                           0x0800038b   Thumb Code     0  startup_stm32f767xx.o(.text)
    DCMI_IRQHandler                          0x0800038b   Thumb Code     0  startup_stm32f767xx.o(.text)
    DFSDM1_FLT0_IRQHandler                   0x0800038b   Thumb Code     0  startup_stm32f767xx.o(.text)
    DFSDM1_FLT1_IRQHandler                   0x0800038b   Thumb Code     0  startup_stm32f767xx.o(.text)
    DFSDM1_FLT2_IRQHandler                   0x0800038b   Thumb Code     0  startup_stm32f767xx.o(.text)
    DFSDM1_FLT3_IRQHandler                   0x0800038b   Thumb Code     0  startup_stm32f767xx.o(.text)
    DMA1_Stream0_IRQHandler                  0x0800038b   Thumb Code     0  startup_stm32f767xx.o(.text)
    DMA1_Stream1_IRQHandler                  0x0800038b   Thumb Code     0  startup_stm32f767xx.o(.text)
    DMA1_Stream3_IRQHandler                  0x0800038b   Thumb Code     0  startup_stm32f767xx.o(.text)
    DMA1_Stream7_IRQHandler                  0x0800038b   Thumb Code     0  startup_stm32f767xx.o(.text)
    DMA2D_IRQHandler                         0x0800038b   Thumb Code     0  startup_stm32f767xx.o(.text)
    DMA2_Stream1_IRQHandler                  0x0800038b   Thumb Code     0  startup_stm32f767xx.o(.text)
    DMA2_Stream2_IRQHandler                  0x0800038b   Thumb Code     0  startup_stm32f767xx.o(.text)
    DMA2_Stream3_IRQHandler                  0x0800038b   Thumb Code     0  startup_stm32f767xx.o(.text)
    DMA2_Stream4_IRQHandler                  0x0800038b   Thumb Code     0  startup_stm32f767xx.o(.text)
    DMA2_Stream5_IRQHandler                  0x0800038b   Thumb Code     0  startup_stm32f767xx.o(.text)
    DMA2_Stream6_IRQHandler                  0x0800038b   Thumb Code     0  startup_stm32f767xx.o(.text)
    DMA2_Stream7_IRQHandler                  0x0800038b   Thumb Code     0  startup_stm32f767xx.o(.text)
    ETH_IRQHandler                           0x0800038b   Thumb Code     0  startup_stm32f767xx.o(.text)
    ETH_WKUP_IRQHandler                      0x0800038b   Thumb Code     0  startup_stm32f767xx.o(.text)
    EXTI0_IRQHandler                         0x0800038b   Thumb Code     0  startup_stm32f767xx.o(.text)
    EXTI15_10_IRQHandler                     0x0800038b   Thumb Code     0  startup_stm32f767xx.o(.text)
    EXTI1_IRQHandler                         0x0800038b   Thumb Code     0  startup_stm32f767xx.o(.text)
    EXTI2_IRQHandler                         0x0800038b   Thumb Code     0  startup_stm32f767xx.o(.text)
    EXTI3_IRQHandler                         0x0800038b   Thumb Code     0  startup_stm32f767xx.o(.text)
    EXTI4_IRQHandler                         0x0800038b   Thumb Code     0  startup_stm32f767xx.o(.text)
    EXTI9_5_IRQHandler                       0x0800038b   Thumb Code     0  startup_stm32f767xx.o(.text)
    FLASH_IRQHandler                         0x0800038b   Thumb Code     0  startup_stm32f767xx.o(.text)
    FMC_IRQHandler                           0x0800038b   Thumb Code     0  startup_stm32f767xx.o(.text)
    FPU_IRQHandler                           0x0800038b   Thumb Code     0  startup_stm32f767xx.o(.text)
    I2C1_ER_IRQHandler                       0x0800038b   Thumb Code     0  startup_stm32f767xx.o(.text)
    I2C1_EV_IRQHandler                       0x0800038b   Thumb Code     0  startup_stm32f767xx.o(.text)
    I2C2_ER_IRQHandler                       0x0800038b   Thumb Code     0  startup_stm32f767xx.o(.text)
    I2C2_EV_IRQHandler                       0x0800038b   Thumb Code     0  startup_stm32f767xx.o(.text)
    I2C3_ER_IRQHandler                       0x0800038b   Thumb Code     0  startup_stm32f767xx.o(.text)
    I2C3_EV_IRQHandler                       0x0800038b   Thumb Code     0  startup_stm32f767xx.o(.text)
    I2C4_ER_IRQHandler                       0x0800038b   Thumb Code     0  startup_stm32f767xx.o(.text)
    I2C4_EV_IRQHandler                       0x0800038b   Thumb Code     0  startup_stm32f767xx.o(.text)
    JPEG_IRQHandler                          0x0800038b   Thumb Code     0  startup_stm32f767xx.o(.text)
    LPTIM1_IRQHandler                        0x0800038b   Thumb Code     0  startup_stm32f767xx.o(.text)
    LTDC_ER_IRQHandler                       0x0800038b   Thumb Code     0  startup_stm32f767xx.o(.text)
    LTDC_IRQHandler                          0x0800038b   Thumb Code     0  startup_stm32f767xx.o(.text)
    MDIOS_IRQHandler                         0x0800038b   Thumb Code     0  startup_stm32f767xx.o(.text)
    OTG_FS_IRQHandler                        0x0800038b   Thumb Code     0  startup_stm32f767xx.o(.text)
    OTG_FS_WKUP_IRQHandler                   0x0800038b   Thumb Code     0  startup_stm32f767xx.o(.text)
    OTG_HS_EP1_IN_IRQHandler                 0x0800038b   Thumb Code     0  startup_stm32f767xx.o(.text)
    OTG_HS_EP1_OUT_IRQHandler                0x0800038b   Thumb Code     0  startup_stm32f767xx.o(.text)
    OTG_HS_IRQHandler                        0x0800038b   Thumb Code     0  startup_stm32f767xx.o(.text)
    OTG_HS_WKUP_IRQHandler                   0x0800038b   Thumb Code     0  startup_stm32f767xx.o(.text)
    PVD_IRQHandler                           0x0800038b   Thumb Code     0  startup_stm32f767xx.o(.text)
    QUADSPI_IRQHandler                       0x0800038b   Thumb Code     0  startup_stm32f767xx.o(.text)
    RCC_IRQHandler                           0x0800038b   Thumb Code     0  startup_stm32f767xx.o(.text)
    RNG_IRQHandler                           0x0800038b   Thumb Code     0  startup_stm32f767xx.o(.text)
    RTC_Alarm_IRQHandler                     0x0800038b   Thumb Code     0  startup_stm32f767xx.o(.text)
    RTC_WKUP_IRQHandler                      0x0800038b   Thumb Code     0  startup_stm32f767xx.o(.text)
    SAI1_IRQHandler                          0x0800038b   Thumb Code     0  startup_stm32f767xx.o(.text)
    SAI2_IRQHandler                          0x0800038b   Thumb Code     0  startup_stm32f767xx.o(.text)
    SDMMC1_IRQHandler                        0x0800038b   Thumb Code     0  startup_stm32f767xx.o(.text)
    SDMMC2_IRQHandler                        0x0800038b   Thumb Code     0  startup_stm32f767xx.o(.text)
    SPDIF_RX_IRQHandler                      0x0800038b   Thumb Code     0  startup_stm32f767xx.o(.text)
    SPI1_IRQHandler                          0x0800038b   Thumb Code     0  startup_stm32f767xx.o(.text)
    SPI2_IRQHandler                          0x0800038b   Thumb Code     0  startup_stm32f767xx.o(.text)
    SPI3_IRQHandler                          0x0800038b   Thumb Code     0  startup_stm32f767xx.o(.text)
    SPI4_IRQHandler                          0x0800038b   Thumb Code     0  startup_stm32f767xx.o(.text)
    SPI5_IRQHandler                          0x0800038b   Thumb Code     0  startup_stm32f767xx.o(.text)
    SPI6_IRQHandler                          0x0800038b   Thumb Code     0  startup_stm32f767xx.o(.text)
    TAMP_STAMP_IRQHandler                    0x0800038b   Thumb Code     0  startup_stm32f767xx.o(.text)
    TIM1_BRK_TIM9_IRQHandler                 0x0800038b   Thumb Code     0  startup_stm32f767xx.o(.text)
    TIM1_CC_IRQHandler                       0x0800038b   Thumb Code     0  startup_stm32f767xx.o(.text)
    TIM1_TRG_COM_TIM11_IRQHandler            0x0800038b   Thumb Code     0  startup_stm32f767xx.o(.text)
    TIM1_UP_TIM10_IRQHandler                 0x0800038b   Thumb Code     0  startup_stm32f767xx.o(.text)
    TIM2_IRQHandler                          0x0800038b   Thumb Code     0  startup_stm32f767xx.o(.text)
    TIM3_IRQHandler                          0x0800038b   Thumb Code     0  startup_stm32f767xx.o(.text)
    TIM4_IRQHandler                          0x0800038b   Thumb Code     0  startup_stm32f767xx.o(.text)
    TIM5_IRQHandler                          0x0800038b   Thumb Code     0  startup_stm32f767xx.o(.text)
    TIM6_DAC_IRQHandler                      0x0800038b   Thumb Code     0  startup_stm32f767xx.o(.text)
    TIM7_IRQHandler                          0x0800038b   Thumb Code     0  startup_stm32f767xx.o(.text)
    TIM8_BRK_TIM12_IRQHandler                0x0800038b   Thumb Code     0  startup_stm32f767xx.o(.text)
    TIM8_CC_IRQHandler                       0x0800038b   Thumb Code     0  startup_stm32f767xx.o(.text)
    TIM8_TRG_COM_TIM14_IRQHandler            0x0800038b   Thumb Code     0  startup_stm32f767xx.o(.text)
    TIM8_UP_TIM13_IRQHandler                 0x0800038b   Thumb Code     0  startup_stm32f767xx.o(.text)
    UART4_IRQHandler                         0x0800038b   Thumb Code     0  startup_stm32f767xx.o(.text)
    UART5_IRQHandler                         0x0800038b   Thumb Code     0  startup_stm32f767xx.o(.text)
    UART7_IRQHandler                         0x0800038b   Thumb Code     0  startup_stm32f767xx.o(.text)
    UART8_IRQHandler                         0x0800038b   Thumb Code     0  startup_stm32f767xx.o(.text)
    USART1_IRQHandler                        0x0800038b   Thumb Code     0  startup_stm32f767xx.o(.text)
    USART3_IRQHandler                        0x0800038b   Thumb Code     0  startup_stm32f767xx.o(.text)
    USART6_IRQHandler                        0x0800038b   Thumb Code     0  startup_stm32f767xx.o(.text)
    WWDG_IRQHandler                          0x0800038b   Thumb Code     0  startup_stm32f767xx.o(.text)
    __user_initial_stackheap                 0x0800038d   Thumb Code     0  startup_stm32f767xx.o(.text)
    __aeabi_uldivmod                         0x080003b1   Thumb Code     0  lludivv7m.o(.text)
    _ll_udiv                                 0x080003b1   Thumb Code   238  lludivv7m.o(.text)
    __2printf                                0x080004a1   Thumb Code    20  noretval__2printf.o(.text)
    __printf                                 0x080004b9   Thumb Code   104  __printf.o(.text)
    strlen                                   0x08000521   Thumb Code    62  strlen.o(.text)
    __aeabi_memcpy                           0x0800055f   Thumb Code     0  rt_memcpy_v6.o(.text)
    __rt_memcpy                              0x0800055f   Thumb Code   138  rt_memcpy_v6.o(.text)
    _memcpy_lastbytes                        0x080005c5   Thumb Code     0  rt_memcpy_v6.o(.text)
    __aeabi_memset                           0x080005e9   Thumb Code    16  aeabi_memset.o(.text)
    __aeabi_memclr4                          0x080005f9   Thumb Code     0  rt_memclr_w.o(.text)
    __aeabi_memclr8                          0x080005f9   Thumb Code     0  rt_memclr_w.o(.text)
    __rt_memclr_w                            0x080005f9   Thumb Code    78  rt_memclr_w.o(.text)
    _memset_w                                0x080005fd   Thumb Code     0  rt_memclr_w.o(.text)
    __use_two_region_memory                  0x08000647   Thumb Code     2  heapauxi.o(.text)
    __rt_heap_escrow                         0x08000649   Thumb Code     2  heapauxi.o(.text)
    __rt_heap_expand                         0x0800064b   Thumb Code     2  heapauxi.o(.text)
    _printf_char_common                      0x08000657   Thumb Code    32  _printf_char_common.o(.text)
    _printf_char_file                        0x0800067d   Thumb Code    32  _printf_char_file.o(.text)
    __aeabi_memcpy4                          0x080006a1   Thumb Code     0  rt_memcpy_w.o(.text)
    __aeabi_memcpy8                          0x080006a1   Thumb Code     0  rt_memcpy_w.o(.text)
    __rt_memcpy_w                            0x080006a1   Thumb Code   100  rt_memcpy_w.o(.text)
    _memcpy_lastbytes_aligned                0x080006e9   Thumb Code     0  rt_memcpy_w.o(.text)
    __aeabi_memclr                           0x08000705   Thumb Code     0  rt_memclr.o(.text)
    __rt_memclr                              0x08000705   Thumb Code    68  rt_memclr.o(.text)
    _memset                                  0x08000709   Thumb Code     0  rt_memclr.o(.text)
    ferror                                   0x08000749   Thumb Code     8  ferror.o(.text)
    _initio                                  0x08000751   Thumb Code   210  initio.o(.text)
    _terminateio                             0x08000823   Thumb Code    56  initio.o(.text)
    _sys_open                                0x08000889   Thumb Code    20  sys_io.o(.text)
    _sys_close                               0x0800089d   Thumb Code    12  sys_io.o(.text)
    _sys_write                               0x080008a9   Thumb Code    16  sys_io.o(.text)
    _sys_read                                0x080008b9   Thumb Code    14  sys_io.o(.text)
    _sys_istty                               0x080008c7   Thumb Code    12  sys_io.o(.text)
    _sys_seek                                0x080008d3   Thumb Code    14  sys_io.o(.text)
    _sys_ensure                              0x080008e1   Thumb Code     2  sys_io.o(.text)
    _sys_flen                                0x080008e3   Thumb Code    12  sys_io.o(.text)
    __user_setup_stackheap                   0x080008ef   Thumb Code    74  sys_stackheap_outer.o(.text)
    free                                     0x08000939   Thumb Code    78  h1_free.o(.text)
    setvbuf                                  0x08000987   Thumb Code    70  setvbuf.o(.text)
    freopen                                  0x080009cd   Thumb Code   158  fopen.o(.text)
    fopen                                    0x08000a6b   Thumb Code    74  fopen.o(.text)
    _fclose_internal                         0x08000ab9   Thumb Code    76  fclose.o(.text)
    fclose                                   0x08000ab9   Thumb Code     0  fclose.o(.text)
    exit                                     0x08000b05   Thumb Code    18  exit.o(.text)
    __rt_SIGRTRED                            0x08000b17   Thumb Code    14  defsig_rtred_outer.o(.text)
    __user_libspace                          0x08000b25   Thumb Code     8  libspace.o(.text)
    __user_perproc_libspace                  0x08000b25   Thumb Code     0  libspace.o(.text)
    __user_perthread_libspace                0x08000b25   Thumb Code     0  libspace.o(.text)
    __I$use$semihosting                      0x08000b2d   Thumb Code     0  use_no_semi.o(.text)
    __use_no_semihosting_swi                 0x08000b2d   Thumb Code     2  use_no_semi.o(.text)
    __semihosting_library_function           0x08000b2f   Thumb Code     0  indicate_semi.o(.text)
    __rt_heap_descriptor                     0x08000b31   Thumb Code     8  rt_heap_descriptor_intlibspace.o(.text)
    __use_no_heap                            0x08000b39   Thumb Code     2  hguard.o(.text)
    __heap$guard                             0x08000b3b   Thumb Code     2  hguard.o(.text)
    _terminate_user_alloc                    0x08000b3d   Thumb Code     2  init_alloc.o(.text)
    _init_user_alloc                         0x08000b3f   Thumb Code     2  init_alloc.o(.text)
    __Heap_Full                              0x08000b41   Thumb Code    34  init_alloc.o(.text)
    __Heap_Broken                            0x08000b63   Thumb Code     6  init_alloc.o(.text)
    _init_alloc                              0x08000b69   Thumb Code    94  init_alloc.o(.text)
    malloc                                   0x08000bc7   Thumb Code    94  h1_alloc.o(.text)
    _fseek                                   0x08000c25   Thumb Code   242  fseek.o(.text)
    fseek                                    0x08000c25   Thumb Code     0  fseek.o(.text)
    _seterr                                  0x08000d1d   Thumb Code    20  stdio.o(.text)
    _writebuf                                0x08000d31   Thumb Code    84  stdio.o(.text)
    _fflush                                  0x08000d85   Thumb Code    70  stdio.o(.text)
    _deferredlazyseek                        0x08000dcb   Thumb Code    60  stdio.o(.text)
    __sig_exit                               0x08000e0d   Thumb Code    10  defsig_exit.o(.text)
    __rt_SIGRTRED_inner                      0x08000e19   Thumb Code    14  defsig_rtred_inner.o(.text)
    _sys_exit                                0x08000e4d   Thumb Code     8  sys_exit.o(.text)
    __Heap_Initialize                        0x08000e59   Thumb Code    10  h1_init.o(.text)
    __Heap_DescSize                          0x08000e63   Thumb Code     4  h1_init.o(.text)
    __Heap_ProvideMemory                     0x08000e67   Thumb Code    52  h1_extend.o(.text)
    _ftell_internal                          0x08000e9b   Thumb Code    66  ftell.o(.text)
    ftell                                    0x08000e9b   Thumb Code     0  ftell.o(.text)
    __default_signal_display                 0x08000edd   Thumb Code    50  defsig_general.o(.text)
    __rt_SIGRTMEM                            0x08000f0f   Thumb Code    14  defsig_rtmem_outer.o(.text)
    _ttywrch                                 0x08000f1d   Thumb Code    14  sys_wrch.o(.text)
    __aeabi_errno_addr                       0x08000f2d   Thumb Code     8  rt_errno_addr_intlibspace.o(.text)
    __errno$intlibspace                      0x08000f2d   Thumb Code     0  rt_errno_addr_intlibspace.o(.text)
    __rt_errno_addr$intlibspace              0x08000f2d   Thumb Code     0  rt_errno_addr_intlibspace.o(.text)
    __rt_SIGRTMEM_inner                      0x08000f35   Thumb Code    22  defsig_rtmem_inner.o(.text)
    ADC_IRQHandler                           0x08000f85   Thumb Code     6  stm32f7xx_it.o(i.ADC_IRQHandler)
    BusFault_Handler                         0x080010c9   Thumb Code     2  stm32f7xx_it.o(i.BusFault_Handler)
    Callback01                               0x080010cb   Thumb Code     2  main.o(i.Callback01)
    Callback02                               0x080010cd   Thumb Code     2  main.o(i.Callback02)
    DMA1_Stream2_IRQHandler                  0x080010d1   Thumb Code     6  stm32f7xx_it.o(i.DMA1_Stream2_IRQHandler)
    DMA1_Stream4_IRQHandler                  0x080010dd   Thumb Code     6  stm32f7xx_it.o(i.DMA1_Stream4_IRQHandler)
    DMA1_Stream5_IRQHandler                  0x080010e9   Thumb Code     6  stm32f7xx_it.o(i.DMA1_Stream5_IRQHandler)
    DMA1_Stream6_IRQHandler                  0x080010f5   Thumb Code     6  stm32f7xx_it.o(i.DMA1_Stream6_IRQHandler)
    DMA2_Stream0_IRQHandler                  0x08001101   Thumb Code     6  stm32f7xx_it.o(i.DMA2_Stream0_IRQHandler)
    DebugMon_Handler                         0x08001189   Thumb Code     2  stm32f7xx_it.o(i.DebugMon_Handler)
    Error_Handler                            0x0800118b   Thumb Code     4  main.o(i.Error_Handler)
    HAL_ADCEx_InjectedConvCpltCallback       0x0800118f   Thumb Code     2  stm32f7xx_hal_adc_ex.o(i.HAL_ADCEx_InjectedConvCpltCallback)
    HAL_ADC_ConfigChannel                    0x08001191   Thumb Code   432  stm32f7xx_hal_adc.o(i.HAL_ADC_ConfigChannel)
    HAL_ADC_ConvCpltCallback                 0x08001351   Thumb Code     2  stm32f7xx_hal_adc.o(i.HAL_ADC_ConvCpltCallback)
    HAL_ADC_ErrorCallback                    0x08001353   Thumb Code     2  stm32f7xx_hal_adc.o(i.HAL_ADC_ErrorCallback)
    HAL_ADC_IRQHandler                       0x08001355   Thumb Code   302  stm32f7xx_hal_adc.o(i.HAL_ADC_IRQHandler)
    HAL_ADC_Init                             0x08001483   Thumb Code    84  stm32f7xx_hal_adc.o(i.HAL_ADC_Init)
    HAL_ADC_LevelOutOfWindowCallback         0x080014d7   Thumb Code     2  stm32f7xx_hal_adc.o(i.HAL_ADC_LevelOutOfWindowCallback)
    HAL_ADC_MspInit                          0x080014d9   Thumb Code   146  stm32f7xx_hal_msp.o(i.HAL_ADC_MspInit)
    HAL_DMA_Abort                            0x08001581   Thumb Code   146  stm32f7xx_hal_dma.o(i.HAL_DMA_Abort)
    HAL_DMA_Abort_IT                         0x08001613   Thumb Code    36  stm32f7xx_hal_dma.o(i.HAL_DMA_Abort_IT)
    HAL_DMA_IRQHandler                       0x08001639   Thumb Code   412  stm32f7xx_hal_dma.o(i.HAL_DMA_IRQHandler)
    HAL_DMA_Init                             0x080017d9   Thumb Code   222  stm32f7xx_hal_dma.o(i.HAL_DMA_Init)
    HAL_GPIO_Init                            0x080018bd   Thumb Code   530  stm32f7xx_hal_gpio.o(i.HAL_GPIO_Init)
    HAL_GPIO_ReadPin                         0x08001b05   Thumb Code    10  stm32f7xx_hal_gpio.o(i.HAL_GPIO_ReadPin)
    HAL_GPIO_WritePin                        0x08001b0f   Thumb Code    10  stm32f7xx_hal_gpio.o(i.HAL_GPIO_WritePin)
    HAL_GetTick                              0x08001b19   Thumb Code     6  stm32f7xx_hal.o(i.HAL_GetTick)
    HAL_IncTick                              0x08001b25   Thumb Code    12  stm32f7xx_hal.o(i.HAL_IncTick)
    HAL_Init                                 0x08001b35   Thumb Code    22  stm32f7xx_hal.o(i.HAL_Init)
    HAL_InitTick                             0x08001b4d   Thumb Code    54  stm32f7xx_hal.o(i.HAL_InitTick)
    HAL_MspInit                              0x08001b8d   Thumb Code    52  stm32f7xx_hal_msp.o(i.HAL_MspInit)
    HAL_NVIC_EnableIRQ                       0x08001bc5   Thumb Code    26  stm32f7xx_hal_cortex.o(i.HAL_NVIC_EnableIRQ)
    HAL_NVIC_SetPriority                     0x08001be1   Thumb Code    60  stm32f7xx_hal_cortex.o(i.HAL_NVIC_SetPriority)
    HAL_NVIC_SetPriorityGrouping             0x08001c21   Thumb Code    28  stm32f7xx_hal_cortex.o(i.HAL_NVIC_SetPriorityGrouping)
    HAL_PWREx_EnableOverDrive                0x08001c45   Thumb Code   100  stm32f7xx_hal_pwr_ex.o(i.HAL_PWREx_EnableOverDrive)
    HAL_RCCEx_PeriphCLKConfig                0x08001cb1   Thumb Code  1336  stm32f7xx_hal_rcc_ex.o(i.HAL_RCCEx_PeriphCLKConfig)
    HAL_RCC_ClockConfig                      0x080021ed   Thumb Code   284  stm32f7xx_hal_rcc.o(i.HAL_RCC_ClockConfig)
    HAL_RCC_GetPCLK1Freq                     0x0800231d   Thumb Code    20  stm32f7xx_hal_rcc.o(i.HAL_RCC_GetPCLK1Freq)
    HAL_RCC_GetPCLK2Freq                     0x0800233d   Thumb Code    20  stm32f7xx_hal_rcc.o(i.HAL_RCC_GetPCLK2Freq)
    HAL_RCC_GetSysClockFreq                  0x0800235d   Thumb Code    88  stm32f7xx_hal_rcc.o(i.HAL_RCC_GetSysClockFreq)
    HAL_RCC_OscConfig                        0x080023c1   Thumb Code   906  stm32f7xx_hal_rcc.o(i.HAL_RCC_OscConfig)
    HAL_SYSTICK_Config                       0x08002759   Thumb Code    38  stm32f7xx_hal_cortex.o(i.HAL_SYSTICK_Config)
    HAL_TIMEx_ConfigBreakDeadTime            0x08002781   Thumb Code   150  stm32f7xx_hal_tim_ex.o(i.HAL_TIMEx_ConfigBreakDeadTime)
    HAL_TIMEx_MasterConfigSynchronization    0x08002821   Thumb Code   134  stm32f7xx_hal_tim_ex.o(i.HAL_TIMEx_MasterConfigSynchronization)
    HAL_TIM_Base_Init                        0x080028c5   Thumb Code    98  stm32f7xx_hal_tim.o(i.HAL_TIM_Base_Init)
    HAL_TIM_Base_MspInit                     0x08002929   Thumb Code   140  stm32f7xx_hal_msp.o(i.HAL_TIM_Base_MspInit)
    HAL_TIM_ConfigClockSource                0x080029c5   Thumb Code   220  stm32f7xx_hal_tim.o(i.HAL_TIM_ConfigClockSource)
    HAL_TIM_IC_ConfigChannel                 0x08002aa5   Thumb Code   290  stm32f7xx_hal_tim.o(i.HAL_TIM_IC_ConfigChannel)
    HAL_TIM_IC_Init                          0x08002bc7   Thumb Code    98  stm32f7xx_hal_tim.o(i.HAL_TIM_IC_Init)
    HAL_TIM_IC_MspInit                       0x08002c29   Thumb Code     2  stm32f7xx_hal_tim.o(i.HAL_TIM_IC_MspInit)
    HAL_TIM_MspPostInit                      0x08002c2d   Thumb Code   116  stm32f7xx_hal_msp.o(i.HAL_TIM_MspPostInit)
    HAL_TIM_OC_ConfigChannel                 0x08002cb5   Thumb Code   110  stm32f7xx_hal_tim.o(i.HAL_TIM_OC_ConfigChannel)
    HAL_TIM_OC_Init                          0x08002d23   Thumb Code    98  stm32f7xx_hal_tim.o(i.HAL_TIM_OC_Init)
    HAL_TIM_OC_MspInit                       0x08002d85   Thumb Code     2  stm32f7xx_hal_tim.o(i.HAL_TIM_OC_MspInit)
    HAL_TIM_PWM_ConfigChannel                0x08002d87   Thumb Code   292  stm32f7xx_hal_tim.o(i.HAL_TIM_PWM_ConfigChannel)
    HAL_TIM_PWM_Init                         0x08002eab   Thumb Code    98  stm32f7xx_hal_tim.o(i.HAL_TIM_PWM_Init)
    HAL_TIM_PWM_MspInit                      0x08002f0d   Thumb Code     2  stm32f7xx_hal_tim.o(i.HAL_TIM_PWM_MspInit)
    HAL_TIM_SlaveConfigSynchro               0x08002f0f   Thumb Code    86  stm32f7xx_hal_tim.o(i.HAL_TIM_SlaveConfigSynchro)
    HAL_UARTEx_RxEventCallback               0x08002f65   Thumb Code     2  stm32f7xx_hal_uart.o(i.HAL_UARTEx_RxEventCallback)
    HAL_UARTEx_WakeupCallback                0x08002f67   Thumb Code     2  stm32f7xx_hal_uart.o(i.HAL_UARTEx_WakeupCallback)
    HAL_UART_ErrorCallback                   0x08002f69   Thumb Code     2  stm32f7xx_hal_uart.o(i.HAL_UART_ErrorCallback)
    HAL_UART_IRQHandler                      0x08002f6d   Thumb Code   652  stm32f7xx_hal_uart.o(i.HAL_UART_IRQHandler)
    HAL_UART_Init                            0x08003201   Thumb Code   102  stm32f7xx_hal_uart.o(i.HAL_UART_Init)
    HAL_UART_MspInit                         0x08003269   Thumb Code   454  stm32f7xx_hal_msp.o(i.HAL_UART_MspInit)
    HAL_UART_Transmit                        0x08003461   Thumb Code   184  stm32f7xx_hal_uart.o(i.HAL_UART_Transmit)
    HAL_UART_TxCpltCallback                  0x08003519   Thumb Code     2  stm32f7xx_hal_uart.o(i.HAL_UART_TxCpltCallback)
    HardFault_Handler                        0x0800351b   Thumb Code     2  stm32f7xx_it.o(i.HardFault_Handler)
    JW_MPU6050_Init                          0x0800351d   Thumb Code   116  jwmpu6050.o(i.JW_MPU6050_Init)
    MPU_Get_Accelerometer                    0x08003591   Thumb Code    50  jwmpu6050.o(i.MPU_Get_Accelerometer)
    MPU_Get_Temperature                      0x080035c5   Thumb Code    70  jwmpu6050.o(i.MPU_Get_Temperature)
    MPU_IIC_Delay                            0x08003621   Thumb Code    12  jwmpui2csoftware.o(i.MPU_IIC_Delay)
    MPU_IIC_Read_Byte                        0x0800362d   Thumb Code   146  jwmpui2csoftware.o(i.MPU_IIC_Read_Byte)
    MPU_IIC_Send_Byte                        0x080036c5   Thumb Code    82  jwmpui2csoftware.o(i.MPU_IIC_Send_Byte)
    MPU_IIC_Start                            0x0800371d   Thumb Code    60  jwmpui2csoftware.o(i.MPU_IIC_Start)
    MPU_IIC_Stop                             0x0800375d   Thumb Code    60  jwmpui2csoftware.o(i.MPU_IIC_Stop)
    MPU_IIC_Wait_Ack                         0x0800379d   Thumb Code    82  jwmpui2csoftware.o(i.MPU_IIC_Wait_Ack)
    MPU_Read_Byte                            0x080037f5   Thumb Code    58  jwmpui2csoftware.o(i.MPU_Read_Byte)
    MPU_Read_Len                             0x08003831   Thumb Code   108  jwmpui2csoftware.o(i.MPU_Read_Len)
    MPU_SDA_IN                               0x0800389d   Thumb Code    54  jwmpui2csoftware.o(i.MPU_SDA_IN)
    MPU_SDA_OUT                              0x080038dd   Thumb Code    54  jwmpui2csoftware.o(i.MPU_SDA_OUT)
    MPU_Set_Accel_Fsr                        0x0800391d   Thumb Code    10  jwmpu6050.o(i.MPU_Set_Accel_Fsr)
    MPU_Set_Gyro_Fsr                         0x08003927   Thumb Code    10  jwmpu6050.o(i.MPU_Set_Gyro_Fsr)
    MPU_Set_LPF                              0x08003931   Thumb Code    48  jwmpu6050.o(i.MPU_Set_LPF)
    MPU_Set_Rate                             0x08003961   Thumb Code    46  jwmpu6050.o(i.MPU_Set_Rate)
    MPU_Write_Byte                           0x0800398f   Thumb Code    60  jwmpui2csoftware.o(i.MPU_Write_Byte)
    MemManage_Handler                        0x08003e75   Thumb Code     2  stm32f7xx_it.o(i.MemManage_Handler)
    NMI_Handler                              0x08003e77   Thumb Code     2  stm32f7xx_it.o(i.NMI_Handler)
    StartDefaultTask                         0x08003e79   Thumb Code    40  main.o(i.StartDefaultTask)
    StartTask02                              0x08003ecd   Thumb Code    14  main.o(i.StartTask02)
    SysTick_Handler                          0x08003f05   Thumb Code    24  stm32f7xx_it.o(i.SysTick_Handler)
    SystemClock_Config                       0x08003f1d   Thumb Code   184  main.o(i.SystemClock_Config)
    SystemInit                               0x08003fdd   Thumb Code    12  system_stm32f7xx.o(i.SystemInit)
    TIM_Base_SetConfig                       0x08003fed   Thumb Code   158  stm32f7xx_hal_tim.o(i.TIM_Base_SetConfig)
    TIM_ETR_SetConfig                        0x080040b9   Thumb Code    18  stm32f7xx_hal_tim.o(i.TIM_ETR_SetConfig)
    TIM_OC2_SetConfig                        0x08004151   Thumb Code   108  stm32f7xx_hal_tim.o(i.TIM_OC2_SetConfig)
    TIM_TI1_SetConfig                        0x08004401   Thumb Code   100  stm32f7xx_hal_tim.o(i.TIM_TI1_SetConfig)
    UART_AdvFeatureConfig                    0x080044f3   Thumb Code   200  stm32f7xx_hal_uart.o(i.UART_AdvFeatureConfig)
    UART_CheckIdleState                      0x080045bb   Thumb Code    92  stm32f7xx_hal_uart.o(i.UART_CheckIdleState)
    UART_SetConfig                           0x08004675   Thumb Code   516  stm32f7xx_hal_uart.o(i.UART_SetConfig)
    UART_WaitOnFlagUntilTimeout              0x080048a5   Thumb Code   202  stm32f7xx_hal_uart.o(i.UART_WaitOnFlagUntilTimeout)
    USART2_IRQHandler                        0x08004971   Thumb Code     6  stm32f7xx_it.o(i.USART2_IRQHandler)
    UsageFault_Handler                       0x0800497d   Thumb Code     2  stm32f7xx_it.o(i.UsageFault_Handler)
    fputc                                    0x080049a1   Thumb Code    20  jwserial.o(i.fputc)
    jw_communication_Init                    0x080049bd   Thumb Code    12  jwserial.o(i.jw_communication_Init)
    main                                     0x080049cd   Thumb Code   218  main.o(i.main)
    osDelay                                  0x08004ac1   Thumb Code    48  cmsis_os2.o(i.osDelay)
    osEventFlagsNew                          0x08004af5   Thumb Code    64  cmsis_os2.o(i.osEventFlagsNew)
    osKernelInitialize                       0x08004b39   Thumb Code    50  cmsis_os2.o(i.osKernelInitialize)
    osKernelStart                            0x08004b71   Thumb Code    58  cmsis_os2.o(i.osKernelStart)
    osMessageQueueNew                        0x08004bb1   Thumb Code   110  cmsis_os2.o(i.osMessageQueueNew)
    osMutexNew                               0x08004c25   Thumb Code   124  cmsis_os2.o(i.osMutexNew)
    osSemaphoreNew                           0x08004ca5   Thumb Code   172  cmsis_os2.o(i.osSemaphoreNew)
    osThreadNew                              0x08004d55   Thumb Code   164  cmsis_os2.o(i.osThreadNew)
    osTimerNew                               0x08004dfd   Thumb Code   128  cmsis_os2.o(i.osTimerNew)
    pvPortMalloc                             0x080056b9   Thumb Code   222  heap_4.o(i.pvPortMalloc)
    pvTimerGetTimerID                        0x0800579d   Thumb Code    40  timers.o(i.pvTimerGetTimerID)
    pxPortInitialiseStack                    0x080057c5   Thumb Code    42  port.o(i.pxPortInitialiseStack)
    uxListRemove                             0x080057f5   Thumb Code    38  list.o(i.uxListRemove)
    vApplicationGetIdleTaskMemory            0x0800581d   Thumb Code    18  cmsis_os2.o(i.vApplicationGetIdleTaskMemory)
    vApplicationGetTimerTaskMemory           0x08005835   Thumb Code    20  cmsis_os2.o(i.vApplicationGetTimerTaskMemory)
    vApplicationIdleHook                     0x0800584d   Thumb Code     2  freertos.o(i.vApplicationIdleHook)
    vApplicationTickHook                     0x0800584f   Thumb Code     2  freertos.o(i.vApplicationTickHook)
    vListInitialise                          0x08005851   Thumb Code    22  list.o(i.vListInitialise)
    vListInitialiseItem                      0x08005867   Thumb Code     6  list.o(i.vListInitialiseItem)
    vListInsert                              0x0800586d   Thumb Code    48  list.o(i.vListInsert)
    vListInsertEnd                           0x0800589d   Thumb Code    24  list.o(i.vListInsertEnd)
    vPortEnterCritical                       0x080058b5   Thumb Code    62  port.o(i.vPortEnterCritical)
    vPortExitCritical                        0x080058fd   Thumb Code    38  port.o(i.vPortExitCritical)
    vPortFree                                0x08005929   Thumb Code    96  heap_4.o(i.vPortFree)
    vPortSetupTimerInterrupt                 0x0800598d   Thumb Code    32  port.o(i.vPortSetupTimerInterrupt)
    vPortValidateInterruptPriority           0x080059b1   Thumb Code    82  port.o(i.vPortValidateInterruptPriority)
    vQueueAddToRegistry                      0x08005a0d   Thumb Code    34  queue.o(i.vQueueAddToRegistry)
    vQueueDelete                             0x08005a35   Thumb Code    50  queue.o(i.vQueueDelete)
    vQueueUnregisterQueue                    0x08005a69   Thumb Code    36  queue.o(i.vQueueUnregisterQueue)
    vQueueWaitForMessageRestricted           0x08005a91   Thumb Code    68  queue.o(i.vQueueWaitForMessageRestricted)
    vTaskDelay                               0x08005ad5   Thumb Code    70  tasks.o(i.vTaskDelay)
    vTaskInternalSetTimeOutState             0x08005b25   Thumb Code    12  tasks.o(i.vTaskInternalSetTimeOutState)
    vTaskMissedYield                         0x08005b35   Thumb Code     8  tasks.o(i.vTaskMissedYield)
    vTaskPlaceOnEventList                    0x08005b41   Thumb Code    48  tasks.o(i.vTaskPlaceOnEventList)
    vTaskPlaceOnEventListRestricted          0x08005b75   Thumb Code    56  tasks.o(i.vTaskPlaceOnEventListRestricted)
    vTaskStartScheduler                      0x08005bb1   Thumb Code   126  tasks.o(i.vTaskStartScheduler)
    vTaskSuspendAll                          0x08005c41   Thumb Code    10  tasks.o(i.vTaskSuspendAll)
    vTaskSwitchContext                       0x08005c51   Thumb Code    94  tasks.o(i.vTaskSwitchContext)
    xEventGroupCreate                        0x08005cb9   Thumb Code    28  event_groups.o(i.xEventGroupCreate)
    xEventGroupCreateStatic                  0x08005cd5   Thumb Code    46  event_groups.o(i.xEventGroupCreateStatic)
    xPortStartScheduler                      0x08005d05   Thumb Code   176  port.o(i.xPortStartScheduler)
    xPortSysTickHandler                      0x08005dc5   Thumb Code    42  port.o(i.xPortSysTickHandler)
    xQueueCreateCountingSemaphore            0x08005df5   Thumb Code    66  queue.o(i.xQueueCreateCountingSemaphore)
    xQueueCreateCountingSemaphoreStatic      0x08005e37   Thumb Code    72  queue.o(i.xQueueCreateCountingSemaphoreStatic)
    xQueueCreateMutex                        0x08005e7f   Thumb Code    22  queue.o(i.xQueueCreateMutex)
    xQueueCreateMutexStatic                  0x08005e95   Thumb Code    26  queue.o(i.xQueueCreateMutexStatic)
    xQueueGenericCreate                      0x08005eaf   Thumb Code    76  queue.o(i.xQueueGenericCreate)
    xQueueGenericCreateStatic                0x08005efb   Thumb Code   118  queue.o(i.xQueueGenericCreateStatic)
    xQueueGenericReset                       0x08005f71   Thumb Code   148  queue.o(i.xQueueGenericReset)
    xQueueGenericSend                        0x08006009   Thumb Code   362  queue.o(i.xQueueGenericSend)
    xQueueGenericSendFromISR                 0x08006179   Thumb Code   204  queue.o(i.xQueueGenericSendFromISR)
    xQueueReceive                            0x08006245   Thumb Code   322  queue.o(i.xQueueReceive)
    xTaskCheckForTimeOut                     0x0800638d   Thumb Code   144  tasks.o(i.xTaskCheckForTimeOut)
    xTaskCreate                              0x08006421   Thumb Code    90  tasks.o(i.xTaskCreate)
    xTaskCreateStatic                        0x0800647b   Thumb Code    94  tasks.o(i.xTaskCreateStatic)
    xTaskGetSchedulerState                   0x080064d9   Thumb Code    22  tasks.o(i.xTaskGetSchedulerState)
    xTaskGetTickCount                        0x080064f5   Thumb Code     6  tasks.o(i.xTaskGetTickCount)
    xTaskIncrementTick                       0x08006501   Thumb Code   204  tasks.o(i.xTaskIncrementTick)
    xTaskPriorityDisinherit                  0x080065d5   Thumb Code   132  tasks.o(i.xTaskPriorityDisinherit)
    xTaskRemoveFromEventList                 0x08006661   Thumb Code   104  tasks.o(i.xTaskRemoveFromEventList)
    xTaskResumeAll                           0x080066d5   Thumb Code   188  tasks.o(i.xTaskResumeAll)
    xTimerCreate                             0x0800679d   Thumb Code    52  timers.o(i.xTimerCreate)
    xTimerCreateStatic                       0x080067d1   Thumb Code    50  timers.o(i.xTimerCreateStatic)
    xTimerCreateTimerTask                    0x08006805   Thumb Code    82  timers.o(i.xTimerCreateTimerTask)
    xTimerGenericCommand                     0x08006869   Thumb Code   102  timers.o(i.xTimerGenericCommand)
    _fp_init                                 0x080068d5   Thumb Code    10  fpinit.o(x$fpl$fpinit)
    __fplib_config_fpu_vfp                   0x080068dd   Thumb Code     0  fpinit.o(x$fpl$fpinit)
    __fplib_config_pureend_doubles           0x080068dd   Thumb Code     0  fpinit.o(x$fpl$fpinit)
    defaultTask_attributes                   0x080068e0   Data          36  main.o(.constdata)
    myTask02_attributes                      0x08006904   Data          36  main.o(.constdata)
    userMessageQueue_attributes              0x08006928   Data          24  main.o(.constdata)
    myQueue02_attributes                     0x08006940   Data          24  main.o(.constdata)
    myTimer01_attributes                     0x08006958   Data          16  main.o(.constdata)
    myTimer02_attributes                     0x08006968   Data          16  main.o(.constdata)
    myMutex01_attributes                     0x08006978   Data          16  main.o(.constdata)
    myRecursiveMutex01_attributes            0x08006988   Data          16  main.o(.constdata)
    myBinarySem01_attributes                 0x08006998   Data          16  main.o(.constdata)
    myBinarySem02_attributes                 0x080069a8   Data          16  main.o(.constdata)
    myCountingSem01_attributes               0x080069b8   Data          16  main.o(.constdata)
    myEvent01_attributes                     0x080069c8   Data          16  main.o(.constdata)
    AHBPrescTable                            0x080069e0   Data          16  system_stm32f7xx.o(.constdata)
    APBPrescTable                            0x080069f0   Data           8  system_stm32f7xx.o(.constdata)
    __stdin_name                             0x080069f8   Data           4  sys_io.o(.constdata)
    __stdout_name                            0x080069fc   Data           4  sys_io.o(.constdata)
    __stderr_name                            0x08006a00   Data           4  sys_io.o(.constdata)
    Region$$Table$$Base                      0x08006abc   Number         0  anon$$obj.o(Region$$Table)
    Region$$Table$$Limit                     0x08006adc   Number         0  anon$$obj.o(Region$$Table)
    xCommunication_Typedef                   0x20000000   Data          24  jwserial.o(.data)
    tempadc                                  0x20000018   Data           2  main.o(.data)
    defaultTaskHandle                        0x2000001c   Data           4  main.o(.data)
    myTask02Handle                           0x20000020   Data           4  main.o(.data)
    userMessageQueueHandle                   0x20000024   Data           4  main.o(.data)
    myQueue02Handle                          0x20000028   Data           4  main.o(.data)
    myTimer01Handle                          0x2000002c   Data           4  main.o(.data)
    myTimer02Handle                          0x20000030   Data           4  main.o(.data)
    myMutex01Handle                          0x20000034   Data           4  main.o(.data)
    myRecursiveMutex01Handle                 0x20000038   Data           4  main.o(.data)
    myBinarySem01Handle                      0x2000003c   Data           4  main.o(.data)
    myBinarySem02Handle                      0x20000040   Data           4  main.o(.data)
    myCountingSem01Handle                    0x20000044   Data           4  main.o(.data)
    myEvent01Handle                          0x20000048   Data           4  main.o(.data)
    ax                                       0x2000004c   Data           6  main.o(.data)
    uwTickFreq                               0x20000054   Data           1  stm32f7xx_hal.o(.data)
    uwTickPrio                               0x20000058   Data           4  stm32f7xx_hal.o(.data)
    uwTick                                   0x2000005c   Data           4  stm32f7xx_hal.o(.data)
    SystemCoreClock                          0x20000060   Data           4  system_stm32f7xx.o(.data)
    pxCurrentTCB                             0x20000064   Data           4  tasks.o(.data)
    __aeabi_stdin                            0x200000dc   Data           4  stdio_streams.o(.data)
    __aeabi_stdout                           0x200000e0   Data           4  stdio_streams.o(.data)
    __aeabi_stderr                           0x200000e4   Data           4  stdio_streams.o(.data)
    hadc1                                    0x200000e8   Data          72  main.o(.bss)
    htim1                                    0x20000130   Data          76  main.o(.bss)
    htim2                                    0x2000017c   Data          76  main.o(.bss)
    htim8                                    0x200001c8   Data          76  main.o(.bss)
    huart4                                   0x20000214   Data         132  main.o(.bss)
    huart1                                   0x20000298   Data         132  main.o(.bss)
    huart2                                   0x2000031c   Data         132  main.o(.bss)
    hdma_adc1                                0x200003a0   Data          96  main.o(.bss)
    hdma_uart4_rx                            0x20000400   Data          96  main.o(.bss)
    hdma_uart4_tx                            0x20000460   Data          96  main.o(.bss)
    hdma_usart2_rx                           0x200004c0   Data          96  main.o(.bss)
    hdma_usart2_tx                           0x20000520   Data          96  main.o(.bss)
    xQueueRegistry                           0x20000580   Data          64  queue.o(.bss)
    __stdin                                  0x20004ef4   Data          84  stdio_streams.o(.bss)
    __stdout                                 0x20004f48   Data          84  stdio_streams.o(.bss)
    __stderr                                 0x20004f9c   Data          84  stdio_streams.o(.bss)
    __libspace_start                         0x20004ff0   Data          96  libspace.o(.bss)
    __temporary_stack_top$libspace           0x20005050   Data           0  libspace.o(.bss)



==============================================================================

Memory Map of the image

  Image Entry point : 0x080001f9

  Load Region LR_IROM1 (Base: 0x08000000, Size: 0x00006bc4, Max: 0x00200000, ABSOLUTE)

    Execution Region ER_IROM1 (Exec base: 0x08000000, Load base: 0x08000000, Size: 0x00006adc, Max: 0x00200000, ABSOLUTE)

    Exec Addr    Load Addr    Size         Type   Attr      Idx    E Section Name        Object

    0x08000000   0x08000000   0x000001f8   Data   RO            3    RESET               startup_stm32f767xx.o
    0x080001f8   0x080001f8   0x00000008   Code   RO         5955  * !!!main             c_w.l(__main.o)
    0x08000200   0x08000200   0x00000034   Code   RO         6292    !!!scatter          c_w.l(__scatter.o)
    0x08000234   0x08000234   0x0000001a   Code   RO         6294    !!handler_copy      c_w.l(__scatter_copy.o)
    0x0800024e   0x0800024e   0x00000002   PAD
    0x08000250   0x08000250   0x0000001c   Code   RO         6296    !!handler_zi        c_w.l(__scatter_zi.o)
    0x0800026c   0x0800026c   0x00000000   Code   RO         5940    .ARM.Collect$$_printf_percent$$00000000  c_w.l(_printf_percent.o)
    0x0800026c   0x0800026c   0x00000004   Code   RO         5972    .ARM.Collect$$_printf_percent$$00000017  c_w.l(_printf_percent_end.o)
    0x08000270   0x08000270   0x00000002   Code   RO         6101    .ARM.Collect$$libinit$$00000000  c_w.l(libinit.o)
    0x08000272   0x08000272   0x00000004   Code   RO         6102    .ARM.Collect$$libinit$$00000001  c_w.l(libinit2.o)
    0x08000276   0x08000276   0x00000000   Code   RO         6105    .ARM.Collect$$libinit$$00000004  c_w.l(libinit2.o)
    0x08000276   0x08000276   0x00000008   Code   RO         6106    .ARM.Collect$$libinit$$00000005  c_w.l(libinit2.o)
    0x0800027e   0x0800027e   0x00000000   Code   RO         6108    .ARM.Collect$$libinit$$0000000A  c_w.l(libinit2.o)
    0x0800027e   0x0800027e   0x00000000   Code   RO         6110    .ARM.Collect$$libinit$$0000000C  c_w.l(libinit2.o)
    0x0800027e   0x0800027e   0x00000000   Code   RO         6112    .ARM.Collect$$libinit$$0000000E  c_w.l(libinit2.o)
    0x0800027e   0x0800027e   0x00000000   Code   RO         6115    .ARM.Collect$$libinit$$00000011  c_w.l(libinit2.o)
    0x0800027e   0x0800027e   0x00000000   Code   RO         6117    .ARM.Collect$$libinit$$00000013  c_w.l(libinit2.o)
    0x0800027e   0x0800027e   0x00000000   Code   RO         6119    .ARM.Collect$$libinit$$00000015  c_w.l(libinit2.o)
    0x0800027e   0x0800027e   0x00000000   Code   RO         6121    .ARM.Collect$$libinit$$00000017  c_w.l(libinit2.o)
    0x0800027e   0x0800027e   0x00000000   Code   RO         6123    .ARM.Collect$$libinit$$00000019  c_w.l(libinit2.o)
    0x0800027e   0x0800027e   0x00000000   Code   RO         6125    .ARM.Collect$$libinit$$0000001B  c_w.l(libinit2.o)
    0x0800027e   0x0800027e   0x00000000   Code   RO         6127    .ARM.Collect$$libinit$$0000001D  c_w.l(libinit2.o)
    0x0800027e   0x0800027e   0x00000000   Code   RO         6129    .ARM.Collect$$libinit$$0000001F  c_w.l(libinit2.o)
    0x0800027e   0x0800027e   0x00000000   Code   RO         6131    .ARM.Collect$$libinit$$00000021  c_w.l(libinit2.o)
    0x0800027e   0x0800027e   0x00000000   Code   RO         6133    .ARM.Collect$$libinit$$00000023  c_w.l(libinit2.o)
    0x0800027e   0x0800027e   0x00000004   Code   RO         6134    .ARM.Collect$$libinit$$00000024  c_w.l(libinit2.o)
    0x08000282   0x08000282   0x00000000   Code   RO         6135    .ARM.Collect$$libinit$$00000025  c_w.l(libinit2.o)
    0x08000282   0x08000282   0x00000000   Code   RO         6139    .ARM.Collect$$libinit$$0000002C  c_w.l(libinit2.o)
    0x08000282   0x08000282   0x00000000   Code   RO         6141    .ARM.Collect$$libinit$$0000002E  c_w.l(libinit2.o)
    0x08000282   0x08000282   0x00000000   Code   RO         6143    .ARM.Collect$$libinit$$00000030  c_w.l(libinit2.o)
    0x08000282   0x08000282   0x00000000   Code   RO         6145    .ARM.Collect$$libinit$$00000032  c_w.l(libinit2.o)
    0x08000282   0x08000282   0x00000002   Code   RO         6146    .ARM.Collect$$libinit$$00000033  c_w.l(libinit2.o)
    0x08000284   0x08000284   0x00000002   Code   RO         6273    .ARM.Collect$$libshutdown$$00000000  c_w.l(libshutdown.o)
    0x08000286   0x08000286   0x00000000   Code   RO         6148    .ARM.Collect$$libshutdown$$00000002  c_w.l(libshutdown2.o)
    0x08000286   0x08000286   0x00000000   Code   RO         6150    .ARM.Collect$$libshutdown$$00000004  c_w.l(libshutdown2.o)
    0x08000286   0x08000286   0x00000004   Code   RO         6151    .ARM.Collect$$libshutdown$$00000005  c_w.l(libshutdown2.o)
    0x0800028a   0x0800028a   0x00000000   Code   RO         6152    .ARM.Collect$$libshutdown$$00000006  c_w.l(libshutdown2.o)
    0x0800028a   0x0800028a   0x00000000   Code   RO         6155    .ARM.Collect$$libshutdown$$00000009  c_w.l(libshutdown2.o)
    0x0800028a   0x0800028a   0x00000000   Code   RO         6158    .ARM.Collect$$libshutdown$$0000000C  c_w.l(libshutdown2.o)
    0x0800028a   0x0800028a   0x00000000   Code   RO         6160    .ARM.Collect$$libshutdown$$0000000E  c_w.l(libshutdown2.o)
    0x0800028a   0x0800028a   0x00000000   Code   RO         6163    .ARM.Collect$$libshutdown$$00000011  c_w.l(libshutdown2.o)
    0x0800028a   0x0800028a   0x00000002   Code   RO         6164    .ARM.Collect$$libshutdown$$00000012  c_w.l(libshutdown2.o)
    0x0800028c   0x0800028c   0x00000000   Code   RO         5957    .ARM.Collect$$rtentry$$00000000  c_w.l(__rtentry.o)
    0x0800028c   0x0800028c   0x00000000   Code   RO         5984    .ARM.Collect$$rtentry$$00000002  c_w.l(__rtentry2.o)
    0x0800028c   0x0800028c   0x00000006   Code   RO         5996    .ARM.Collect$$rtentry$$00000004  c_w.l(__rtentry4.o)
    0x08000292   0x08000292   0x00000000   Code   RO         5986    .ARM.Collect$$rtentry$$00000009  c_w.l(__rtentry2.o)
    0x08000292   0x08000292   0x00000004   Code   RO         5987    .ARM.Collect$$rtentry$$0000000A  c_w.l(__rtentry2.o)
    0x08000296   0x08000296   0x00000000   Code   RO         5989    .ARM.Collect$$rtentry$$0000000C  c_w.l(__rtentry2.o)
    0x08000296   0x08000296   0x00000008   Code   RO         5990    .ARM.Collect$$rtentry$$0000000D  c_w.l(__rtentry2.o)
    0x0800029e   0x0800029e   0x00000002   Code   RO         6171    .ARM.Collect$$rtexit$$00000000  c_w.l(rtexit.o)
    0x080002a0   0x080002a0   0x00000000   Code   RO         6219    .ARM.Collect$$rtexit$$00000002  c_w.l(rtexit2.o)
    0x080002a0   0x080002a0   0x00000004   Code   RO         6220    .ARM.Collect$$rtexit$$00000003  c_w.l(rtexit2.o)
    0x080002a4   0x080002a4   0x00000006   Code   RO         6221    .ARM.Collect$$rtexit$$00000004  c_w.l(rtexit2.o)
    0x080002aa   0x080002aa   0x00000002   PAD
    0x080002ac   0x080002ac   0x000000c2   Code   RO         5823    .emb_text           port.o
    0x0800036e   0x0800036e   0x00000002   PAD
    0x08000370   0x08000370   0x00000000   Code   RO         6225    .emb_text           c_w.l(maybetermalloc1.o)
    0x08000370   0x08000370   0x00000040   Code   RO            4    .text               startup_stm32f767xx.o
    0x080003b0   0x080003b0   0x000000ee   Code   RO         5902    .text               c_w.l(lludivv7m.o)
    0x0800049e   0x0800049e   0x00000002   PAD
    0x080004a0   0x080004a0   0x00000018   Code   RO         5908    .text               c_w.l(noretval__2printf.o)
    0x080004b8   0x080004b8   0x00000068   Code   RO         5912    .text               c_w.l(__printf.o)
    0x08000520   0x08000520   0x0000003e   Code   RO         5943    .text               c_w.l(strlen.o)
    0x0800055e   0x0800055e   0x0000008a   Code   RO         5945    .text               c_w.l(rt_memcpy_v6.o)
    0x080005e8   0x080005e8   0x00000010   Code   RO         5949    .text               c_w.l(aeabi_memset.o)
    0x080005f8   0x080005f8   0x0000004e   Code   RO         5951    .text               c_w.l(rt_memclr_w.o)
    0x08000646   0x08000646   0x00000006   Code   RO         5953    .text               c_w.l(heapauxi.o)
    0x0800064c   0x0800064c   0x00000030   Code   RO         5964    .text               c_w.l(_printf_char_common.o)
    0x0800067c   0x0800067c   0x00000024   Code   RO         5970    .text               c_w.l(_printf_char_file.o)
    0x080006a0   0x080006a0   0x00000064   Code   RO         5979    .text               c_w.l(rt_memcpy_w.o)
    0x08000704   0x08000704   0x00000044   Code   RO         5981    .text               c_w.l(rt_memclr.o)
    0x08000748   0x08000748   0x00000008   Code   RO         6002    .text               c_w.l(ferror.o)
    0x08000750   0x08000750   0x00000138   Code   RO         6004    .text               c_w.l(initio.o)
    0x08000888   0x08000888   0x00000066   Code   RO         6010    .text               c_w.l(sys_io.o)
    0x080008ee   0x080008ee   0x0000004a   Code   RO         6017    .text               c_w.l(sys_stackheap_outer.o)
    0x08000938   0x08000938   0x0000004e   Code   RO         6021    .text               c_w.l(h1_free.o)
    0x08000986   0x08000986   0x00000046   Code   RO         6075    .text               c_w.l(setvbuf.o)
    0x080009cc   0x080009cc   0x000000ec   Code   RO         6078    .text               c_w.l(fopen.o)
    0x08000ab8   0x08000ab8   0x0000004c   Code   RO         6080    .text               c_w.l(fclose.o)
    0x08000b04   0x08000b04   0x00000012   Code   RO         6086    .text               c_w.l(exit.o)
    0x08000b16   0x08000b16   0x0000000e   Code   RO         6092    .text               c_w.l(defsig_rtred_outer.o)
    0x08000b24   0x08000b24   0x00000008   Code   RO         6165    .text               c_w.l(libspace.o)
    0x08000b2c   0x08000b2c   0x00000002   Code   RO         6168    .text               c_w.l(use_no_semi.o)
    0x08000b2e   0x08000b2e   0x00000000   Code   RO         6170    .text               c_w.l(indicate_semi.o)
    0x08000b2e   0x08000b2e   0x00000002   PAD
    0x08000b30   0x08000b30   0x00000008   Code   RO         6178    .text               c_w.l(rt_heap_descriptor_intlibspace.o)
    0x08000b38   0x08000b38   0x00000004   Code   RO         6180    .text               c_w.l(hguard.o)
    0x08000b3c   0x08000b3c   0x0000008a   Code   RO         6182    .text               c_w.l(init_alloc.o)
    0x08000bc6   0x08000bc6   0x0000005e   Code   RO         6188    .text               c_w.l(h1_alloc.o)
    0x08000c24   0x08000c24   0x000000f8   Code   RO         6202    .text               c_w.l(fseek.o)
    0x08000d1c   0x08000d1c   0x000000f0   Code   RO         6204    .text               c_w.l(stdio.o)
    0x08000e0c   0x08000e0c   0x0000000a   Code   RO         6206    .text               c_w.l(defsig_exit.o)
    0x08000e16   0x08000e16   0x00000002   PAD
    0x08000e18   0x08000e18   0x00000034   Code   RO         6210    .text               c_w.l(defsig_rtred_inner.o)
    0x08000e4c   0x08000e4c   0x0000000c   Code   RO         6216    .text               c_w.l(sys_exit.o)
    0x08000e58   0x08000e58   0x0000000e   Code   RO         6227    .text               c_w.l(h1_init.o)
    0x08000e66   0x08000e66   0x00000034   Code   RO         6229    .text               c_w.l(h1_extend.o)
    0x08000e9a   0x08000e9a   0x00000042   Code   RO         6235    .text               c_w.l(ftell.o)
    0x08000edc   0x08000edc   0x00000032   Code   RO         6239    .text               c_w.l(defsig_general.o)
    0x08000f0e   0x08000f0e   0x0000000e   Code   RO         6241    .text               c_w.l(defsig_rtmem_outer.o)
    0x08000f1c   0x08000f1c   0x0000000e   Code   RO         6254    .text               c_w.l(sys_wrch.o)
    0x08000f2a   0x08000f2a   0x00000002   PAD
    0x08000f2c   0x08000f2c   0x00000008   Code   RO         6261    .text               c_w.l(rt_errno_addr_intlibspace.o)
    0x08000f34   0x08000f34   0x00000050   Code   RO         6267    .text               c_w.l(defsig_rtmem_inner.o)
    0x08000f84   0x08000f84   0x0000000c   Code   RO          459    i.ADC_IRQHandler    stm32f7xx_it.o
    0x08000f90   0x08000f90   0x00000138   Code   RO          728    i.ADC_Init          stm32f7xx_hal_adc.o
    0x080010c8   0x080010c8   0x00000002   Code   RO          460    i.BusFault_Handler  stm32f7xx_it.o
    0x080010ca   0x080010ca   0x00000002   Code   RO          301    i.Callback01        main.o
    0x080010cc   0x080010cc   0x00000002   Code   RO          302    i.Callback02        main.o
    0x080010ce   0x080010ce   0x00000002   PAD
    0x080010d0   0x080010d0   0x0000000c   Code   RO          461    i.DMA1_Stream2_IRQHandler  stm32f7xx_it.o
    0x080010dc   0x080010dc   0x0000000c   Code   RO          462    i.DMA1_Stream4_IRQHandler  stm32f7xx_it.o
    0x080010e8   0x080010e8   0x0000000c   Code   RO          463    i.DMA1_Stream5_IRQHandler  stm32f7xx_it.o
    0x080010f4   0x080010f4   0x0000000c   Code   RO          464    i.DMA1_Stream6_IRQHandler  stm32f7xx_it.o
    0x08001100   0x08001100   0x0000000c   Code   RO          465    i.DMA2_Stream0_IRQHandler  stm32f7xx_it.o
    0x0800110c   0x0800110c   0x00000028   Code   RO         1410    i.DMA_CalcBaseAndBitshift  stm32f7xx_hal_dma.o
    0x08001134   0x08001134   0x00000054   Code   RO         1411    i.DMA_CheckFifoParam  stm32f7xx_hal_dma.o
    0x08001188   0x08001188   0x00000002   Code   RO          466    i.DebugMon_Handler  stm32f7xx_it.o
    0x0800118a   0x0800118a   0x00000004   Code   RO          303    i.Error_Handler     main.o
    0x0800118e   0x0800118e   0x00000002   Code   RO          899    i.HAL_ADCEx_InjectedConvCpltCallback  stm32f7xx_hal_adc_ex.o
    0x08001190   0x08001190   0x000001c0   Code   RO          730    i.HAL_ADC_ConfigChannel  stm32f7xx_hal_adc.o
    0x08001350   0x08001350   0x00000002   Code   RO          731    i.HAL_ADC_ConvCpltCallback  stm32f7xx_hal_adc.o
    0x08001352   0x08001352   0x00000002   Code   RO          734    i.HAL_ADC_ErrorCallback  stm32f7xx_hal_adc.o
    0x08001354   0x08001354   0x0000012e   Code   RO          738    i.HAL_ADC_IRQHandler  stm32f7xx_hal_adc.o
    0x08001482   0x08001482   0x00000054   Code   RO          739    i.HAL_ADC_Init      stm32f7xx_hal_adc.o
    0x080014d6   0x080014d6   0x00000002   Code   RO          740    i.HAL_ADC_LevelOutOfWindowCallback  stm32f7xx_hal_adc.o
    0x080014d8   0x080014d8   0x000000a8   Code   RO          566    i.HAL_ADC_MspInit   stm32f7xx_hal_msp.o
    0x08001580   0x08001580   0x00000092   Code   RO         1413    i.HAL_DMA_Abort     stm32f7xx_hal_dma.o
    0x08001612   0x08001612   0x00000024   Code   RO         1414    i.HAL_DMA_Abort_IT  stm32f7xx_hal_dma.o
    0x08001636   0x08001636   0x00000002   PAD
    0x08001638   0x08001638   0x000001a0   Code   RO         1418    i.HAL_DMA_IRQHandler  stm32f7xx_hal_dma.o
    0x080017d8   0x080017d8   0x000000e4   Code   RO         1419    i.HAL_DMA_Init      stm32f7xx_hal_dma.o
    0x080018bc   0x080018bc   0x00000248   Code   RO         1347    i.HAL_GPIO_Init     stm32f7xx_hal_gpio.o
    0x08001b04   0x08001b04   0x0000000a   Code   RO         1349    i.HAL_GPIO_ReadPin  stm32f7xx_hal_gpio.o
    0x08001b0e   0x08001b0e   0x0000000a   Code   RO         1351    i.HAL_GPIO_WritePin  stm32f7xx_hal_gpio.o
    0x08001b18   0x08001b18   0x0000000c   Code   RO         1925    i.HAL_GetTick       stm32f7xx_hal.o
    0x08001b24   0x08001b24   0x00000010   Code   RO         1931    i.HAL_IncTick       stm32f7xx_hal.o
    0x08001b34   0x08001b34   0x00000016   Code   RO         1932    i.HAL_Init          stm32f7xx_hal.o
    0x08001b4a   0x08001b4a   0x00000002   PAD
    0x08001b4c   0x08001b4c   0x00000040   Code   RO         1933    i.HAL_InitTick      stm32f7xx_hal.o
    0x08001b8c   0x08001b8c   0x00000038   Code   RO          567    i.HAL_MspInit       stm32f7xx_hal_msp.o
    0x08001bc4   0x08001bc4   0x0000001a   Code   RO         1778    i.HAL_NVIC_EnableIRQ  stm32f7xx_hal_cortex.o
    0x08001bde   0x08001bde   0x00000002   PAD
    0x08001be0   0x08001be0   0x00000040   Code   RO         1784    i.HAL_NVIC_SetPriority  stm32f7xx_hal_cortex.o
    0x08001c20   0x08001c20   0x00000024   Code   RO         1785    i.HAL_NVIC_SetPriorityGrouping  stm32f7xx_hal_cortex.o
    0x08001c44   0x08001c44   0x0000006c   Code   RO         1687    i.HAL_PWREx_EnableOverDrive  stm32f7xx_hal_pwr_ex.o
    0x08001cb0   0x08001cb0   0x0000053c   Code   RO         1108    i.HAL_RCCEx_PeriphCLKConfig  stm32f7xx_hal_rcc_ex.o
    0x080021ec   0x080021ec   0x00000130   Code   RO         1001    i.HAL_RCC_ClockConfig  stm32f7xx_hal_rcc.o
    0x0800231c   0x0800231c   0x00000020   Code   RO         1008    i.HAL_RCC_GetPCLK1Freq  stm32f7xx_hal_rcc.o
    0x0800233c   0x0800233c   0x00000020   Code   RO         1009    i.HAL_RCC_GetPCLK2Freq  stm32f7xx_hal_rcc.o
    0x0800235c   0x0800235c   0x00000064   Code   RO         1010    i.HAL_RCC_GetSysClockFreq  stm32f7xx_hal_rcc.o
    0x080023c0   0x080023c0   0x00000398   Code   RO         1013    i.HAL_RCC_OscConfig  stm32f7xx_hal_rcc.o
    0x08002758   0x08002758   0x00000026   Code   RO         1789    i.HAL_SYSTICK_Config  stm32f7xx_hal_cortex.o
    0x0800277e   0x0800277e   0x00000002   PAD
    0x08002780   0x08002780   0x000000a0   Code   RO         3414    i.HAL_TIMEx_ConfigBreakDeadTime  stm32f7xx_hal_tim_ex.o
    0x08002820   0x08002820   0x000000a4   Code   RO         3432    i.HAL_TIMEx_MasterConfigSynchronization  stm32f7xx_hal_tim_ex.o
    0x080028c4   0x080028c4   0x00000062   Code   RO         2696    i.HAL_TIM_Base_Init  stm32f7xx_hal_tim.o
    0x08002926   0x08002926   0x00000002   PAD
    0x08002928   0x08002928   0x0000009c   Code   RO          569    i.HAL_TIM_Base_MspInit  stm32f7xx_hal_msp.o
    0x080029c4   0x080029c4   0x000000e0   Code   RO         2705    i.HAL_TIM_ConfigClockSource  stm32f7xx_hal_tim.o
    0x08002aa4   0x08002aa4   0x00000122   Code   RO         2732    i.HAL_TIM_IC_ConfigChannel  stm32f7xx_hal_tim.o
    0x08002bc6   0x08002bc6   0x00000062   Code   RO         2735    i.HAL_TIM_IC_Init   stm32f7xx_hal_tim.o
    0x08002c28   0x08002c28   0x00000002   Code   RO         2737    i.HAL_TIM_IC_MspInit  stm32f7xx_hal_tim.o
    0x08002c2a   0x08002c2a   0x00000002   PAD
    0x08002c2c   0x08002c2c   0x00000088   Code   RO          570    i.HAL_TIM_MspPostInit  stm32f7xx_hal_msp.o
    0x08002cb4   0x08002cb4   0x0000006e   Code   RO         2745    i.HAL_TIM_OC_ConfigChannel  stm32f7xx_hal_tim.o
    0x08002d22   0x08002d22   0x00000062   Code   RO         2749    i.HAL_TIM_OC_Init   stm32f7xx_hal_tim.o
    0x08002d84   0x08002d84   0x00000002   Code   RO         2751    i.HAL_TIM_OC_MspInit  stm32f7xx_hal_tim.o
    0x08002d86   0x08002d86   0x00000124   Code   RO         2768    i.HAL_TIM_PWM_ConfigChannel  stm32f7xx_hal_tim.o
    0x08002eaa   0x08002eaa   0x00000062   Code   RO         2771    i.HAL_TIM_PWM_Init  stm32f7xx_hal_tim.o
    0x08002f0c   0x08002f0c   0x00000002   Code   RO         2773    i.HAL_TIM_PWM_MspInit  stm32f7xx_hal_tim.o
    0x08002f0e   0x08002f0e   0x00000056   Code   RO         2785    i.HAL_TIM_SlaveConfigSynchro  stm32f7xx_hal_tim.o
    0x08002f64   0x08002f64   0x00000002   Code   RO         3704    i.HAL_UARTEx_RxEventCallback  stm32f7xx_hal_uart.o
    0x08002f66   0x08002f66   0x00000002   Code   RO         3705    i.HAL_UARTEx_WakeupCallback  stm32f7xx_hal_uart.o
    0x08002f68   0x08002f68   0x00000002   Code   RO         3721    i.HAL_UART_ErrorCallback  stm32f7xx_hal_uart.o
    0x08002f6a   0x08002f6a   0x00000002   PAD
    0x08002f6c   0x08002f6c   0x00000294   Code   RO         3724    i.HAL_UART_IRQHandler  stm32f7xx_hal_uart.o
    0x08003200   0x08003200   0x00000066   Code   RO         3725    i.HAL_UART_Init     stm32f7xx_hal_uart.o
    0x08003266   0x08003266   0x00000002   PAD
    0x08003268   0x08003268   0x000001f8   Code   RO          572    i.HAL_UART_MspInit  stm32f7xx_hal_msp.o
    0x08003460   0x08003460   0x000000b8   Code   RO         3734    i.HAL_UART_Transmit  stm32f7xx_hal_uart.o
    0x08003518   0x08003518   0x00000002   Code   RO         3737    i.HAL_UART_TxCpltCallback  stm32f7xx_hal_uart.o
    0x0800351a   0x0800351a   0x00000002   Code   RO          467    i.HardFault_Handler  stm32f7xx_it.o
    0x0800351c   0x0800351c   0x00000074   Code   RO          230    i.JW_MPU6050_Init   jwmpu6050.o
    0x08003590   0x08003590   0x00000032   Code   RO          231    i.MPU_Get_Accelerometer  jwmpu6050.o
    0x080035c2   0x080035c2   0x00000002   PAD
    0x080035c4   0x080035c4   0x0000005c   Code   RO          233    i.MPU_Get_Temperature  jwmpu6050.o
    0x08003620   0x08003620   0x0000000c   Code   RO          632    i.MPU_IIC_Delay     jwmpui2csoftware.o
    0x0800362c   0x0800362c   0x00000098   Code   RO          633    i.MPU_IIC_Read_Byte  jwmpui2csoftware.o
    0x080036c4   0x080036c4   0x00000058   Code   RO          634    i.MPU_IIC_Send_Byte  jwmpui2csoftware.o
    0x0800371c   0x0800371c   0x00000040   Code   RO          635    i.MPU_IIC_Start     jwmpui2csoftware.o
    0x0800375c   0x0800375c   0x00000040   Code   RO          636    i.MPU_IIC_Stop      jwmpui2csoftware.o
    0x0800379c   0x0800379c   0x00000058   Code   RO          637    i.MPU_IIC_Wait_Ack  jwmpui2csoftware.o
    0x080037f4   0x080037f4   0x0000003a   Code   RO          638    i.MPU_Read_Byte     jwmpui2csoftware.o
    0x0800382e   0x0800382e   0x00000002   PAD
    0x08003830   0x08003830   0x0000006c   Code   RO          639    i.MPU_Read_Len      jwmpui2csoftware.o
    0x0800389c   0x0800389c   0x00000040   Code   RO          640    i.MPU_SDA_IN        jwmpui2csoftware.o
    0x080038dc   0x080038dc   0x00000040   Code   RO          641    i.MPU_SDA_OUT       jwmpui2csoftware.o
    0x0800391c   0x0800391c   0x0000000a   Code   RO          234    i.MPU_Set_Accel_Fsr  jwmpu6050.o
    0x08003926   0x08003926   0x0000000a   Code   RO          235    i.MPU_Set_Gyro_Fsr  jwmpu6050.o
    0x08003930   0x08003930   0x00000030   Code   RO          236    i.MPU_Set_LPF       jwmpu6050.o
    0x08003960   0x08003960   0x0000002e   Code   RO          237    i.MPU_Set_Rate      jwmpu6050.o
    0x0800398e   0x0800398e   0x0000003c   Code   RO          642    i.MPU_Write_Byte    jwmpui2csoftware.o
    0x080039ca   0x080039ca   0x00000002   PAD
    0x080039cc   0x080039cc   0x00000060   Code   RO          304    i.MX_ADC1_Init      main.o
    0x08003a2c   0x08003a2c   0x0000007c   Code   RO          305    i.MX_DMA_Init       main.o
    0x08003aa8   0x08003aa8   0x000000ac   Code   RO          306    i.MX_GPIO_Init      main.o
    0x08003b54   0x08003b54   0x000000f4   Code   RO          307    i.MX_TIM1_Init      main.o
    0x08003c48   0x08003c48   0x000000a4   Code   RO          308    i.MX_TIM2_Init      main.o
    0x08003cec   0x08003cec   0x000000e0   Code   RO          309    i.MX_TIM8_Init      main.o
    0x08003dcc   0x08003dcc   0x00000038   Code   RO          310    i.MX_UART4_Init     main.o
    0x08003e04   0x08003e04   0x00000038   Code   RO          311    i.MX_USART1_UART_Init  main.o
    0x08003e3c   0x08003e3c   0x00000038   Code   RO          312    i.MX_USART2_UART_Init  main.o
    0x08003e74   0x08003e74   0x00000002   Code   RO          468    i.MemManage_Handler  stm32f7xx_it.o
    0x08003e76   0x08003e76   0x00000002   Code   RO          469    i.NMI_Handler       stm32f7xx_it.o
    0x08003e78   0x08003e78   0x00000054   Code   RO          313    i.StartDefaultTask  main.o
    0x08003ecc   0x08003ecc   0x00000038   Code   RO          314    i.StartTask02       main.o
    0x08003f04   0x08003f04   0x00000018   Code   RO          470    i.SysTick_Handler   stm32f7xx_it.o
    0x08003f1c   0x08003f1c   0x000000c0   Code   RO          315    i.SystemClock_Config  main.o
    0x08003fdc   0x08003fdc   0x00000010   Code   RO         4172    i.SystemInit        system_stm32f7xx.o
    0x08003fec   0x08003fec   0x000000cc   Code   RO         2789    i.TIM_Base_SetConfig  stm32f7xx_hal_tim.o
    0x080040b8   0x080040b8   0x00000012   Code   RO         2800    i.TIM_ETR_SetConfig  stm32f7xx_hal_tim.o
    0x080040ca   0x080040ca   0x00000010   Code   RO         2801    i.TIM_ITRx_SetConfig  stm32f7xx_hal_tim.o
    0x080040da   0x080040da   0x00000002   PAD
    0x080040dc   0x080040dc   0x00000074   Code   RO         2802    i.TIM_OC1_SetConfig  stm32f7xx_hal_tim.o
    0x08004150   0x08004150   0x00000078   Code   RO         2803    i.TIM_OC2_SetConfig  stm32f7xx_hal_tim.o
    0x080041c8   0x080041c8   0x00000078   Code   RO         2804    i.TIM_OC3_SetConfig  stm32f7xx_hal_tim.o
    0x08004240   0x08004240   0x00000058   Code   RO         2805    i.TIM_OC4_SetConfig  stm32f7xx_hal_tim.o
    0x08004298   0x08004298   0x00000058   Code   RO         2806    i.TIM_OC5_SetConfig  stm32f7xx_hal_tim.o
    0x080042f0   0x080042f0   0x00000058   Code   RO         2807    i.TIM_OC6_SetConfig  stm32f7xx_hal_tim.o
    0x08004348   0x08004348   0x00000094   Code   RO         2808    i.TIM_SlaveTimer_SetConfig  stm32f7xx_hal_tim.o
    0x080043dc   0x080043dc   0x00000022   Code   RO         2809    i.TIM_TI1_ConfigInputStage  stm32f7xx_hal_tim.o
    0x080043fe   0x080043fe   0x00000002   PAD
    0x08004400   0x08004400   0x00000080   Code   RO         2810    i.TIM_TI1_SetConfig  stm32f7xx_hal_tim.o
    0x08004480   0x08004480   0x00000024   Code   RO         2811    i.TIM_TI2_ConfigInputStage  stm32f7xx_hal_tim.o
    0x080044a4   0x080044a4   0x00000036   Code   RO         2812    i.TIM_TI2_SetConfig  stm32f7xx_hal_tim.o
    0x080044da   0x080044da   0x00000018   Code   RO         5331    i.TimerCallback     cmsis_os2.o
    0x080044f2   0x080044f2   0x000000c8   Code   RO         3739    i.UART_AdvFeatureConfig  stm32f7xx_hal_uart.o
    0x080045ba   0x080045ba   0x0000005c   Code   RO         3740    i.UART_CheckIdleState  stm32f7xx_hal_uart.o
    0x08004616   0x08004616   0x00000014   Code   RO         3741    i.UART_DMAAbortOnError  stm32f7xx_hal_uart.o
    0x0800462a   0x0800462a   0x0000004a   Code   RO         3751    i.UART_EndRxTransfer  stm32f7xx_hal_uart.o
    0x08004674   0x08004674   0x00000230   Code   RO         3755    i.UART_SetConfig    stm32f7xx_hal_uart.o
    0x080048a4   0x080048a4   0x000000ca   Code   RO         3760    i.UART_WaitOnFlagUntilTimeout  stm32f7xx_hal_uart.o
    0x0800496e   0x0800496e   0x00000002   PAD
    0x08004970   0x08004970   0x0000000c   Code   RO          471    i.USART2_IRQHandler  stm32f7xx_it.o
    0x0800497c   0x0800497c   0x00000002   Code   RO          472    i.UsageFault_Handler  stm32f7xx_it.o
    0x0800497e   0x0800497e   0x00000022   Code   RO         1791    i.__NVIC_SetPriority  stm32f7xx_hal_cortex.o
    0x080049a0   0x080049a0   0x00000018   Code   RO           13    i.fputc             jwserial.o
    0x080049b8   0x080049b8   0x00000004   Code   RO           14    i.jwSerilaPortInit  jwserial.o
    0x080049bc   0x080049bc   0x00000010   Code   RO           15    i.jw_communication_Init  jwserial.o
    0x080049cc   0x080049cc   0x000000f4   Code   RO          316    i.main              main.o
    0x08004ac0   0x08004ac0   0x00000034   Code   RO         5332    i.osDelay           cmsis_os2.o
    0x08004af4   0x08004af4   0x00000044   Code   RO         5337    i.osEventFlagsNew   cmsis_os2.o
    0x08004b38   0x08004b38   0x00000038   Code   RO         5346    i.osKernelInitialize  cmsis_os2.o
    0x08004b70   0x08004b70   0x00000040   Code   RO         5349    i.osKernelStart     cmsis_os2.o
    0x08004bb0   0x08004bb0   0x00000074   Code   RO         5357    i.osMessageQueueNew  cmsis_os2.o
    0x08004c24   0x08004c24   0x00000080   Code   RO         5363    i.osMutexNew        cmsis_os2.o
    0x08004ca4   0x08004ca4   0x000000b0   Code   RO         5368    i.osSemaphoreNew    cmsis_os2.o
    0x08004d54   0x08004d54   0x000000a8   Code   RO         5382    i.osThreadNew       cmsis_os2.o
    0x08004dfc   0x08004dfc   0x00000088   Code   RO         5391    i.osTimerNew        cmsis_os2.o
    0x08004e84   0x08004e84   0x00000064   Code   RO         4780    i.prvAddCurrentTaskToDelayedList  tasks.o
    0x08004ee8   0x08004ee8   0x000000d0   Code   RO         4781    i.prvAddNewTaskToReadyList  tasks.o
    0x08004fb8   0x08004fb8   0x00000058   Code   RO         5166    i.prvCheckForValidListAndQueue  timers.o
    0x08005010   0x08005010   0x00000026   Code   RO         4377    i.prvCopyDataFromQueue  queue.o
    0x08005036   0x08005036   0x0000006c   Code   RO         4378    i.prvCopyDataToQueue  queue.o
    0x080050a2   0x080050a2   0x00000038   Code   RO         4782    i.prvDeleteTCB      tasks.o
    0x080050da   0x080050da   0x00000002   PAD
    0x080050dc   0x080050dc   0x00000050   Code   RO         5774    i.prvHeapInit       heap_4.o
    0x0800512c   0x0800512c   0x00000064   Code   RO         4783    i.prvIdleTask       tasks.o
    0x08005190   0x08005190   0x00000016   Code   RO         4379    i.prvInitialiseMutex  queue.o
    0x080051a6   0x080051a6   0x00000002   PAD
    0x080051a8   0x080051a8   0x00000022   Code   RO         4380    i.prvInitialiseNewQueue  queue.o
    0x080051ca   0x080051ca   0x000000ba   Code   RO         4784    i.prvInitialiseNewTask  tasks.o
    0x08005284   0x08005284   0x00000054   Code   RO         5167    i.prvInitialiseNewTimer  timers.o
    0x080052d8   0x080052d8   0x0000004c   Code   RO         5775    i.prvInsertBlockIntoFreeList  heap_4.o
    0x08005324   0x08005324   0x0000003c   Code   RO         5168    i.prvInsertTimerInActiveList  timers.o
    0x08005360   0x08005360   0x0000001c   Code   RO         4381    i.prvIsQueueEmpty   queue.o
    0x0800537c   0x0800537c   0x00000100   Code   RO         5169    i.prvProcessReceivedCommands  timers.o
    0x0800547c   0x0800547c   0x000000c4   Code   RO         5170    i.prvProcessTimerOrBlockTask  timers.o
    0x08005540   0x08005540   0x00000020   Code   RO         4786    i.prvResetNextTaskUnblockTime  tasks.o
    0x08005560   0x08005560   0x00000028   Code   RO         5171    i.prvSampleTimeNow  timers.o
    0x08005588   0x08005588   0x00000070   Code   RO         5172    i.prvSwitchTimerLists  timers.o
    0x080055f8   0x080055f8   0x00000030   Code   RO         5824    i.prvTaskExitError  port.o
    0x08005628   0x08005628   0x00000024   Code   RO         5173    i.prvTimerTask      timers.o
    0x0800564c   0x0800564c   0x0000006a   Code   RO         4382    i.prvUnlockQueue    queue.o
    0x080056b6   0x080056b6   0x00000002   PAD
    0x080056b8   0x080056b8   0x000000e4   Code   RO         5776    i.pvPortMalloc      heap_4.o
    0x0800579c   0x0800579c   0x00000028   Code   RO         5174    i.pvTimerGetTimerID  timers.o
    0x080057c4   0x080057c4   0x00000030   Code   RO         5825    i.pxPortInitialiseStack  port.o
    0x080057f4   0x080057f4   0x00000026   Code   RO         4337    i.uxListRemove      list.o
    0x0800581a   0x0800581a   0x00000002   PAD
    0x0800581c   0x0800581c   0x00000018   Code   RO         5394    i.vApplicationGetIdleTaskMemory  cmsis_os2.o
    0x08005834   0x08005834   0x00000018   Code   RO         5395    i.vApplicationGetTimerTaskMemory  cmsis_os2.o
    0x0800584c   0x0800584c   0x00000002   Code   RO          421    i.vApplicationIdleHook  freertos.o
    0x0800584e   0x0800584e   0x00000002   Code   RO          422    i.vApplicationTickHook  freertos.o
    0x08005850   0x08005850   0x00000016   Code   RO         4338    i.vListInitialise   list.o
    0x08005866   0x08005866   0x00000006   Code   RO         4339    i.vListInitialiseItem  list.o
    0x0800586c   0x0800586c   0x00000030   Code   RO         4340    i.vListInsert       list.o
    0x0800589c   0x0800589c   0x00000018   Code   RO         4341    i.vListInsertEnd    list.o
    0x080058b4   0x080058b4   0x00000048   Code   RO         5827    i.vPortEnterCritical  port.o
    0x080058fc   0x080058fc   0x0000002c   Code   RO         5828    i.vPortExitCritical  port.o
    0x08005928   0x08005928   0x00000064   Code   RO         5777    i.vPortFree         heap_4.o
    0x0800598c   0x0800598c   0x00000024   Code   RO         5829    i.vPortSetupTimerInterrupt  port.o
    0x080059b0   0x080059b0   0x0000005c   Code   RO         5830    i.vPortValidateInterruptPriority  port.o
    0x08005a0c   0x08005a0c   0x00000028   Code   RO         4388    i.vQueueAddToRegistry  queue.o
    0x08005a34   0x08005a34   0x00000032   Code   RO         4389    i.vQueueDelete      queue.o
    0x08005a66   0x08005a66   0x00000002   PAD
    0x08005a68   0x08005a68   0x00000028   Code   RO         4391    i.vQueueUnregisterQueue  queue.o
    0x08005a90   0x08005a90   0x00000044   Code   RO         4392    i.vQueueWaitForMessageRestricted  queue.o
    0x08005ad4   0x08005ad4   0x00000050   Code   RO         4800    i.vTaskDelay        tasks.o
    0x08005b24   0x08005b24   0x00000010   Code   RO         4805    i.vTaskInternalSetTimeOutState  tasks.o
    0x08005b34   0x08005b34   0x0000000c   Code   RO         4807    i.vTaskMissedYield  tasks.o
    0x08005b40   0x08005b40   0x00000034   Code   RO         4809    i.vTaskPlaceOnEventList  tasks.o
    0x08005b74   0x08005b74   0x0000003c   Code   RO         4810    i.vTaskPlaceOnEventListRestricted  tasks.o
    0x08005bb0   0x08005bb0   0x00000090   Code   RO         4818    i.vTaskStartScheduler  tasks.o
    0x08005c40   0x08005c40   0x00000010   Code   RO         4820    i.vTaskSuspendAll   tasks.o
    0x08005c50   0x08005c50   0x00000068   Code   RO         4821    i.vTaskSwitchContext  tasks.o
    0x08005cb8   0x08005cb8   0x0000001c   Code   RO         4223    i.xEventGroupCreate  event_groups.o
    0x08005cd4   0x08005cd4   0x0000002e   Code   RO         4224    i.xEventGroupCreateStatic  event_groups.o
    0x08005d02   0x08005d02   0x00000002   PAD
    0x08005d04   0x08005d04   0x000000c0   Code   RO         5831    i.xPortStartScheduler  port.o
    0x08005dc4   0x08005dc4   0x00000030   Code   RO         5832    i.xPortSysTickHandler  port.o
    0x08005df4   0x08005df4   0x00000042   Code   RO         4393    i.xQueueCreateCountingSemaphore  queue.o
    0x08005e36   0x08005e36   0x00000048   Code   RO         4394    i.xQueueCreateCountingSemaphoreStatic  queue.o
    0x08005e7e   0x08005e7e   0x00000016   Code   RO         4395    i.xQueueCreateMutex  queue.o
    0x08005e94   0x08005e94   0x0000001a   Code   RO         4396    i.xQueueCreateMutexStatic  queue.o
    0x08005eae   0x08005eae   0x0000004c   Code   RO         4397    i.xQueueGenericCreate  queue.o
    0x08005efa   0x08005efa   0x00000076   Code   RO         4398    i.xQueueGenericCreateStatic  queue.o
    0x08005f70   0x08005f70   0x00000098   Code   RO         4399    i.xQueueGenericReset  queue.o
    0x08006008   0x08006008   0x00000170   Code   RO         4400    i.xQueueGenericSend  queue.o
    0x08006178   0x08006178   0x000000cc   Code   RO         4401    i.xQueueGenericSendFromISR  queue.o
    0x08006244   0x08006244   0x00000148   Code   RO         4410    i.xQueueReceive     queue.o
    0x0800638c   0x0800638c   0x00000094   Code   RO         4823    i.xTaskCheckForTimeOut  tasks.o
    0x08006420   0x08006420   0x0000005a   Code   RO         4824    i.xTaskCreate       tasks.o
    0x0800647a   0x0800647a   0x0000005e   Code   RO         4825    i.xTaskCreateStatic  tasks.o
    0x080064d8   0x080064d8   0x0000001c   Code   RO         4830    i.xTaskGetSchedulerState  tasks.o
    0x080064f4   0x080064f4   0x0000000c   Code   RO         4831    i.xTaskGetTickCount  tasks.o
    0x08006500   0x08006500   0x000000d4   Code   RO         4833    i.xTaskIncrementTick  tasks.o
    0x080065d4   0x080065d4   0x0000008c   Code   RO         4836    i.xTaskPriorityDisinherit  tasks.o
    0x08006660   0x08006660   0x00000074   Code   RO         4838    i.xTaskRemoveFromEventList  tasks.o
    0x080066d4   0x080066d4   0x000000c8   Code   RO         4839    i.xTaskResumeAll    tasks.o
    0x0800679c   0x0800679c   0x00000034   Code   RO         5179    i.xTimerCreate      timers.o
    0x080067d0   0x080067d0   0x00000032   Code   RO         5180    i.xTimerCreateStatic  timers.o
    0x08006802   0x08006802   0x00000002   PAD
    0x08006804   0x08006804   0x00000064   Code   RO         5181    i.xTimerCreateTimerTask  timers.o
    0x08006868   0x08006868   0x0000006c   Code   RO         5182    i.xTimerGenericCommand  timers.o
    0x080068d4   0x080068d4   0x0000000a   Code   RO         6214    x$fpl$fpinit        fz_wv.l(fpinit.o)
    0x080068de   0x080068de   0x00000002   PAD
    0x080068e0   0x080068e0   0x000000f8   Data   RO          323    .constdata          main.o
    0x080069d8   0x080069d8   0x00000008   Data   RO         1425    .constdata          stm32f7xx_hal_dma.o
    0x080069e0   0x080069e0   0x00000010   Data   RO         4173    .constdata          system_stm32f7xx.o
    0x080069f0   0x080069f0   0x00000008   Data   RO         4174    .constdata          system_stm32f7xx.o
    0x080069f8   0x080069f8   0x00000004   Data   RO         6011    .constdata          c_w.l(sys_io.o)
    0x080069fc   0x080069fc   0x00000004   Data   RO         6012    .constdata          c_w.l(sys_io.o)
    0x08006a00   0x08006a00   0x00000004   Data   RO         6013    .constdata          c_w.l(sys_io.o)
    0x08006a04   0x08006a04   0x0000000c   Data   RO           16    .conststring        jwserial.o
    0x08006a10   0x08006a10   0x000000ac   Data   RO          324    .conststring        main.o
    0x08006abc   0x08006abc   0x00000020   Data   RO         6290    Region$$Table       anon$$obj.o


    Execution Region RW_IRAM1 (Exec base: 0x20000000, Load base: 0x08006adc, Size: 0x00005c50, Max: 0x00080000, ABSOLUTE)

    Exec Addr    Load Addr    Size         Type   Attr      Idx    E Section Name        Object

    0x20000000   0x08006adc   0x00000018   Data   RW           17    .data               jwserial.o
    0x20000018   0x08006af4   0x0000003a   Data   RW          325    .data               main.o
    0x20000052   0x08006b2e   0x00000002   PAD
    0x20000054   0x08006b30   0x0000000c   Data   RW         1939    .data               stm32f7xx_hal.o
    0x20000060   0x08006b3c   0x00000004   Data   RW         4175    .data               system_stm32f7xx.o
    0x20000064   0x08006b40   0x0000003c   Data   RW         4842    .data               tasks.o
    0x200000a0   0x08006b7c   0x00000014   Data   RW         5190    .data               timers.o
    0x200000b4   0x08006b90   0x00000004   Data   RW         5399    .data               cmsis_os2.o
    0x200000b8   0x08006b94   0x00000018   Data   RW         5782    .data               heap_4.o
    0x200000d0   0x08006bac   0x0000000c   Data   RW         5833    .data               port.o
    0x200000dc   0x08006bb8   0x00000004   Data   RW         5976    .data               c_w.l(stdio_streams.o)
    0x200000e0   0x08006bbc   0x00000004   Data   RW         5977    .data               c_w.l(stdio_streams.o)
    0x200000e4   0x08006bc0   0x00000004   Data   RW         5978    .data               c_w.l(stdio_streams.o)
    0x200000e8        -       0x000002b8   Zero   RW          317    .bss                main.o
    0x200003a0        -       0x00000060   Zero   RW          318    .bss                main.o
    0x20000400        -       0x00000060   Zero   RW          319    .bss                main.o
    0x20000460        -       0x00000060   Zero   RW          320    .bss                main.o
    0x200004c0        -       0x00000060   Zero   RW          321    .bss                main.o
    0x20000520        -       0x00000060   Zero   RW          322    .bss                main.o
    0x20000580        -       0x00000040   Zero   RW         4414    .bss                queue.o
    0x200005c0        -       0x000004c4   Zero   RW         4841    .bss                tasks.o
    0x20000a84        -       0x00000118   Zero   RW         5189    .bss                timers.o
    0x20000b9c        -       0x00000758   Zero   RW         5398    .bss                cmsis_os2.o
    0x200012f4        -       0x00003c00   Zero   RW         5781    .bss                heap_4.o
    0x20004ef4        -       0x00000054   Zero   RW         5973    .bss                c_w.l(stdio_streams.o)
    0x20004f48        -       0x00000054   Zero   RW         5974    .bss                c_w.l(stdio_streams.o)
    0x20004f9c        -       0x00000054   Zero   RW         5975    .bss                c_w.l(stdio_streams.o)
    0x20004ff0        -       0x00000060   Zero   RW         6166    .bss                c_w.l(libspace.o)
    0x20005050        -       0x00000400   Zero   RW            2    HEAP                startup_stm32f767xx.o
    0x20005450        -       0x00000800   Zero   RW            1    STACK               startup_stm32f767xx.o


==============================================================================

Image component sizes


      Code (inc. data)   RO Data    RW Data    ZI Data      Debug   Object Name

      1036         56          0          4       1880      39691   cmsis_os2.o
        74          0          0          0          0      23806   event_groups.o
         4          0          0          0          0        910   freertos.o
       484         24          0         24      15360       4791   heap_4.o
       372         22          0          0          0       6058   jwmpu6050.o
       822         46          0          0          0       7873   jwmpui2csoftware.o
        44          8         12         24          0     913417   jwserial.o
       138          0          0          0          0       3514   list.o
      1776        192        420         58       1176      12295   main.o
       774         80          0         12          0      11489   port.o
      1966         26          0          0         64      23817   queue.o
        64         26        504          0       3072        836   startup_stm32f767xx.o
       114         20          0         12          0       8489   stm32f7xx_hal.o
      1152         30          0          0          0       5422   stm32f7xx_hal_adc.o
         2          0          0          0          0        961   stm32f7xx_hal_adc_ex.o
       198         12          0          0          0      38951   stm32f7xx_hal_cortex.o
       950         16          8          0          0       5651   stm32f7xx_hal_dma.o
       604         54          0          0          0       2891   stm32f7xx_hal_gpio.o
      1020        112          0          0          0       4642   stm32f7xx_hal_msp.o
       108          8          0          0          0       1248   stm32f7xx_hal_pwr_ex.o
      1388         70          0          0          0       5132   stm32f7xx_hal_rcc.o
      1340         22          0          0          0       2308   stm32f7xx_hal_rcc_ex.o
      2658        168          0          0          0      20677   stm32f7xx_hal_tim.o
       324         40          0          0          0       2308   stm32f7xx_hal_tim_ex.o
      2102         72          0          0          0      11559   stm32f7xx_hal_uart.o
       120         42          0          0          0       6518   stm32f7xx_it.o
         0          0          0          0          0        432   stream_buffer.o
        16          4         24          4          0       1103   system_stm32f7xx.o
      2206        160          0         60       1220      27160   tasks.o
      1222         84          0         20        280      35663   timers.o

    ----------------------------------------------------------------------
     23124       1394       1000        220      23052    1229612   Object Totals
         0          0         32          0          0          0   (incl. Generated)
        46          0          0          2          0          0   (incl. Padding)

    ----------------------------------------------------------------------

      Code (inc. data)   RO Data    RW Data    ZI Data      Debug   Library Member Name

         8          0          0          0          0         68   __main.o
       104          0          0          0          0         84   __printf.o
         0          0          0          0          0          0   __rtentry.o
        12          0          0          0          0          0   __rtentry2.o
         6          0          0          0          0          0   __rtentry4.o
        52          8          0          0          0          0   __scatter.o
        26          0          0          0          0          0   __scatter_copy.o
        28          0          0          0          0          0   __scatter_zi.o
        48          6          0          0          0         96   _printf_char_common.o
        36          4          0          0          0         80   _printf_char_file.o
         0          0          0          0          0          0   _printf_percent.o
         4          0          0          0          0          0   _printf_percent_end.o
        16          0          0          0          0         68   aeabi_memset.o
        10          0          0          0          0         68   defsig_exit.o
        50          0          0          0          0         88   defsig_general.o
        80         58          0          0          0         76   defsig_rtmem_inner.o
        14          0          0          0          0         80   defsig_rtmem_outer.o
        52         38          0          0          0         76   defsig_rtred_inner.o
        14          0          0          0          0         80   defsig_rtred_outer.o
        18          0          0          0          0         80   exit.o
        76          0          0          0          0         88   fclose.o
         8          0          0          0          0         68   ferror.o
       236          4          0          0          0        128   fopen.o
       248          6          0          0          0         84   fseek.o
        66          0          0          0          0         76   ftell.o
        94          0          0          0          0         80   h1_alloc.o
        52          0          0          0          0         68   h1_extend.o
        78          0          0          0          0         80   h1_free.o
        14          0          0          0          0         84   h1_init.o
         6          0          0          0          0        152   heapauxi.o
         4          0          0          0          0        136   hguard.o
         0          0          0          0          0          0   indicate_semi.o
       138          0          0          0          0        168   init_alloc.o
       312         46          0          0          0        112   initio.o
         2          0          0          0          0          0   libinit.o
        18          0          0          0          0          0   libinit2.o
         2          0          0          0          0          0   libshutdown.o
         6          0          0          0          0          0   libshutdown2.o
         8          4          0          0         96         68   libspace.o
       238          0          0          0          0        100   lludivv7m.o
         0          0          0          0          0          0   maybetermalloc1.o
        24          4          0          0          0         84   noretval__2printf.o
         8          4          0          0          0         68   rt_errno_addr_intlibspace.o
         8          4          0          0          0         68   rt_heap_descriptor_intlibspace.o
        68          0          0          0          0         68   rt_memclr.o
        78          0          0          0          0         80   rt_memclr_w.o
       138          0          0          0          0         68   rt_memcpy_v6.o
       100          0          0          0          0         80   rt_memcpy_w.o
         2          0          0          0          0          0   rtexit.o
        10          0          0          0          0          0   rtexit2.o
        70          0          0          0          0         80   setvbuf.o
       240          6          0          0          0        156   stdio.o
         0          0          0         12        252          0   stdio_streams.o
        62          0          0          0          0         76   strlen.o
        12          4          0          0          0         68   sys_exit.o
       102          0         12          0          0        240   sys_io.o
        74          0          0          0          0         80   sys_stackheap_outer.o
        14          0          0          0          0         76   sys_wrch.o
         2          0          0          0          0         68   use_no_semi.o
        10          0          0          0          0        116   fpinit.o

    ----------------------------------------------------------------------
      3220        196         12         12        348       3912   Library Totals
        14          0          0          0          0          0   (incl. Padding)

    ----------------------------------------------------------------------

      Code (inc. data)   RO Data    RW Data    ZI Data      Debug   Library Name

      3196        196         12         12        348       3796   c_w.l
        10          0          0          0          0        116   fz_wv.l

    ----------------------------------------------------------------------
      3220        196         12         12        348       3912   Library Totals

    ----------------------------------------------------------------------

==============================================================================


      Code (inc. data)   RO Data    RW Data    ZI Data      Debug   

     26344       1590       1012        232      23400    1210096   Grand Totals
     26344       1590       1012        232      23400    1210096   ELF Image Totals
     26344       1590       1012        232          0          0   ROM Totals

==============================================================================

    Total RO  Size (Code + RO Data)                27356 (  26.71kB)
    Total RW  Size (RW Data + ZI Data)             23632 (  23.08kB)
    Total ROM Size (Code + RO Data + RW Data)      27588 (  26.94kB)

==============================================================================

