Component: ARM Compiler 5.06 update 7 (build 960) Tool: armlink [4d3601]

==============================================================================

Section Cross References

    startup_stm32f767xx.o(RESET) refers to startup_stm32f767xx.o(STACK) for __initial_sp
    startup_stm32f767xx.o(RESET) refers to startup_stm32f767xx.o(.text) for Reset_Handler
    startup_stm32f767xx.o(RESET) refers to stm32f7xx_it.o(i.NMI_Handler) for NMI_Handler
    startup_stm32f767xx.o(RESET) refers to stm32f7xx_it.o(i.HardFault_Handler) for HardFault_Handler
    startup_stm32f767xx.o(RESET) refers to stm32f7xx_it.o(i.MemManage_Handler) for MemManage_Handler
    startup_stm32f767xx.o(RESET) refers to stm32f7xx_it.o(i.BusFault_Handler) for BusFault_Handler
    startup_stm32f767xx.o(RESET) refers to stm32f7xx_it.o(i.UsageFault_Handler) for UsageFault_Handler
    startup_stm32f767xx.o(RESET) refers to port.o(.emb_text) for SVC_Handler
    startup_stm32f767xx.o(RESET) refers to stm32f7xx_it.o(i.DebugMon_Handler) for DebugMon_Handler
    startup_stm32f767xx.o(RESET) refers to stm32f7xx_it.o(i.SysTick_Handler) for SysTick_Handler
    startup_stm32f767xx.o(RESET) refers to stm32f7xx_it.o(i.DMA1_Stream5_IRQHandler) for DMA1_Stream5_IRQHandler
    startup_stm32f767xx.o(RESET) refers to stm32f7xx_it.o(i.DMA1_Stream6_IRQHandler) for DMA1_Stream6_IRQHandler
    startup_stm32f767xx.o(RESET) refers to stm32f7xx_it.o(i.USART2_IRQHandler) for USART2_IRQHandler
    startup_stm32f767xx.o(RESET) refers to stm32f7xx_it.o(i.ETH_IRQHandler) for ETH_IRQHandler
    startup_stm32f767xx.o(RESET) refers to stm32f7xx_it.o(i.ETH_WKUP_IRQHandler) for ETH_WKUP_IRQHandler
    startup_stm32f767xx.o(.text) refers to system_stm32f7xx.o(i.SystemInit) for SystemInit
    startup_stm32f767xx.o(.text) refers to entry.o(.ARM.Collect$$$$00000000) for __main
    main.o(i.MX_TIM1_Init) refers to memseta.o(.text) for __aeabi_memclr4
    main.o(i.MX_TIM1_Init) refers to stm32f7xx_hal_tim.o(i.HAL_TIM_Base_Init) for HAL_TIM_Base_Init
    main.o(i.MX_TIM1_Init) refers to stm32f7xx_hal_tim.o(i.HAL_TIM_ConfigClockSource) for HAL_TIM_ConfigClockSource
    main.o(i.MX_TIM1_Init) refers to stm32f7xx_hal_tim.o(i.HAL_TIM_PWM_Init) for HAL_TIM_PWM_Init
    main.o(i.MX_TIM1_Init) refers to stm32f7xx_hal_tim.o(i.HAL_TIM_OC_Init) for HAL_TIM_OC_Init
    main.o(i.MX_TIM1_Init) refers to stm32f7xx_hal_tim_ex.o(i.HAL_TIMEx_MasterConfigSynchronization) for HAL_TIMEx_MasterConfigSynchronization
    main.o(i.MX_TIM1_Init) refers to stm32f7xx_hal_tim.o(i.HAL_TIM_PWM_ConfigChannel) for HAL_TIM_PWM_ConfigChannel
    main.o(i.MX_TIM1_Init) refers to stm32f7xx_hal_tim.o(i.HAL_TIM_OC_ConfigChannel) for HAL_TIM_OC_ConfigChannel
    main.o(i.MX_TIM1_Init) refers to stm32f7xx_hal_tim_ex.o(i.HAL_TIMEx_ConfigBreakDeadTime) for HAL_TIMEx_ConfigBreakDeadTime
    main.o(i.MX_TIM1_Init) refers to stm32f7xx_hal_msp.o(i.HAL_TIM_MspPostInit) for HAL_TIM_MspPostInit
    main.o(i.MX_TIM1_Init) refers to main.o(.bss) for .bss
    main.o(i.MX_TIM2_Init) refers to stm32f7xx_hal_tim.o(i.HAL_TIM_Base_Init) for HAL_TIM_Base_Init
    main.o(i.MX_TIM2_Init) refers to stm32f7xx_hal_tim.o(i.HAL_TIM_ConfigClockSource) for HAL_TIM_ConfigClockSource
    main.o(i.MX_TIM2_Init) refers to stm32f7xx_hal_tim.o(i.HAL_TIM_IC_Init) for HAL_TIM_IC_Init
    main.o(i.MX_TIM2_Init) refers to stm32f7xx_hal_tim_ex.o(i.HAL_TIMEx_MasterConfigSynchronization) for HAL_TIMEx_MasterConfigSynchronization
    main.o(i.MX_TIM2_Init) refers to stm32f7xx_hal_tim.o(i.HAL_TIM_IC_ConfigChannel) for HAL_TIM_IC_ConfigChannel
    main.o(i.MX_TIM2_Init) refers to main.o(.bss) for .bss
    main.o(i.MX_TIM8_Init) refers to memseta.o(.text) for __aeabi_memclr4
    main.o(i.MX_TIM8_Init) refers to stm32f7xx_hal_tim.o(i.HAL_TIM_Base_Init) for HAL_TIM_Base_Init
    main.o(i.MX_TIM8_Init) refers to stm32f7xx_hal_tim.o(i.HAL_TIM_OC_Init) for HAL_TIM_OC_Init
    main.o(i.MX_TIM8_Init) refers to stm32f7xx_hal_tim.o(i.HAL_TIM_SlaveConfigSynchro) for HAL_TIM_SlaveConfigSynchro
    main.o(i.MX_TIM8_Init) refers to stm32f7xx_hal_tim_ex.o(i.HAL_TIMEx_MasterConfigSynchronization) for HAL_TIMEx_MasterConfigSynchronization
    main.o(i.MX_TIM8_Init) refers to stm32f7xx_hal_tim.o(i.HAL_TIM_OC_ConfigChannel) for HAL_TIM_OC_ConfigChannel
    main.o(i.MX_TIM8_Init) refers to stm32f7xx_hal_tim_ex.o(i.HAL_TIMEx_ConfigBreakDeadTime) for HAL_TIMEx_ConfigBreakDeadTime
    main.o(i.MX_TIM8_Init) refers to stm32f7xx_hal_msp.o(i.HAL_TIM_MspPostInit) for HAL_TIM_MspPostInit
    main.o(i.MX_TIM8_Init) refers to main.o(.bss) for .bss
    main.o(i.MX_USART1_UART_Init) refers to stm32f7xx_hal_uart.o(i.HAL_UART_Init) for HAL_UART_Init
    main.o(i.MX_USART1_UART_Init) refers to main.o(.bss) for .bss
    main.o(i.MX_USART2_UART_Init) refers to stm32f7xx_hal_uart.o(i.HAL_UART_Init) for HAL_UART_Init
    main.o(i.MX_USART2_UART_Init) refers to main.o(.bss) for .bss
    main.o(i.StartDefaultTask) refers to lwip.o(i.MX_LWIP_Init) for MX_LWIP_Init
[...]
    sys_mbox_valid                           0x0800b567   Thumb Code    10  sys_arch.o(i.sys_mbox_valid)
    sys_mutex_lock                           0x0800b571   Thumb Code    10  sys_arch.o(i.sys_mutex_lock)
    sys_mutex_new                            0x0800b57b   Thumb Code    24  sys_arch.o(i.sys_mutex_new)
    sys_mutex_unlock                         0x0800b593   Thumb Code     6  sys_arch.o(i.sys_mutex_unlock)
    sys_now                                  0x0800b599   Thumb Code     4  ethernetif.o(i.sys_now)
    sys_thread_new                           0x0800b59d   Thumb Code    46  sys_arch.o(i.sys_thread_new)
    sys_timeout                              0x0800b5cd   Thumb Code    46  timeouts.o(i.sys_timeout)
    sys_timeouts_init                        0x0800b789   Thumb Code    30  timeouts.o(i.sys_timeouts_init)
    sys_timeouts_sleeptime                   0x0800b7b1   Thumb Code    34  timeouts.o(i.sys_timeouts_sleeptime)
    tcp_abandon                              0x0800b7d9   Thumb Code   258  tcp.o(i.tcp_abandon)
    tcp_abort                                0x0800b989   Thumb Code     6  tcp.o(i.tcp_abort)
    tcp_alloc                                0x0800b991   Thumb Code   288  tcp.o(i.tcp_alloc)
    tcp_close                                0x0800babd   Thumb Code    48  tcp.o(i.tcp_close)
    tcp_eff_send_mss_netif                   0x0800bf81   Thumb Code    54  tcp.o(i.tcp_eff_send_mss_netif)
    tcp_enqueue_flags                        0x0800c039   Thumb Code   270  tcp_out.o(i.tcp_enqueue_flags)
    tcp_fasttmr                              0x0800c271   Thumb Code   102  tcp.o(i.tcp_fasttmr)
    tcp_free                                 0x0800c2dd   Thumb Code    34  tcp.o(i.tcp_free)
    tcp_free_ooseq                           0x0800c4ad   Thumb Code    20  tcp.o(i.tcp_free_ooseq)
    tcp_init                                 0x0800c4e9   Thumb Code    20  tcp.o(i.tcp_init)
    tcp_input                                0x0800c501   Thumb Code  1584  tcp_in.o(i.tcp_input)
    tcp_keepalive                            0x0800cc25   Thumb Code    82  tcp_out.o(i.tcp_keepalive)
    tcp_netif_ip_addr_changed                0x0800cfb5   Thumb Code    70  tcp.o(i.tcp_netif_ip_addr_changed)
    tcp_next_iss                             0x0800d0c1   Thumb Code    32  tcp.o(i.tcp_next_iss)
    tcp_output                               0x0800d269   Thumb Code   552  tcp_out.o(i.tcp_output)
    tcp_pcb_purge                            0x0800dc69   Thumb Code    88  tcp.o(i.tcp_pcb_purge)
    tcp_pcb_remove                           0x0800dd35   Thumb Code   174  tcp.o(i.tcp_pcb_remove)
    tcp_process_refused_data                 0x0800e38d   Thumb Code   132  tcp.o(i.tcp_process_refused_data)
    tcp_recv_null                            0x0800edb9   Thumb Code    60  tcp.o(i.tcp_recv_null)
    tcp_recved                               0x0800ee69   Thumb Code   104  tcp.o(i.tcp_recved)
    tcp_rexmit                               0x0800efc1   Thumb Code   118  tcp_out.o(i.tcp_rexmit)
    tcp_rexmit_fast                          0x0800f0ad   Thumb Code   108  tcp_out.o(i.tcp_rexmit_fast)
    tcp_rexmit_rto                           0x0800f195   Thumb Code    42  tcp_out.o(i.tcp_rexmit_rto)
    tcp_rexmit_rto_commit                    0x0800f239   Thumb Code    44  tcp_out.o(i.tcp_rexmit_rto_commit)
    tcp_rexmit_rto_prepare                   0x0800f2e5   Thumb Code   118  tcp_out.o(i.tcp_rexmit_rto_prepare)
    tcp_rst                                  0x0800f3ed   Thumb Code   128  tcp_out.o(i.tcp_rst)
    tcp_seg_copy                             0x0800f501   Thumb Code    56  tcp.o(i.tcp_seg_copy)
    tcp_seg_free                             0x0800f5ad   Thumb Code    28  tcp.o(i.tcp_seg_free)
    tcp_segs_free                            0x0800f5c9   Thumb Code    18  tcp.o(i.tcp_segs_free)
    tcp_send_empty_ack                       0x0800f5dd   Thumb Code   110  tcp_out.o(i.tcp_send_empty_ack)
    tcp_send_fin                             0x0800f6c9   Thumb Code    84  tcp_out.o(i.tcp_send_fin)
    tcp_slowtmr                              0x0800f795   Thumb Code  1410  tcp.o(i.tcp_slowtmr)
    tcp_split_unsent_seg                     0x0800fd69   Thumb Code   362  tcp_out.o(i.tcp_split_unsent_seg)
    tcp_timer_needed                         0x0800ff99   Thumb Code    36  timeouts.o(i.tcp_timer_needed)
    tcp_tmr                                  0x080100cd   Thumb Code    28  tcp.o(i.tcp_tmr)
    tcp_trigger_input_pcb_close              0x080100ed   Thumb Code    12  tcp_in.o(i.tcp_trigger_input_pcb_close)
    tcp_update_rcv_ann_wnd                   0x080100fd   Thumb Code    92  tcp.o(i.tcp_update_rcv_ann_wnd)
    tcp_zero_window_probe                    0x080101f1   Thumb Code   194  tcp_out.o(i.tcp_zero_window_probe)
    tcpip_init                               0x08010335   Thumb Code    88  tcpip.o(i.tcpip_init)
    tcpip_inpkt                              0x08010445   Thumb Code    82  tcpip.o(i.tcpip_inpkt)
    tcpip_input                              0x08010505   Thumb Code    20  tcpip.o(i.tcpip_input)
    tcpip_try_callback                       0x0801071d   Thumb Code    78  tcpip.o(i.tcpip_try_callback)
    udp_bind                                 0x080107d9   Thumb Code   194  udp.o(i.udp_bind)
    udp_connect                              0x08010915   Thumb Code   108  udp.o(i.udp_connect)
    udp_init                                 0x08010a15   Thumb Code    20  udp.o(i.udp_init)
    udp_input                                0x08010a2d   Thumb Code   310  udp.o(i.udp_input)
    udp_netif_ip_addr_changed                0x08010d21   Thumb Code    48  udp.o(i.udp_netif_ip_addr_changed)
    udp_new                                  0x08010d55   Thumb Code    26  udp.o(i.udp_new)
    udp_recv                                 0x08010d71   Thumb Code    22  udp.o(i.udp_recv)
    udp_remove                               0x08010df9   Thumb Code    58  udp.o(i.udp_remove)
    udp_sendto                               0x08010ea9   Thumb Code   106  udp.o(i.udp_sendto)
    udp_sendto_if                            0x08010fbd   Thumb Code   110  udp.o(i.udp_sendto_if)
    udp_sendto_if_src                        0x080110fd   Thumb Code   274  udp.o(i.udp_sendto_if_src)
    uxListRemove                             0x08011345   Thumb Code    38  list.o(i.uxListRemove)
    vApplicationGetIdleTaskMemory            0x0801136d   Thumb Code    18  cmsis_os2.o(i.vApplicationGetIdleTaskMemory)
    vApplicationGetTimerTaskMemory           0x08011385   Thumb Code    20  cmsis_os2.o(i.vApplicationGetTimerTaskMemory)
    vApplicationIdleHook                     0x0801139d   Thumb Code     2  freertos.o(i.vApplicationIdleHook)
    vApplicationTickHook                     0x0801139f   Thumb Code     2  freertos.o(i.vApplicationTickHook)
    vListInitialise                          0x080113a1   Thumb Code    22  list.o(i.vListInitialise)
    vListInitialiseItem                      0x080113b7   Thumb Code     6  list.o(i.vListInitialiseItem)
    vListInsert                              0x080113bd   Thumb Code    48  list.o(i.vListInsert)
    vListInsertEnd                           0x080113ed   Thumb Code    24  list.o(i.vListInsertEnd)
    vPortEnterCritical                       0x08011405   Thumb Code    62  port.o(i.vPortEnterCritical)
    vPortExitCritical                        0x0801144d   Thumb Code    38  port.o(i.vPortExitCritical)
    vPortFree                                0x08011479   Thumb Code    96  heap_4.o(i.vPortFree)
    vPortSetupTimerInterrupt                 0x080114dd   Thumb Code    32  port.o(i.vPortSetupTimerInterrupt)
    vPortValidateInterruptPriority           0x08011501   Thumb Code    82  port.o(i.vPortValidateInterruptPriority)
    vQueueAddToRegistry                      0x0801155d   Thumb Code    34  queue.o(i.vQueueAddToRegistry)
    vQueueDelete                             0x08011585   Thumb Code    50  queue.o(i.vQueueDelete)
    vQueueUnregisterQueue                    0x080115b9   Thumb Code    36  queue.o(i.vQueueUnregisterQueue)
    vQueueWaitForMessageRestricted           0x080115e1   Thumb Code    68  queue.o(i.vQueueWaitForMessageRestricted)
    vTaskDelay                               0x08011625   Thumb Code    70  tasks.o(i.vTaskDelay)
    vTaskInternalSetTimeOutState             0x08011675   Thumb Code    12  tasks.o(i.vTaskInternalSetTimeOutState)
    vTaskMissedYield                         0x08011685   Thumb Code     8  tasks.o(i.vTaskMissedYield)
    vTaskPlaceOnEventList                    0x08011691   Thumb Code    48  tasks.o(i.vTaskPlaceOnEventList)
    vTaskPlaceOnEventListRestricted          0x080116c5   Thumb Code    56  tasks.o(i.vTaskPlaceOnEventListRestricted)
    vTaskPriorityDisinheritAfterTimeout      0x08011701   Thumb Code   148  tasks.o(i.vTaskPriorityDisinheritAfterTimeout)
    vTaskStartScheduler                      0x0801179d   Thumb Code   126  tasks.o(i.vTaskStartScheduler)
    vTaskSuspendAll                          0x0801182d   Thumb Code    10  tasks.o(i.vTaskSuspendAll)
    vTaskSwitchContext                       0x0801183d   Thumb Code    94  tasks.o(i.vTaskSwitchContext)
    xEventGroupCreate                        0x080118a5   Thumb Code    28  event_groups.o(i.xEventGroupCreate)
    xEventGroupCreateStatic                  0x080118c1   Thumb Code    46  event_groups.o(i.xEventGroupCreateStatic)
    xPortStartScheduler                      0x080118f1   Thumb Code   176  port.o(i.xPortStartScheduler)
    xPortSysTickHandler                      0x080119b1   Thumb Code    42  port.o(i.xPortSysTickHandler)
    xQueueCreateCountingSemaphore            0x080119e1   Thumb Code    66  queue.o(i.xQueueCreateCountingSemaphore)
    xQueueCreateCountingSemaphoreStatic      0x08011a23   Thumb Code    72  queue.o(i.xQueueCreateCountingSemaphoreStatic)
    xQueueCreateMutex                        0x08011a6b   Thumb Code    22  queue.o(i.xQueueCreateMutex)
    xQueueCreateMutexStatic                  0x08011a81   Thumb Code    26  queue.o(i.xQueueCreateMutexStatic)
    xQueueGenericCreate                      0x08011a9b   Thumb Code    76  queue.o(i.xQueueGenericCreate)
    xQueueGenericCreateStatic                0x08011ae7   Thumb Code   118  queue.o(i.xQueueGenericCreateStatic)
    xQueueGenericReset                       0x08011b5d   Thumb Code   148  queue.o(i.xQueueGenericReset)
    xQueueGenericSend                        0x08011bf5   Thumb Code   362  queue.o(i.xQueueGenericSend)
    xQueueGenericSendFromISR                 0x08011d65   Thumb Code   204  queue.o(i.xQueueGenericSendFromISR)
    xQueueGiveFromISR                        0x08011e31   Thumb Code   172  queue.o(i.xQueueGiveFromISR)
    xQueueGiveMutexRecursive                 0x08011edd   Thumb Code    66  queue.o(i.xQueueGiveMutexRecursive)
    xQueueReceive                            0x08011f21   Thumb Code   322  queue.o(i.xQueueReceive)
    xQueueReceiveFromISR                     0x08012069   Thumb Code   168  queue.o(i.xQueueReceiveFromISR)
    xQueueSemaphoreTake                      0x08012111   Thumb Code   392  queue.o(i.xQueueSemaphoreTake)
    xQueueTakeMutexRecursive                 0x0801229d   Thumb Code    64  queue.o(i.xQueueTakeMutexRecursive)
    xTaskCheckForTimeOut                     0x080122dd   Thumb Code   144  tasks.o(i.xTaskCheckForTimeOut)
    xTaskCreate                              0x08012371   Thumb Code    90  tasks.o(i.xTaskCreate)
    xTaskCreateStatic                        0x080123cb   Thumb Code    94  tasks.o(i.xTaskCreateStatic)
    xTaskGetCurrentTaskHandle                0x08012429   Thumb Code     6  tasks.o(i.xTaskGetCurrentTaskHandle)
    xTaskGetSchedulerState                   0x08012435   Thumb Code    22  tasks.o(i.xTaskGetSchedulerState)
    xTaskGetTickCount                        0x08012451   Thumb Code     6  tasks.o(i.xTaskGetTickCount)
    xTaskGetTickCountFromISR                 0x0801245d   Thumb Code    12  tasks.o(i.xTaskGetTickCountFromISR)
    xTaskIncrementTick                       0x0801246d   Thumb Code   204  tasks.o(i.xTaskIncrementTick)
    xTaskPriorityDisinherit                  0x08012541   Thumb Code   132  tasks.o(i.xTaskPriorityDisinherit)
    xTaskPriorityInherit                     0x080125cd   Thumb Code   116  tasks.o(i.xTaskPriorityInherit)
    xTaskRemoveFromEventList                 0x08012649   Thumb Code   104  tasks.o(i.xTaskRemoveFromEventList)
    xTaskResumeAll                           0x080126bd   Thumb Code   188  tasks.o(i.xTaskResumeAll)
    xTimerCreate                             0x08012785   Thumb Code    52  timers.o(i.xTimerCreate)
    xTimerCreateStatic                       0x080127b9   Thumb Code    50  timers.o(i.xTimerCreateStatic)
    xTimerCreateTimerTask                    0x080127ed   Thumb Code    82  timers.o(i.xTimerCreateTimerTask)
    xTimerGenericCommand                     0x08012851   Thumb Code   102  timers.o(i.xTimerGenericCommand)
    defaultTask_attributes                   0x080128bc   Data          36  main.o(.constdata)
    myTask02_attributes                      0x080128e0   Data          36  main.o(.constdata)
    userMessageQueue_attributes              0x08012904   Data          24  main.o(.constdata)
    myQueue02_attributes                     0x0801291c   Data          24  main.o(.constdata)
    myTimer01_attributes                     0x08012934   Data          16  main.o(.constdata)
    myTimer02_attributes                     0x08012944   Data          16  main.o(.constdata)
    myMutex01_attributes                     0x08012954   Data          16  main.o(.constdata)
    myRecursiveMutex01_attributes            0x08012964   Data          16  main.o(.constdata)
    myBinarySem01_attributes                 0x08012974   Data          16  main.o(.constdata)
    myBinarySem02_attributes                 0x08012984   Data          16  main.o(.constdata)
    myCountingSem01_attributes               0x08012994   Data          16  main.o(.constdata)
    myEvent01_attributes                     0x080129a4   Data          16  main.o(.constdata)
    AHBPrescTable                            0x080129bc   Data          16  system_stm32f7xx.o(.constdata)
    APBPrescTable                            0x080129cc   Data           8  system_stm32f7xx.o(.constdata)
    ethbroadcast                             0x080129d4   Data           6  ethernet.o(.constdata)
    ethzero                                  0x080129da   Data           6  ethernet.o(.constdata)
    memp_UDP_PCB                             0x080129e0   Data          12  memp.o(.constdata)
    memp_TCP_PCB                             0x080129ec   Data          12  memp.o(.constdata)
    memp_TCP_PCB_LISTEN                      0x080129f8   Data          12  memp.o(.constdata)
    memp_TCP_SEG                             0x08012a04   Data          12  memp.o(.constdata)
    memp_REASSDATA                           0x08012a10   Data          12  memp.o(.constdata)
    memp_FRAG_PBUF                           0x08012a1c   Data          12  memp.o(.constdata)
    memp_NETBUF                              0x08012a28   Data          12  memp.o(.constdata)
    memp_NETCONN                             0x08012a34   Data          12  memp.o(.constdata)
    memp_TCPIP_MSG_API                       0x08012a40   Data          12  memp.o(.constdata)
    memp_TCPIP_MSG_INPKT                     0x08012a4c   Data          12  memp.o(.constdata)
    memp_SYS_TIMEOUT                         0x08012a58   Data          12  memp.o(.constdata)
    memp_NETDB                               0x08012a64   Data          12  memp.o(.constdata)
    memp_PBUF                                0x08012a70   Data          12  memp.o(.constdata)
    memp_PBUF_POOL                           0x08012a7c   Data          12  memp.o(.constdata)
    memp_pools                               0x08012a88   Data          56  memp.o(.constdata)
    tcp_pcb_lists                            0x08012b04   Data          16  tcp.o(.constdata)
    lwip_cyclic_timers                       0x08012b14   Data          48  timeouts.o(.constdata)
    ip_addr_any                              0x08012b44   Data           4  ip4_addr.o(.constdata)
    ip_addr_broadcast                        0x08012b48   Data           4  ip4_addr.o(.constdata)
    Region$$Table$$Base                      0x08012d5c   Number         0  anon$$obj.o(Region$$Table)
    Region$$Table$$Limit                     0x08012d7c   Number         0  anon$$obj.o(Region$$Table)
    defaultTaskHandle                        0x20000000   Data           4  main.o(.data)
    myTask02Handle                           0x20000004   Data           4  main.o(.data)
    userMessageQueueHandle                   0x20000008   Data           4  main.o(.data)
    myQueue02Handle                          0x2000000c   Data           4  main.o(.data)
    myTimer01Handle                          0x20000010   Data           4  main.o(.data)
    myTimer02Handle                          0x20000014   Data           4  main.o(.data)
    myMutex01Handle                          0x20000018   Data           4  main.o(.data)
    myRecursiveMutex01Handle                 0x2000001c   Data           4  main.o(.data)
    myBinarySem01Handle                      0x20000020   Data           4  main.o(.data)
    myBinarySem02Handle                      0x20000024   Data           4  main.o(.data)
    myCountingSem01Handle                    0x20000028   Data           4  main.o(.data)
    myEvent01Handle                          0x2000002c   Data           4  main.o(.data)
    xCommunication_Typedef                   0x20000030   Data          24  jwserial.o(.data)
    s_xSemaphore                             0x20000048   Data           4  ethernetif.o(.data)
    Netif_LinkSemaphore                      0x2000004c   Data           4  lwip.o(.data)
    ipaddr                                   0x20000050   Data           4  lwip.o(.data)
    netmask                                  0x20000054   Data           4  lwip.o(.data)
    gw                                       0x20000058   Data           4  lwip.o(.data)
    link_arg                                 0x2000005c   Data           8  lwip.o(.data)
    uwTickFreq                               0x20000064   Data           1  stm32f7xx_hal.o(.data)
    uwTickPrio                               0x20000068   Data           4  stm32f7xx_hal.o(.data)
    uwTick                                   0x2000006c   Data           4  stm32f7xx_hal.o(.data)
    SystemCoreClock                          0x20000070   Data           4  system_stm32f7xx.o(.data)
    pxCurrentTCB                             0x20000074   Data           4  tasks.o(.data)
    lock_tcpip_core                          0x200000f8   Data           4  tcpip.o(.data)
    netif_list                               0x20000154   Data           4  netif.o(.data)
    netif_default                            0x20000158   Data           4  netif.o(.data)
    pbuf_free_ooseq_pending                  0x2000015c   Data           1  pbuf.o(.data)
    tcp_active_pcbs_changed                  0x20000160   Data           1  tcp.o(.data)
    tcp_ticks                                0x2000016c   Data           4  tcp.o(.data)
    tcp_bound_pcbs                           0x20000170   Data           4  tcp.o(.data)
    tcp_listen_pcbs                          0x20000174   Data           4  tcp.o(.data)
    tcp_active_pcbs                          0x20000178   Data           4  tcp.o(.data)
    tcp_tw_pcbs                              0x2000017c   Data           4  tcp.o(.data)
    tcp_input_pcb                            0x200001a0   Data           4  tcp_in.o(.data)
    udp_pcbs                                 0x200001b4   Data           4  udp.o(.data)
    lwip_sys_mutex                           0x200001d4   Data           4  sys_arch.o(.data)
    __stdout                                 0x200001dc   Data           4  stdout.o(.data)
    htim1                                    0x200001e0   Data          76  main.o(.bss)
    htim2                                    0x2000022c   Data          76  main.o(.bss)
    htim8                                    0x20000278   Data          76  main.o(.bss)
    huart1                                   0x200002c4   Data         132  main.o(.bss)
    huart2                                   0x20000348   Data         132  main.o(.bss)
    hdma_usart2_rx                           0x200003cc   Data          96  main.o(.bss)
    hdma_usart2_tx                           0x2000042c   Data          96  main.o(.bss)
    DMARxDscrTab                             0x2000048c   Data         128  ethernetif.o(.bss)
    DMATxDscrTab                             0x2000050c   Data         128  ethernetif.o(.bss)
    Rx_Buff                                  0x2000058c   Data        6096  ethernetif.o(.bss)
    Tx_Buff                                  0x20001d5c   Data        6096  ethernetif.o(.bss)
    heth                                     0x2000352c   Data          72  ethernetif.o(.bss)
    gnetif                                   0x20003574   Data          56  lwip.o(.bss)
    attributes                               0x200035ac   Data          36  lwip.o(.bss)
    xQueueRegistry                           0x200035d0   Data          64  queue.o(.bss)
    ip_data                                  0x200083c4   Data          24  ip.o(.bss)
    ram_heap                                 0x200083dc   Data        1619  mem.o(.bss)
    memp_memory_UDP_PCB_base                 0x20008a2f   Data         131  memp.o(.bss)
    memp_memory_TCP_PCB_base                 0x20008ab2   Data         783  memp.o(.bss)
    memp_memory_TCP_PCB_LISTEN_base          0x20008dc1   Data         227  memp.o(.bss)
    memp_memory_TCP_SEG_base                 0x20008ea4   Data         259  memp.o(.bss)
    memp_memory_REASSDATA_base               0x20008fa7   Data         163  memp.o(.bss)
    memp_memory_FRAG_PBUF_base               0x2000904a   Data         363  memp.o(.bss)
    memp_memory_NETBUF_base                  0x200091b5   Data          35  memp.o(.bss)
    memp_memory_NETCONN_base                 0x200091d8   Data         163  memp.o(.bss)
    memp_memory_TCPIP_MSG_API_base           0x2000927b   Data         131  memp.o(.bss)
    memp_memory_TCPIP_MSG_INPKT_base         0x200092fe   Data         131  memp.o(.bss)
    memp_memory_SYS_TIMEOUT_base             0x20009381   Data          99  memp.o(.bss)
    memp_memory_NETDB_base                   0x200093e4   Data         311  memp.o(.bss)
    memp_memory_PBUF_base                    0x2000951b   Data         259  memp.o(.bss)
    memp_memory_PBUF_POOL_base               0x2000961e   Data        9731  memp.o(.bss)
    dhcp_rx_options_val                      0x2000bc34   Data          40  dhcp.o(.bss)
    dhcp_rx_options_given                    0x2000bc5c   Data          10  dhcp.o(.bss)
    __initial_sp                             0x2000c558   Data           0  startup_stm32f767xx.o(STACK)



==============================================================================

Memory Map of the image

  Image Entry point : 0x080001f9

  Load Region LR_IROM1 (Base: 0x08000000, Size: 0x00012f5c, Max: 0x00200000, ABSOLUTE, COMPRESSED[0x00012da4])

    Execution Region ER_IROM1 (Exec base: 0x08000000, Load base: 0x08000000, Size: 0x00012d7c, Max: 0x00200000, ABSOLUTE)

    Exec Addr    Load Addr    Size         Type   Attr      Idx    E Section Name        Object

    0x08000000   0x08000000   0x000001f8   Data   RO            3    RESET               startup_stm32f767xx.o
    0x080001f8   0x080001f8   0x00000000   Code   RO        10763  * .ARM.Collect$$$$00000000  mc_w.l(entry.o)
    0x080001f8   0x080001f8   0x00000004   Code   RO        11086    .ARM.Collect$$$$00000001  mc_w.l(entry2.o)
    0x080001fc   0x080001fc   0x00000004   Code   RO        11089    .ARM.Collect$$$$00000004  mc_w.l(entry5.o)
    0x08000200   0x08000200   0x00000000   Code   RO        11091    .ARM.Collect$$$$00000008  mc_w.l(entry7b.o)
    0x08000200   0x08000200   0x00000000   Code   RO        11093    .ARM.Collect$$$$0000000A  mc_w.l(entry8b.o)
    0x08000200   0x08000200   0x00000008   Code   RO        11094    .ARM.Collect$$$$0000000B  mc_w.l(entry9a.o)
    0x08000208   0x08000208   0x00000004   Code   RO        11101    .ARM.Collect$$$$0000000E  mc_w.l(entry12b.o)
    0x0800020c   0x0800020c   0x00000000   Code   RO        11096    .ARM.Collect$$$$0000000F  mc_w.l(entry10a.o)
    0x0800020c   0x0800020c   0x00000000   Code   RO        11098    .ARM.Collect$$$$00000011  mc_w.l(entry11a.o)
    0x0800020c   0x0800020c   0x00000004   Code   RO        11087    .ARM.Collect$$$$00002712  mc_w.l(entry2.o)
    0x08000210   0x08000210   0x000000c2   Code   RO         5824    .emb_text           port.o
    0x080002d2   0x080002d2   0x00000002   PAD
    0x080002d4   0x080002d4   0x00000024   Code   RO            4    .text               startup_stm32f767xx.o
    0x080002f8   0x080002f8   0x00000062   Code   RO        10766    .text               mc_w.l(uldiv.o)
    0x0800035a   0x0800035a   0x00000002   PAD
    0x0800035c   0x0800035c   0x00000024   Code   RO        10798    .text               mc_w.l(rand.o)
    0x08000380   0x08000380   0x00000040   Code   RO        10803    .text               mc_w.l(memmovea.o)
    0x080003c0   0x080003c0   0x00000024   Code   RO        10807    .text               mc_w.l(memseta.o)
    0x080003e4   0x080003e4   0x0000000e   Code   RO        10811    .text               mc_w.l(strlen.o)
    0x080003f2   0x080003f2   0x0000001a   Code   RO        10813    .text               mc_w.l(memcmp.o)
    0x0800040c   0x0800040c   0x0000002c   Code   RO        11105    .text               mc_w.l(uidiv.o)
    0x08000438   0x08000438   0x0000001e   Code   RO        11107    .text               mc_w.l(llshl.o)
    0x08000456   0x08000456   0x00000020   Code   RO        11109    .text               mc_w.l(llushr.o)
    0x08000476   0x08000476   0x00000002   PAD
    0x08000478   0x08000478   0x00000024   Code   RO        11131    .text               mc_w.l(init.o)
    0x0800049c   0x0800049c   0x00000000   Code   RO        11133    .text               mc_w.l(semi.o)
    0x0800049c   0x0800049c   0x00000000   Code   RO        11138    .text               mc_w.l(iusesemip.o)
    0x0800049c   0x0800049c   0x0000003a   Code   RO        11151    .text               mc_w.l(__dczerorl.o)
    0x080004d6   0x080004d6   0x00000002   Code   RO          444    i.BusFault_Handler  stm32f7xx_it.o
    0x080004d8   0x080004d8   0x00000002   Code   RO           13    i.Callback01        main.o
    0x080004da   0x080004da   0x00000002   Code   RO           14    i.Callback02        main.o
    0x080004dc   0x080004dc   0x0000000c   Code   RO          445    i.DMA1_Stream5_IRQHandler  stm32f7xx_it.o
    0x080004e8   0x080004e8   0x0000000c   Code   RO          446    i.DMA1_Stream6_IRQHandler  stm32f7xx_it.o
    0x080004f4   0x080004f4   0x00000028   Code   RO         1381    i.DMA_CalcBaseAndBitshift  stm32f7xx_hal_dma.o
    0x0800051c   0x0800051c   0x00000054   Code   RO         1382    i.DMA_CheckFifoParam  stm32f7xx_hal_dma.o
    0x08000570   0x08000570   0x00000002   Code   RO          447    i.DebugMon_Handler  stm32f7xx_it.o
    0x08000572   0x08000572   0x0000002e   Code   RO          823    i.ETH_FlushTransmitFIFO  stm32f7xx_hal_eth.o
    0x080005a0   0x080005a0   0x0000000c   Code   RO          448    i.ETH_IRQHandler    stm32f7xx_it.o
    0x080005ac   0x080005ac   0x00000130   Code   RO          824    i.ETH_MACDMAConfig  stm32f7xx_hal_eth.o
    0x080006dc   0x080006dc   0x0000000c   Code   RO          449    i.ETH_WKUP_IRQHandler  stm32f7xx_it.o
    0x080006e8   0x080006e8   0x00000004   Code   RO           15    i.Error_Handler     main.o
    0x080006ec   0x080006ec   0x00000092   Code   RO         1384    i.HAL_DMA_Abort     stm32f7xx_hal_dma.o
    0x0800077e   0x0800077e   0x00000024   Code   RO         1385    i.HAL_DMA_Abort_IT  stm32f7xx_hal_dma.o
    0x080007a2   0x080007a2   0x00000002   PAD
    0x080007a4   0x080007a4   0x000001a0   Code   RO         1389    i.HAL_DMA_IRQHandler  stm32f7xx_hal_dma.o
    0x08000944   0x08000944   0x000000e4   Code   RO         1390    i.HAL_DMA_Init      stm32f7xx_hal_dma.o
    0x08000a28   0x08000a28   0x00000024   Code   RO         1886    i.HAL_Delay         stm32f7xx_hal.o
    0x08000a4c   0x08000a4c   0x00000144   Code   RO          826    i.HAL_ETH_ConfigMAC  stm32f7xx_hal_eth.o
    0x08000b90   0x08000b90   0x00000074   Code   RO          827    i.HAL_ETH_DMARxDescListInit  stm32f7xx_hal_eth.o
    0x08000c04   0x08000c04   0x00000084   Code   RO          828    i.HAL_ETH_DMATxDescListInit  stm32f7xx_hal_eth.o
    0x08000c88   0x08000c88   0x00000002   Code   RO          830    i.HAL_ETH_ErrorCallback  stm32f7xx_hal_eth.o
    0x08000c8a   0x08000c8a   0x0000008c   Code   RO          832    i.HAL_ETH_GetReceivedFrame_IT  stm32f7xx_hal_eth.o
    0x08000d16   0x08000d16   0x00000076   Code   RO          834    i.HAL_ETH_IRQHandler  stm32f7xx_hal_eth.o
    0x08000d8c   0x08000d8c   0x000001f0   Code   RO          835    i.HAL_ETH_Init      stm32f7xx_hal_eth.o
    0x08000f7c   0x08000f7c   0x000000e4   Code   RO          634    i.HAL_ETH_MspInit   ethernetif.o
    0x08001060   0x08001060   0x00000086   Code   RO          838    i.HAL_ETH_ReadPHYRegister  stm32f7xx_hal_eth.o
    0x080010e6   0x080010e6   0x00000002   PAD
    0x080010e8   0x080010e8   0x0000000c   Code   RO          635    i.HAL_ETH_RxCpltCallback  ethernetif.o
    0x080010f4   0x080010f4   0x00000084   Code   RO          840    i.HAL_ETH_Start     stm32f7xx_hal_eth.o
    0x08001178   0x08001178   0x00000084   Code   RO          841    i.HAL_ETH_Stop      stm32f7xx_hal_eth.o
    0x080011fc   0x080011fc   0x00000112   Code   RO          842    i.HAL_ETH_TransmitFrame  stm32f7xx_hal_eth.o
    0x0800130e   0x0800130e   0x00000002   Code   RO          843    i.HAL_ETH_TxCpltCallback  stm32f7xx_hal_eth.o
    0x08001310   0x08001310   0x0000007a   Code   RO          844    i.HAL_ETH_WritePHYRegister  stm32f7xx_hal_eth.o
    0x0800138a   0x0800138a   0x00000002   PAD
    0x0800138c   0x0800138c   0x00000248   Code   RO         1318    i.HAL_GPIO_Init     stm32f7xx_hal_gpio.o
    0x080015d4   0x080015d4   0x0000000c   Code   RO         1896    i.HAL_GetTick       stm32f7xx_hal.o
    0x080015e0   0x080015e0   0x00000010   Code   RO         1902    i.HAL_IncTick       stm32f7xx_hal.o
    0x080015f0   0x080015f0   0x00000016   Code   RO         1903    i.HAL_Init          stm32f7xx_hal.o
    0x08001606   0x08001606   0x00000002   PAD
    0x08001608   0x08001608   0x00000040   Code   RO         1904    i.HAL_InitTick      stm32f7xx_hal.o
    0x08001648   0x08001648   0x00000038   Code   RO          538    i.HAL_MspInit       stm32f7xx_hal_msp.o
    0x08001680   0x08001680   0x0000001a   Code   RO         1749    i.HAL_NVIC_EnableIRQ  stm32f7xx_hal_cortex.o
    0x0800169a   0x0800169a   0x00000002   PAD
    0x0800169c   0x0800169c   0x00000040   Code   RO         1755    i.HAL_NVIC_SetPriority  stm32f7xx_hal_cortex.o
    0x080016dc   0x080016dc   0x00000024   Code   RO         1756    i.HAL_NVIC_SetPriorityGrouping  stm32f7xx_hal_cortex.o
    0x08001700   0x08001700   0x0000006c   Code   RO         1658    i.HAL_PWREx_EnableOverDrive  stm32f7xx_hal_pwr_ex.o
    0x0800176c   0x0800176c   0x0000053c   Code   RO         1079    i.HAL_RCCEx_PeriphCLKConfig  stm32f7xx_hal_rcc_ex.o
    0x08001ca8   0x08001ca8   0x00000130   Code   RO          972    i.HAL_RCC_ClockConfig  stm32f7xx_hal_rcc.o
    0x08001dd8   0x08001dd8   0x0000000c   Code   RO          977    i.HAL_RCC_GetHCLKFreq  stm32f7xx_hal_rcc.o
    0x08001de4   0x08001de4   0x00000020   Code   RO          979    i.HAL_RCC_GetPCLK1Freq  stm32f7xx_hal_rcc.o
    0x08001e04   0x08001e04   0x00000020   Code   RO          980    i.HAL_RCC_GetPCLK2Freq  stm32f7xx_hal_rcc.o
    0x08001e24   0x08001e24   0x00000064   Code   RO          981    i.HAL_RCC_GetSysClockFreq  stm32f7xx_hal_rcc.o
    0x08001e88   0x08001e88   0x00000398   Code   RO          984    i.HAL_RCC_OscConfig  stm32f7xx_hal_rcc.o
    0x08002220   0x08002220   0x00000026   Code   RO         1760    i.HAL_SYSTICK_Config  stm32f7xx_hal_cortex.o
    0x08002246   0x08002246   0x00000002   PAD
    0x08002248   0x08002248   0x000000a0   Code   RO         3415    i.HAL_TIMEx_ConfigBreakDeadTime  stm32f7xx_hal_tim_ex.o
    0x080022e8   0x080022e8   0x000000a4   Code   RO         3433    i.HAL_TIMEx_MasterConfigSynchronization  stm32f7xx_hal_tim_ex.o
    0x0800238c   0x0800238c   0x00000062   Code   RO         2697    i.HAL_TIM_Base_Init  stm32f7xx_hal_tim.o
    0x080023ee   0x080023ee   0x00000002   PAD
    0x080023f0   0x080023f0   0x0000009c   Code   RO          540    i.HAL_TIM_Base_MspInit  stm32f7xx_hal_msp.o
    0x0800248c   0x0800248c   0x000000e0   Code   RO         2706    i.HAL_TIM_ConfigClockSource  stm32f7xx_hal_tim.o
    0x0800256c   0x0800256c   0x00000122   Code   RO         2733    i.HAL_TIM_IC_ConfigChannel  stm32f7xx_hal_tim.o
    0x0800268e   0x0800268e   0x00000062   Code   RO         2736    i.HAL_TIM_IC_Init   stm32f7xx_hal_tim.o
    0x080026f0   0x080026f0   0x00000002   Code   RO         2738    i.HAL_TIM_IC_MspInit  stm32f7xx_hal_tim.o
    0x080026f2   0x080026f2   0x00000002   PAD
    0x080026f4   0x080026f4   0x00000088   Code   RO          541    i.HAL_TIM_MspPostInit  stm32f7xx_hal_msp.o
    0x0800277c   0x0800277c   0x0000006e   Code   RO         2746    i.HAL_TIM_OC_ConfigChannel  stm32f7xx_hal_tim.o
    0x080027ea   0x080027ea   0x00000062   Code   RO         2750    i.HAL_TIM_OC_Init   stm32f7xx_hal_tim.o
    0x0800284c   0x0800284c   0x00000002   Code   RO         2752    i.HAL_TIM_OC_MspInit  stm32f7xx_hal_tim.o
    0x0800284e   0x0800284e   0x00000124   Code   RO         2769    i.HAL_TIM_PWM_ConfigChannel  stm32f7xx_hal_tim.o
    0x08002972   0x08002972   0x00000062   Code   RO         2772    i.HAL_TIM_PWM_Init  stm32f7xx_hal_tim.o
    0x080029d4   0x080029d4   0x00000002   Code   RO         2774    i.HAL_TIM_PWM_MspInit  stm32f7xx_hal_tim.o
    0x080029d6   0x080029d6   0x00000056   Code   RO         2786    i.HAL_TIM_SlaveConfigSynchro  stm32f7xx_hal_tim.o
    0x08002a2c   0x08002a2c   0x00000002   Code   RO         3705    i.HAL_UARTEx_RxEventCallback  stm32f7xx_hal_uart.o
    0x08002a2e   0x08002a2e   0x00000002   Code   RO         3706    i.HAL_UARTEx_WakeupCallback  stm32f7xx_hal_uart.o
    0x08002a30   0x08002a30   0x00000002   Code   RO         3722    i.HAL_UART_ErrorCallback  stm32f7xx_hal_uart.o
    0x08002a32   0x08002a32   0x00000002   PAD
    0x08002a34   0x08002a34   0x00000294   Code   RO         3725    i.HAL_UART_IRQHandler  stm32f7xx_hal_uart.o
    0x08002cc8   0x08002cc8   0x00000066   Code   RO         3726    i.HAL_UART_Init     stm32f7xx_hal_uart.o
    0x08002d2e   0x08002d2e   0x00000002   PAD
    0x08002d30   0x08002d30   0x0000015c   Code   RO          543    i.HAL_UART_MspInit  stm32f7xx_hal_msp.o
    0x08002e8c   0x08002e8c   0x00000002   Code   RO         3738    i.HAL_UART_TxCpltCallback  stm32f7xx_hal_uart.o
    0x08002e8e   0x08002e8e   0x00000002   Code   RO          450    i.HardFault_Handler  stm32f7xx_it.o
    0x08002e90   0x08002e90   0x0000006c   Code   RO           16    i.MX_GPIO_Init      main.o
    0x08002efc   0x08002efc   0x000000b8   Code   RO          765    i.MX_LWIP_Init      lwip.o
    0x08002fb4   0x08002fb4   0x000000f4   Code   RO           17    i.MX_TIM1_Init      main.o
    0x080030a8   0x080030a8   0x000000a4   Code   RO           18    i.MX_TIM2_Init      main.o
    0x0800314c   0x0800314c   0x000000e0   Code   RO           19    i.MX_TIM8_Init      main.o
    0x0800322c   0x0800322c   0x00000038   Code   RO           20    i.MX_USART1_UART_Init  main.o
    0x08003264   0x08003264   0x00000038   Code   RO           21    i.MX_USART2_UART_Init  main.o
    0x0800329c   0x0800329c   0x00000002   Code   RO          451    i.MemManage_Handler  stm32f7xx_it.o
    0x0800329e   0x0800329e   0x00000002   Code   RO          452    i.NMI_Handler       stm32f7xx_it.o
    0x080032a0   0x080032a0   0x0000000c   Code   RO           22    i.StartDefaultTask  main.o
    0x080032ac   0x080032ac   0x00000008   Code   RO           23    i.StartTask02       main.o
    0x080032b4   0x080032b4   0x00000018   Code   RO          453    i.SysTick_Handler   stm32f7xx_it.o
    0x080032cc   0x080032cc   0x000000c0   Code   RO           24    i.SystemClock_Config  main.o
    0x0800338c   0x0800338c   0x00000010   Code   RO         4173    i.SystemInit        system_stm32f7xx.o
    0x0800339c   0x0800339c   0x000000cc   Code   RO         2790    i.TIM_Base_SetConfig  stm32f7xx_hal_tim.o
    0x08003468   0x08003468   0x00000012   Code   RO         2801    i.TIM_ETR_SetConfig  stm32f7xx_hal_tim.o
    0x0800347a   0x0800347a   0x00000010   Code   RO         2802    i.TIM_ITRx_SetConfig  stm32f7xx_hal_tim.o
    0x0800348a   0x0800348a   0x00000002   PAD
    0x0800348c   0x0800348c   0x00000074   Code   RO         2803    i.TIM_OC1_SetConfig  stm32f7xx_hal_tim.o
    0x08003500   0x08003500   0x00000078   Code   RO         2804    i.TIM_OC2_SetConfig  stm32f7xx_hal_tim.o
    0x08003578   0x08003578   0x00000078   Code   RO         2805    i.TIM_OC3_SetConfig  stm32f7xx_hal_tim.o
    0x080035f0   0x080035f0   0x00000058   Code   RO         2806    i.TIM_OC4_SetConfig  stm32f7xx_hal_tim.o
    0x08003648   0x08003648   0x00000058   Code   RO         2807    i.TIM_OC5_SetConfig  stm32f7xx_hal_tim.o
    0x080036a0   0x080036a0   0x00000058   Code   RO         2808    i.TIM_OC6_SetConfig  stm32f7xx_hal_tim.o
    0x080036f8   0x080036f8   0x00000094   Code   RO         2809    i.TIM_SlaveTimer_SetConfig  stm32f7xx_hal_tim.o
    0x0800378c   0x0800378c   0x00000022   Code   RO         2810    i.TIM_TI1_ConfigInputStage  stm32f7xx_hal_tim.o
    0x080037ae   0x080037ae   0x00000002   PAD
    0x080037b0   0x080037b0   0x00000080   Code   RO         2811    i.TIM_TI1_SetConfig  stm32f7xx_hal_tim.o
    0x08003830   0x08003830   0x00000024   Code   RO         2812    i.TIM_TI2_ConfigInputStage  stm32f7xx_hal_tim.o
    0x08003854   0x08003854   0x00000036   Code   RO         2813    i.TIM_TI2_SetConfig  stm32f7xx_hal_tim.o
    0x0800388a   0x0800388a   0x00000018   Code   RO         5332    i.TimerCallback     cmsis_os2.o
    0x080038a2   0x080038a2   0x000000c8   Code   RO         3740    i.UART_AdvFeatureConfig  stm32f7xx_hal_uart.o
    0x0800396a   0x0800396a   0x0000005c   Code   RO         3741    i.UART_CheckIdleState  stm32f7xx_hal_uart.o
    0x080039c6   0x080039c6   0x00000014   Code   RO         3742    i.UART_DMAAbortOnError  stm32f7xx_hal_uart.o
    0x080039da   0x080039da   0x0000004a   Code   RO         3752    i.UART_EndRxTransfer  stm32f7xx_hal_uart.o
    0x08003a24   0x08003a24   0x00000230   Code   RO         3756    i.UART_SetConfig    stm32f7xx_hal_uart.o
    0x08003c54   0x08003c54   0x000000ca   Code   RO         3761    i.UART_WaitOnFlagUntilTimeout  stm32f7xx_hal_uart.o
    0x08003d1e   0x08003d1e   0x00000002   PAD
    0x08003d20   0x08003d20   0x0000000c   Code   RO          454    i.USART2_IRQHandler  stm32f7xx_it.o
    0x08003d2c   0x08003d2c   0x00000002   Code   RO          455    i.UsageFault_Handler  stm32f7xx_it.o
    0x08003d2e   0x08003d2e   0x00000002   PAD
    0x08003d30   0x08003d30   0x00000020   Code   RO        10912    i.__0printf$3       mc_w.l(printf3.o)
    0x08003d50   0x08003d50   0x00000022   Code   RO         1762    i.__NVIC_SetPriority  stm32f7xx_hal_cortex.o
    0x08003d72   0x08003d72   0x0000000e   Code   RO        11145    i.__scatterload_copy  mc_w.l(handlers.o)
    0x08003d80   0x08003d80   0x00000002   Code   RO        11146    i.__scatterload_null  mc_w.l(handlers.o)
    0x08003d82   0x08003d82   0x0000000e   Code   RO        11147    i.__scatterload_zeroinit  mc_w.l(handlers.o)
    0x08003d90   0x08003d90   0x000001b8   Code   RO        10919    i._printf_core      mc_w.l(printf3.o)
    0x08003f48   0x08003f48   0x0000009c   Code   RO         9619    i.dhcp_arp_reply    dhcp.o
    0x08003fe4   0x08003fe4   0x00000184   Code   RO         9620    i.dhcp_bind         dhcp.o
    0x08004168   0x08004168   0x00000034   Code   RO         9621    i.dhcp_check        dhcp.o
    0x0800419c   0x0800419c   0x000000ac   Code   RO         9623    i.dhcp_coarse_tmr   dhcp.o
    0x08004248   0x08004248   0x000001e4   Code   RO         9624    i.dhcp_create_msg   dhcp.o
    0x0800442c   0x0800442c   0x000000b8   Code   RO         9625    i.dhcp_dec_pcb_refcount  dhcp.o
    0x080044e4   0x080044e4   0x0000009c   Code   RO         9626    i.dhcp_decline      dhcp.o
    0x08004580   0x08004580   0x000000e8   Code   RO         9627    i.dhcp_discover     dhcp.o
    0x08004668   0x08004668   0x00000034   Code   RO         9628    i.dhcp_fine_tmr     dhcp.o
    0x0800469c   0x0800469c   0x0000008c   Code   RO         9629    i.dhcp_handle_ack   dhcp.o
    0x08004728   0x08004728   0x000000ec   Code   RO         9630    i.dhcp_inc_pcb_refcount  dhcp.o
    0x08004814   0x08004814   0x000000c8   Code   RO         9632    i.dhcp_network_changed  dhcp.o
    0x080048dc   0x080048dc   0x00000098   Code   RO         9633    i.dhcp_option       dhcp.o
    0x08004974   0x08004974   0x000000bc   Code   RO         9634    i.dhcp_option_byte  dhcp.o
    0x08004a30   0x08004a30   0x000000d8   Code   RO         9635    i.dhcp_option_long  dhcp.o
    0x08004b08   0x08004b08   0x000000c8   Code   RO         9636    i.dhcp_option_short  dhcp.o
    0x08004bd0   0x08004bd0   0x00000022   Code   RO         9637    i.dhcp_option_trailer  dhcp.o
    0x08004bf2   0x08004bf2   0x00000002   PAD
    0x08004bf4   0x08004bf4   0x000003dc   Code   RO         9638    i.dhcp_parse_reply  dhcp.o
    0x08004fd0   0x08004fd0   0x000000d8   Code   RO         9639    i.dhcp_rebind       dhcp.o
    0x080050a8   0x080050a8   0x00000100   Code   RO         9640    i.dhcp_reboot       dhcp.o
    0x080051a8   0x080051a8   0x00000120   Code   RO         9641    i.dhcp_recv         dhcp.o
    0x080052c8   0x080052c8   0x000000bc   Code   RO         9643    i.dhcp_release_and_stop  dhcp.o
    0x08005384   0x08005384   0x000000d8   Code   RO         9644    i.dhcp_renew        dhcp.o
    0x0800545c   0x0800545c   0x00000200   Code   RO         9645    i.dhcp_select       dhcp.o
    0x0800565c   0x0800565c   0x00000010   Code   RO         9646    i.dhcp_set_state    dhcp.o
    0x0800566c   0x0800566c   0x00000128   Code   RO         9648    i.dhcp_start        dhcp.o
    0x08005794   0x08005794   0x0000001c   Code   RO         9650    i.dhcp_supplied_address  dhcp.o
    0x080057b0   0x080057b0   0x0000006c   Code   RO         9651    i.dhcp_timeout      dhcp.o
    0x0800581c   0x0800581c   0x00000024   Code   RO         7879    i.dns_backupserver_available  dns.o
    0x08005840   0x08005840   0x00000098   Code   RO         7880    i.dns_call_found    dns.o
    0x080058d8   0x080058d8   0x0000016c   Code   RO         7881    i.dns_check_entry   dns.o
    0x08005a44   0x08005a44   0x00000002   Code   RO         7887    i.dns_init          dns.o
    0x08005a46   0x08005a46   0x00000002   PAD
    0x08005a48   0x08005a48   0x000001a8   Code   RO         7889    i.dns_send          dns.o
    0x08005bf0   0x08005bf0   0x00000020   Code   RO         7890    i.dns_setserver     dns.o
    0x08005c10   0x08005c10   0x00000014   Code   RO         7891    i.dns_tmr           dns.o
    0x08005c24   0x08005c24   0x000000a8   Code   RO         8207    i.do_memp_free_pool  memp.o
    0x08005ccc   0x08005ccc   0x000000b8   Code   RO         8208    i.do_memp_malloc_pool  memp.o
    0x08005d84   0x08005d84   0x0000002c   Code   RO         9826    i.etharp_cleanup_netif  etharp.o
    0x08005db0   0x08005db0   0x0000025c   Code   RO         9828    i.etharp_find_entry  etharp.o
    0x0800600c   0x0800600c   0x00000024   Code   RO         9829    i.etharp_free_entry  etharp.o
    0x08006030   0x08006030   0x00000118   Code   RO         9831    i.etharp_input      etharp.o
    0x08006148   0x08006148   0x000001b0   Code   RO         9832    i.etharp_output     etharp.o
    0x080062f8   0x080062f8   0x00000110   Code   RO         9833    i.etharp_output_to_arp_index  etharp.o
    0x08006408   0x08006408   0x000001e8   Code   RO         9834    i.etharp_query      etharp.o
    0x080065f0   0x080065f0   0x00000174   Code   RO         9835    i.etharp_raw        etharp.o
    0x08006764   0x08006764   0x0000000c   Code   RO         9836    i.etharp_request    etharp.o
    0x08006770   0x08006770   0x00000020   Code   RO         9837    i.etharp_request_dst  etharp.o
    0x08006790   0x08006790   0x00000060   Code   RO         9838    i.etharp_tmr        etharp.o
    0x080067f0   0x080067f0   0x0000011c   Code   RO         9839    i.etharp_update_arp_entry  etharp.o
    0x0800690c   0x0800690c   0x000000a4   Code   RO         6430    i.ethernet_input    ethernet.o
    0x080069b0   0x080069b0   0x000000f8   Code   RO         6431    i.ethernet_output   ethernet.o
    0x08006aa8   0x08006aa8   0x00000090   Code   RO          636    i.ethernetif_init   ethernetif.o
    0x08006b38   0x08006b38   0x0000004c   Code   RO          637    i.ethernetif_input  ethernetif.o
    0x08006b84   0x08006b84   0x00000002   Code   RO          638    i.ethernetif_notify_conn_changed  ethernetif.o
    0x08006b86   0x08006b86   0x00000002   PAD
    0x08006b88   0x08006b88   0x00000044   Code   RO          639    i.ethernetif_set_link  ethernetif.o
    0x08006bcc   0x08006bcc   0x000000b0   Code   RO          640    i.ethernetif_update_config  ethernetif.o
    0x08006c7c   0x08006c7c   0x00000012   Code   RO        11102    i.fputc             mc_w.l(fputc.o)
    0x08006c8e   0x08006c8e   0x00000008   Code   RO         9926    i.icmp_dest_unreach  icmp.o
    0x08006c96   0x08006c96   0x00000002   PAD
    0x08006c98   0x08006c98   0x000001ec   Code   RO         9927    i.icmp_input        icmp.o
    0x08006e84   0x08006e84   0x00000110   Code   RO         9928    i.icmp_send_response  icmp.o
    0x08006f94   0x08006f94   0x00000008   Code   RO         9929    i.icmp_time_exceeded  icmp.o
    0x08006f9c   0x08006f9c   0x0000002e   Code   RO        10043    i.ip4_addr_isbroadcast_u32  ip4_addr.o
    0x08006fca   0x08006fca   0x00000002   PAD
    0x08006fcc   0x08006fcc   0x00000268   Code   RO        10112    i.ip4_frag          ip4_frag.o
    0x08007234   0x08007234   0x00000194   Code   RO         9988    i.ip4_input         ip4.o
    0x080073c8   0x080073c8   0x0000002c   Code   RO         9989    i.ip4_input_accept  ip4.o
    0x080073f4   0x080073f4   0x0000001e   Code   RO         9991    i.ip4_output_if     ip4.o
    0x08007412   0x08007412   0x00000002   PAD
    0x08007414   0x08007414   0x00000178   Code   RO         9992    i.ip4_output_if_src  ip4.o
    0x0800758c   0x0800758c   0x00000288   Code   RO        10113    i.ip4_reass         ip4_frag.o
    0x08007814   0x08007814   0x00000060   Code   RO         9993    i.ip4_route         ip4.o
    0x08007874   0x08007874   0x00000090   Code   RO        10114    i.ip_frag_free_pbuf_custom_ref  ip4_frag.o
    0x08007904   0x08007904   0x00000248   Code   RO        10115    i.ip_reass_chain_frag_into_datagram_and_validate  ip4_frag.o
    0x08007b4c   0x08007b4c   0x000000bc   Code   RO        10116    i.ip_reass_dequeue_datagram  ip4_frag.o
    0x08007c08   0x08007c08   0x00000198   Code   RO        10117    i.ip_reass_free_complete_datagram  ip4_frag.o
    0x08007da0   0x08007da0   0x00000080   Code   RO        10118    i.ip_reass_remove_oldest_datagram  ip4_frag.o
    0x08007e20   0x08007e20   0x0000002c   Code   RO        10119    i.ip_reass_tmr      ip4_frag.o
    0x08007e4c   0x08007e4c   0x00000098   Code   RO        10120    i.ipfrag_free_pbuf_custom  ip4_frag.o
    0x08007ee4   0x08007ee4   0x00000004   Code   RO          593    i.jwSerilaPortInit  jwserial.o
    0x08007ee8   0x08007ee8   0x00000010   Code   RO          594    i.jw_communication_Init  jwserial.o
    0x08007ef8   0x08007ef8   0x0000013c   Code   RO          641    i.low_level_init    ethernetif.o
    0x08008034   0x08008034   0x000000c8   Code   RO          642    i.low_level_input   ethernetif.o
    0x080080fc   0x080080fc   0x000000b0   Code   RO          643    i.low_level_output  ethernetif.o
    0x080081ac   0x080081ac   0x0000003c   Code   RO         9387    i.lwip_cyclic_timer  timeouts.o
    0x080081e8   0x080081e8   0x00000004   Code   RO         7824    i.lwip_htonl        def.o
    0x080081ec   0x080081ec   0x00000004   Code   RO         7825    i.lwip_htons        def.o
    0x080081f0   0x080081f0   0x00000026   Code   RO         8060    i.lwip_init         init.o
    0x08008216   0x08008216   0x00000002   PAD
    0x08008218   0x08008218   0x00000120   Code   RO           25    i.main              main.o
    0x08008338   0x08008338   0x000001c8   Code   RO         8131    i.mem_free          mem.o
    0x08008500   0x08008500   0x000000c8   Code   RO         8132    i.mem_init          mem.o
    0x080085c8   0x080085c8   0x0000024c   Code   RO         8133    i.mem_malloc        mem.o
    0x08008814   0x08008814   0x00000010   Code   RO         8134    i.mem_to_ptr        mem.o
    0x08008824   0x08008824   0x000001e4   Code   RO         8135    i.mem_trim          mem.o
    0x08008a08   0x08008a08   0x0000009c   Code   RO         8209    i.memp_free         memp.o
    0x08008aa4   0x08008aa4   0x00000020   Code   RO         8211    i.memp_init         memp.o
    0x08008ac4   0x08008ac4   0x0000002a   Code   RO         8212    i.memp_init_pool    memp.o
    0x08008aee   0x08008aee   0x00000002   PAD
    0x08008af0   0x08008af0   0x000000a4   Code   RO         8213    i.memp_malloc       memp.o
    0x08008b94   0x08008b94   0x000001dc   Code   RO         8353    i.netif_add         netif.o
    0x08008d70   0x08008d70   0x00000016   Code   RO         8355    i.netif_do_ip_addr_changed  netif.o
    0x08008d86   0x08008d86   0x00000016   Code   RO         8356    i.netif_do_set_gw   netif.o
    0x08008d9c   0x08008d9c   0x000000c4   Code   RO         8357    i.netif_do_set_ipaddr  netif.o
    0x08008e60   0x08008e60   0x00000016   Code   RO         8358    i.netif_do_set_netmask  netif.o
    0x08008e76   0x08008e76   0x00000002   PAD
    0x08008e78   0x08008e78   0x00000028   Code   RO         8360    i.netif_get_by_index  netif.o
    0x08008ea0   0x08008ea0   0x00000002   Code   RO         8362    i.netif_init        netif.o
    0x08008ea2   0x08008ea2   0x00000002   PAD
    0x08008ea4   0x08008ea4   0x000000c0   Code   RO         8364    i.netif_issue_reports  netif.o
    0x08008f64   0x08008f64   0x00000006   Code   RO         8366    i.netif_null_output_ip4  netif.o
    0x08008f6a   0x08008f6a   0x00000002   PAD
    0x08008f6c   0x08008f6c   0x00000060   Code   RO         8368    i.netif_set_addr    netif.o
    0x08008fcc   0x08008fcc   0x0000000c   Code   RO         8369    i.netif_set_default  netif.o
    0x08008fd8   0x08008fd8   0x000000a8   Code   RO         8370    i.netif_set_down    netif.o
    0x08009080   0x08009080   0x00000008   Code   RO         8373    i.netif_set_link_callback  netif.o
    0x08009088   0x08009088   0x000000ac   Code   RO         8374    i.netif_set_link_down  netif.o
    0x08009134   0x08009134   0x000000c8   Code   RO         8375    i.netif_set_link_up  netif.o
    0x080091fc   0x080091fc   0x000000a0   Code   RO         8377    i.netif_set_up      netif.o
    0x0800929c   0x0800929c   0x00000034   Code   RO         5333    i.osDelay           cmsis_os2.o
    0x080092d0   0x080092d0   0x00000044   Code   RO         5338    i.osEventFlagsNew   cmsis_os2.o
    0x08009314   0x08009314   0x00000028   Code   RO         5345    i.osKernelGetTickCount  cmsis_os2.o
    0x0800933c   0x0800933c   0x00000038   Code   RO         5347    i.osKernelInitialize  cmsis_os2.o
    0x08009374   0x08009374   0x00000040   Code   RO         5350    i.osKernelStart     cmsis_os2.o
    0x080093b4   0x080093b4   0x00000080   Code   RO         5353    i.osMessageQueueGet  cmsis_os2.o
    0x08009434   0x08009434   0x00000074   Code   RO         5358    i.osMessageQueueNew  cmsis_os2.o
    0x080094a8   0x080094a8   0x00000084   Code   RO         5359    i.osMessageQueuePut  cmsis_os2.o
    0x0800952c   0x0800952c   0x0000006c   Code   RO         5361    i.osMutexAcquire    cmsis_os2.o
    0x08009598   0x08009598   0x00000080   Code   RO         5364    i.osMutexNew        cmsis_os2.o
    0x08009618   0x08009618   0x0000005c   Code   RO         5365    i.osMutexRelease    cmsis_os2.o
    0x08009674   0x08009674   0x0000007c   Code   RO         5366    i.osSemaphoreAcquire  cmsis_os2.o
    0x080096f0   0x080096f0   0x000000b0   Code   RO         5369    i.osSemaphoreNew    cmsis_os2.o
    0x080097a0   0x080097a0   0x00000074   Code   RO         5370    i.osSemaphoreRelease  cmsis_os2.o
    0x08009814   0x08009814   0x000000a8   Code   RO         5383    i.osThreadNew       cmsis_os2.o
    0x080098bc   0x080098bc   0x00000088   Code   RO         5392    i.osTimerNew        cmsis_os2.o
    0x08009944   0x08009944   0x00000006   Code   RO         8541    i.pbuf_add_header   pbuf.o
    0x0800994a   0x0800994a   0x00000002   PAD
    0x0800994c   0x0800994c   0x000000c0   Code   RO         8543    i.pbuf_add_header_impl  pbuf.o
    0x08009a0c   0x08009a0c   0x0000025c   Code   RO         8544    i.pbuf_alloc        pbuf.o
    0x08009c68   0x08009c68   0x000000b0   Code   RO         8545    i.pbuf_alloc_reference  pbuf.o
    0x08009d18   0x08009d18   0x00000036   Code   RO         8546    i.pbuf_alloced_custom  pbuf.o
    0x08009d4e   0x08009d4e   0x00000002   PAD
    0x08009d50   0x08009d50   0x00000130   Code   RO         8547    i.pbuf_cat          pbuf.o
    0x08009e80   0x08009e80   0x00000012   Code   RO         8548    i.pbuf_chain        pbuf.o
    0x08009e92   0x08009e92   0x00000012   Code   RO         8549    i.pbuf_clen         pbuf.o
    0x08009ea4   0x08009ea4   0x0000009c   Code   RO         8550    i.pbuf_clone        pbuf.o
    0x08009f40   0x08009f40   0x000001e0   Code   RO         8552    i.pbuf_copy         pbuf.o
    0x0800a120   0x0800a120   0x0000011c   Code   RO         8553    i.pbuf_copy_partial  pbuf.o
    0x0800a23c   0x0800a23c   0x00000168   Code   RO         8555    i.pbuf_free         pbuf.o
    0x0800a3a4   0x0800a3a4   0x00000034   Code   RO         8557    i.pbuf_free_ooseq_callback  pbuf.o
    0x0800a3d8   0x0800a3d8   0x00000006   Code   RO         8561    i.pbuf_header_force  pbuf.o
    0x0800a3de   0x0800a3de   0x0000000e   Code   RO         8562    i.pbuf_header_impl  pbuf.o
    0x0800a3ec   0x0800a3ec   0x0000001c   Code   RO         8563    i.pbuf_init_alloced_pbuf  pbuf.o
    0x0800a408   0x0800a408   0x0000001e   Code   RO         8566    i.pbuf_put_at       pbuf.o
    0x0800a426   0x0800a426   0x00000002   PAD
    0x0800a428   0x0800a428   0x00000134   Code   RO         8567    i.pbuf_realloc      pbuf.o
    0x0800a55c   0x0800a55c   0x0000009c   Code   RO         8568    i.pbuf_ref          pbuf.o
    0x0800a5f8   0x0800a5f8   0x000000d0   Code   RO         8569    i.pbuf_remove_header  pbuf.o
    0x0800a6c8   0x0800a6c8   0x00000004   Code   RO         8570    i.pbuf_skip         pbuf.o
    0x0800a6cc   0x0800a6cc   0x00000018   Code   RO         8571    i.pbuf_skip_const   pbuf.o
    0x0800a6e4   0x0800a6e4   0x0000017c   Code   RO         8573    i.pbuf_take         pbuf.o
    0x0800a860   0x0800a860   0x000000dc   Code   RO         8574    i.pbuf_take_at      pbuf.o
    0x0800a93c   0x0800a93c   0x000001a0   Code   RO         8136    i.plug_holes        mem.o
    0x0800aadc   0x0800aadc   0x00000064   Code   RO         4781    i.prvAddCurrentTaskToDelayedList  tasks.o
    0x0800ab40   0x0800ab40   0x000000d0   Code   RO         4782    i.prvAddNewTaskToReadyList  tasks.o
    0x0800ac10   0x0800ac10   0x00000058   Code   RO         5167    i.prvCheckForValidListAndQueue  timers.o
    0x0800ac68   0x0800ac68   0x00000026   Code   RO         4378    i.prvCopyDataFromQueue  queue.o
    0x0800ac8e   0x0800ac8e   0x0000006c   Code   RO         4379    i.prvCopyDataToQueue  queue.o
    0x0800acfa   0x0800acfa   0x00000038   Code   RO         4783    i.prvDeleteTCB      tasks.o
    0x0800ad32   0x0800ad32   0x00000002   PAD
    0x0800ad34   0x0800ad34   0x00000050   Code   RO         5775    i.prvHeapInit       heap_4.o
    0x0800ad84   0x0800ad84   0x00000064   Code   RO         4784    i.prvIdleTask       tasks.o
    0x0800ade8   0x0800ade8   0x00000016   Code   RO         4380    i.prvInitialiseMutex  queue.o
    0x0800adfe   0x0800adfe   0x00000002   PAD
    0x0800ae00   0x0800ae00   0x00000022   Code   RO         4381    i.prvInitialiseNewQueue  queue.o
    0x0800ae22   0x0800ae22   0x000000ba   Code   RO         4785    i.prvInitialiseNewTask  tasks.o
    0x0800aedc   0x0800aedc   0x00000054   Code   RO         5168    i.prvInitialiseNewTimer  timers.o
    0x0800af30   0x0800af30   0x0000004c   Code   RO         5776    i.prvInsertBlockIntoFreeList  heap_4.o
    0x0800af7c   0x0800af7c   0x0000003c   Code   RO         5169    i.prvInsertTimerInActiveList  timers.o
    0x0800afb8   0x0800afb8   0x0000001c   Code   RO         4382    i.prvIsQueueEmpty   queue.o
    0x0800afd4   0x0800afd4   0x00000100   Code   RO         5170    i.prvProcessReceivedCommands  timers.o
    0x0800b0d4   0x0800b0d4   0x000000c4   Code   RO         5171    i.prvProcessTimerOrBlockTask  timers.o
    0x0800b198   0x0800b198   0x00000020   Code   RO         4787    i.prvResetNextTaskUnblockTime  tasks.o
    0x0800b1b8   0x0800b1b8   0x00000028   Code   RO         5172    i.prvSampleTimeNow  timers.o
    0x0800b1e0   0x0800b1e0   0x00000070   Code   RO         5173    i.prvSwitchTimerLists  timers.o
    0x0800b250   0x0800b250   0x00000030   Code   RO         5825    i.prvTaskExitError  port.o
    0x0800b280   0x0800b280   0x00000024   Code   RO         5174    i.prvTimerTask      timers.o
    0x0800b2a4   0x0800b2a4   0x0000006a   Code   RO         4383    i.prvUnlockQueue    queue.o
    0x0800b30e   0x0800b30e   0x00000002   PAD
    0x0800b310   0x0800b310   0x0000000c   Code   RO         8137    i.ptr_to_mem        mem.o
    0x0800b31c   0x0800b31c   0x000000e4   Code   RO         5777    i.pvPortMalloc      heap_4.o
    0x0800b400   0x0800b400   0x0000001c   Code   RO         4791    i.pvTaskIncrementMutexHeldCount  tasks.o
    0x0800b41c   0x0800b41c   0x00000028   Code   RO         5175    i.pvTimerGetTimerID  timers.o
    0x0800b444   0x0800b444   0x00000030   Code   RO         5826    i.pxPortInitialiseStack  port.o
    0x0800b474   0x0800b474   0x0000003e   Code   RO        10366    i.sys_arch_mbox_fetch  sys_arch.o
    0x0800b4b2   0x0800b4b2   0x00000002   PAD
    0x0800b4b4   0x0800b4b4   0x00000018   Code   RO        10368    i.sys_arch_protect  sys_arch.o
    0x0800b4cc   0x0800b4cc   0x0000000c   Code   RO        10370    i.sys_arch_unprotect  sys_arch.o
    0x0800b4d8   0x0800b4d8   0x00000044   Code   RO         9388    i.sys_check_timeouts  timeouts.o
    0x0800b51c   0x0800b51c   0x00000014   Code   RO        10371    i.sys_init          sys_arch.o
    0x0800b530   0x0800b530   0x0000001e   Code   RO        10373    i.sys_mbox_new      sys_arch.o
    0x0800b54e   0x0800b54e   0x00000018   Code   RO        10376    i.sys_mbox_trypost  sys_arch.o
    0x0800b566   0x0800b566   0x0000000a   Code   RO        10378    i.sys_mbox_valid    sys_arch.o
    0x0800b570   0x0800b570   0x0000000a   Code   RO        10380    i.sys_mutex_lock    sys_arch.o
    0x0800b57a   0x0800b57a   0x00000018   Code   RO        10381    i.sys_mutex_new     sys_arch.o
    0x0800b592   0x0800b592   0x00000006   Code   RO        10382    i.sys_mutex_unlock  sys_arch.o
    0x0800b598   0x0800b598   0x00000004   Code   RO          645    i.sys_now           ethernetif.o
    0x0800b59c   0x0800b59c   0x0000002e   Code   RO        10388    i.sys_thread_new    sys_arch.o
    0x0800b5ca   0x0800b5ca   0x00000002   PAD
    0x0800b5cc   0x0800b5cc   0x000000c4   Code   RO         9390    i.sys_timeout       timeouts.o
    0x0800b690   0x0800b690   0x000000f8   Code   RO         9391    i.sys_timeout_abs   timeouts.o
    0x0800b788   0x0800b788   0x00000028   Code   RO         9392    i.sys_timeouts_init  timeouts.o
    0x0800b7b0   0x0800b7b0   0x00000028   Code   RO         9393    i.sys_timeouts_sleeptime  timeouts.o
    0x0800b7d8   0x0800b7d8   0x000001b0   Code   RO         8825    i.tcp_abandon       tcp.o
    0x0800b988   0x0800b988   0x00000006   Code   RO         8826    i.tcp_abort         tcp.o
    0x0800b98e   0x0800b98e   0x00000002   PAD
    0x0800b990   0x0800b990   0x0000012c   Code   RO         8829    i.tcp_alloc         tcp.o
    0x0800babc   0x0800babc   0x000000a0   Code   RO         8833    i.tcp_close         tcp.o
    0x0800bb5c   0x0800bb5c   0x000001dc   Code   RO         8834    i.tcp_close_shutdown  tcp.o
    0x0800bd38   0x0800bd38   0x000000c4   Code   RO         8835    i.tcp_close_shutdown_fin  tcp.o
    0x0800bdfc   0x0800bdfc   0x00000184   Code   RO         9227    i.tcp_create_segment  tcp_out.o
    0x0800bf80   0x0800bf80   0x000000b8   Code   RO         8838    i.tcp_eff_send_mss_netif  tcp.o
    0x0800c038   0x0800c038   0x00000238   Code   RO         9228    i.tcp_enqueue_flags  tcp_out.o
    0x0800c270   0x0800c270   0x0000006c   Code   RO         8840    i.tcp_fasttmr       tcp.o
    0x0800c2dc   0x0800c2dc   0x00000090   Code   RO         8841    i.tcp_free          tcp.o
    0x0800c36c   0x0800c36c   0x00000140   Code   RO         9138    i.tcp_free_acked_segments  tcp_in.o
    0x0800c4ac   0x0800c4ac   0x00000014   Code   RO         8842    i.tcp_free_ooseq    tcp.o
    0x0800c4c0   0x0800c4c0   0x00000028   Code   RO         9139    i.tcp_get_next_optbyte  tcp_in.o
    0x0800c4e8   0x0800c4e8   0x00000018   Code   RO         8843    i.tcp_init          tcp.o
    0x0800c500   0x0800c500   0x00000650   Code   RO         9140    i.tcp_input         tcp_in.o
    0x0800cb50   0x0800cb50   0x000000d4   Code   RO         9141    i.tcp_input_delayed_close  tcp_in.o
    0x0800cc24   0x0800cc24   0x000000cc   Code   RO         9229    i.tcp_keepalive     tcp_out.o
    0x0800ccf0   0x0800ccf0   0x000000bc   Code   RO         8844    i.tcp_kill_state    tcp.o
    0x0800cdac   0x0800cdac   0x00000070   Code   RO         8845    i.tcp_listen_closed  tcp.o
    0x0800ce1c   0x0800ce1c   0x00000198   Code   RO         9142    i.tcp_listen_input  tcp_in.o
    0x0800cfb4   0x0800cfb4   0x0000004c   Code   RO         8848    i.tcp_netif_ip_addr_changed  tcp.o
    0x0800d000   0x0800d000   0x000000c0   Code   RO         8849    i.tcp_netif_ip_addr_changed_pcblist  tcp.o
    0x0800d0c0   0x0800d0c0   0x00000098   Code   RO         8853    i.tcp_next_iss      tcp.o
    0x0800d158   0x0800d158   0x00000110   Code   RO         9143    i.tcp_oos_insert_segment  tcp_in.o
    0x0800d268   0x0800d268   0x000002e0   Code   RO         9230    i.tcp_output        tcp_out.o
    0x0800d548   0x0800d548   0x000000cc   Code   RO         9231    i.tcp_output_alloc_header  tcp_out.o
    0x0800d614   0x0800d614   0x00000110   Code   RO         9232    i.tcp_output_alloc_header_common  tcp_out.o
    0x0800d724   0x0800d724   0x000000e0   Code   RO         9233    i.tcp_output_control_segment  tcp_out.o
    0x0800d804   0x0800d804   0x000000dc   Code   RO         9234    i.tcp_output_fill_options  tcp_out.o
    0x0800d8e0   0x0800d8e0   0x000001e4   Code   RO         9235    i.tcp_output_segment  tcp_out.o
    0x0800dac4   0x0800dac4   0x000000a8   Code   RO         9236    i.tcp_output_segment_busy  tcp_out.o
    0x0800db6c   0x0800db6c   0x000000fc   Code   RO         9144    i.tcp_parseopt      tcp_in.o
    0x0800dc68   0x0800dc68   0x000000cc   Code   RO         8854    i.tcp_pcb_purge     tcp.o
    0x0800dd34   0x0800dd34   0x00000190   Code   RO         8855    i.tcp_pcb_remove    tcp.o
    0x0800dec4   0x0800dec4   0x000004c6   Code   RO         9145    i.tcp_process       tcp_in.o
    0x0800e38a   0x0800e38a   0x00000002   PAD
    0x0800e38c   0x0800e38c   0x00000104   Code   RO         8857    i.tcp_process_refused_data  tcp.o
    0x0800e490   0x0800e490   0x00000928   Code   RO         9146    i.tcp_receive       tcp_in.o
    0x0800edb8   0x0800edb8   0x000000b0   Code   RO         8859    i.tcp_recv_null     tcp.o
    0x0800ee68   0x0800ee68   0x00000100   Code   RO         8860    i.tcp_recved        tcp.o
    0x0800ef68   0x0800ef68   0x00000058   Code   RO         8861    i.tcp_remove_listener  tcp.o
    0x0800efc0   0x0800efc0   0x000000ec   Code   RO         9238    i.tcp_rexmit        tcp_out.o
    0x0800f0ac   0x0800f0ac   0x000000e8   Code   RO         9239    i.tcp_rexmit_fast   tcp_out.o
    0x0800f194   0x0800f194   0x000000a4   Code   RO         9240    i.tcp_rexmit_rto    tcp_out.o
    0x0800f238   0x0800f238   0x000000ac   Code   RO         9241    i.tcp_rexmit_rto_commit  tcp_out.o
    0x0800f2e4   0x0800f2e4   0x000000f8   Code   RO         9242    i.tcp_rexmit_rto_prepare  tcp_out.o
    0x0800f3dc   0x0800f3dc   0x00000010   Code   RO         9243    i.tcp_route         tcp_out.o
    0x0800f3ec   0x0800f3ec   0x00000114   Code   RO         9244    i.tcp_rst           tcp_out.o
    0x0800f500   0x0800f500   0x000000ac   Code   RO         8862    i.tcp_seg_copy      tcp.o
    0x0800f5ac   0x0800f5ac   0x0000001c   Code   RO         8863    i.tcp_seg_free      tcp.o
    0x0800f5c8   0x0800f5c8   0x00000012   Code   RO         8864    i.tcp_segs_free     tcp.o
    0x0800f5da   0x0800f5da   0x00000002   PAD
    0x0800f5dc   0x0800f5dc   0x000000ec   Code   RO         9245    i.tcp_send_empty_ack  tcp_out.o
    0x0800f6c8   0x0800f6c8   0x000000cc   Code   RO         9246    i.tcp_send_fin      tcp_out.o
    0x0800f794   0x0800f794   0x000005d4   Code   RO         8868    i.tcp_slowtmr       tcp.o
    0x0800fd68   0x0800fd68   0x00000230   Code   RO         9247    i.tcp_split_unsent_seg  tcp_out.o
    0x0800ff98   0x0800ff98   0x00000034   Code   RO         9395    i.tcp_timer_needed  timeouts.o
    0x0800ffcc   0x0800ffcc   0x00000100   Code   RO         9147    i.tcp_timewait_input  tcp_in.o
    0x080100cc   0x080100cc   0x00000020   Code   RO         8870    i.tcp_tmr           tcp.o
    0x080100ec   0x080100ec   0x00000010   Code   RO         9148    i.tcp_trigger_input_pcb_close  tcp_in.o
    0x080100fc   0x080100fc   0x000000f4   Code   RO         8872    i.tcp_update_rcv_ann_wnd  tcp.o
    0x080101f0   0x080101f0   0x00000144   Code   RO         9250    i.tcp_zero_window_probe  tcp_out.o
    0x08010334   0x08010334   0x00000110   Code   RO         7655    i.tcpip_init        tcpip.o
    0x08010444   0x08010444   0x000000c0   Code   RO         7656    i.tcpip_inpkt       tcpip.o
    0x08010504   0x08010504   0x0000001c   Code   RO         7657    i.tcpip_input       tcpip.o
    0x08010520   0x08010520   0x00000038   Code   RO         9396    i.tcpip_tcp_timer   timeouts.o
    0x08010558   0x08010558   0x000000f8   Code   RO         7659    i.tcpip_thread      tcpip.o
    0x08010650   0x08010650   0x000000cc   Code   RO         7660    i.tcpip_thread_handle_msg  tcpip.o
    0x0801071c   0x0801071c   0x000000bc   Code   RO         7661    i.tcpip_try_callback  tcpip.o
    0x080107d8   0x080107d8   0x0000013c   Code   RO         9476    i.udp_bind          udp.o
    0x08010914   0x08010914   0x00000100   Code   RO         9478    i.udp_connect       udp.o
    0x08010a14   0x08010a14   0x00000018   Code   RO         9480    i.udp_init          udp.o
    0x08010a2c   0x08010a2c   0x000001e8   Code   RO         9481    i.udp_input         udp.o
    0x08010c14   0x08010c14   0x0000010c   Code   RO         9482    i.udp_input_local_match  udp.o
    0x08010d20   0x08010d20   0x00000034   Code   RO         9483    i.udp_netif_ip_addr_changed  udp.o
    0x08010d54   0x08010d54   0x0000001a   Code   RO         9484    i.udp_new           udp.o
    0x08010d6e   0x08010d6e   0x00000002   PAD
    0x08010d70   0x08010d70   0x00000088   Code   RO         9486    i.udp_recv          udp.o
    0x08010df8   0x08010df8   0x000000b0   Code   RO         9487    i.udp_remove        udp.o
    0x08010ea8   0x08010ea8   0x00000114   Code   RO         9489    i.udp_sendto        udp.o
    0x08010fbc   0x08010fbc   0x00000140   Code   RO         9490    i.udp_sendto_if     udp.o
    0x080110fc   0x080110fc   0x00000248   Code   RO         9491    i.udp_sendto_if_src  udp.o
    0x08011344   0x08011344   0x00000026   Code   RO         4338    i.uxListRemove      list.o
    0x0801136a   0x0801136a   0x00000002   PAD
    0x0801136c   0x0801136c   0x00000018   Code   RO         5395    i.vApplicationGetIdleTaskMemory  cmsis_os2.o
    0x08011384   0x08011384   0x00000018   Code   RO         5396    i.vApplicationGetTimerTaskMemory  cmsis_os2.o
    0x0801139c   0x0801139c   0x00000002   Code   RO          406    i.vApplicationIdleHook  freertos.o
    0x0801139e   0x0801139e   0x00000002   Code   RO          407    i.vApplicationTickHook  freertos.o
    0x080113a0   0x080113a0   0x00000016   Code   RO         4339    i.vListInitialise   list.o
    0x080113b6   0x080113b6   0x00000006   Code   RO         4340    i.vListInitialiseItem  list.o
    0x080113bc   0x080113bc   0x00000030   Code   RO         4341    i.vListInsert       list.o
    0x080113ec   0x080113ec   0x00000018   Code   RO         4342    i.vListInsertEnd    list.o
    0x08011404   0x08011404   0x00000048   Code   RO         5828    i.vPortEnterCritical  port.o
    0x0801144c   0x0801144c   0x0000002c   Code   RO         5829    i.vPortExitCritical  port.o
    0x08011478   0x08011478   0x00000064   Code   RO         5778    i.vPortFree         heap_4.o
    0x080114dc   0x080114dc   0x00000024   Code   RO         5830    i.vPortSetupTimerInterrupt  port.o
    0x08011500   0x08011500   0x0000005c   Code   RO         5831    i.vPortValidateInterruptPriority  port.o
    0x0801155c   0x0801155c   0x00000028   Code   RO         4389    i.vQueueAddToRegistry  queue.o
    0x08011584   0x08011584   0x00000032   Code   RO         4390    i.vQueueDelete      queue.o
    0x080115b6   0x080115b6   0x00000002   PAD
    0x080115b8   0x080115b8   0x00000028   Code   RO         4392    i.vQueueUnregisterQueue  queue.o
    0x080115e0   0x080115e0   0x00000044   Code   RO         4393    i.vQueueWaitForMessageRestricted  queue.o
    0x08011624   0x08011624   0x00000050   Code   RO         4801    i.vTaskDelay        tasks.o
    0x08011674   0x08011674   0x00000010   Code   RO         4806    i.vTaskInternalSetTimeOutState  tasks.o
    0x08011684   0x08011684   0x0000000c   Code   RO         4808    i.vTaskMissedYield  tasks.o
    0x08011690   0x08011690   0x00000034   Code   RO         4810    i.vTaskPlaceOnEventList  tasks.o
    0x080116c4   0x080116c4   0x0000003c   Code   RO         4811    i.vTaskPlaceOnEventListRestricted  tasks.o
    0x08011700   0x08011700   0x0000009c   Code   RO         4813    i.vTaskPriorityDisinheritAfterTimeout  tasks.o
    0x0801179c   0x0801179c   0x00000090   Code   RO         4819    i.vTaskStartScheduler  tasks.o
    0x0801182c   0x0801182c   0x00000010   Code   RO         4821    i.vTaskSuspendAll   tasks.o
    0x0801183c   0x0801183c   0x00000068   Code   RO         4822    i.vTaskSwitchContext  tasks.o
    0x080118a4   0x080118a4   0x0000001c   Code   RO         4224    i.xEventGroupCreate  event_groups.o
    0x080118c0   0x080118c0   0x0000002e   Code   RO         4225    i.xEventGroupCreateStatic  event_groups.o
    0x080118ee   0x080118ee   0x00000002   PAD
    0x080118f0   0x080118f0   0x000000c0   Code   RO         5832    i.xPortStartScheduler  port.o
    0x080119b0   0x080119b0   0x00000030   Code   RO         5833    i.xPortSysTickHandler  port.o
    0x080119e0   0x080119e0   0x00000042   Code   RO         4394    i.xQueueCreateCountingSemaphore  queue.o
    0x08011a22   0x08011a22   0x00000048   Code   RO         4395    i.xQueueCreateCountingSemaphoreStatic  queue.o
    0x08011a6a   0x08011a6a   0x00000016   Code   RO         4396    i.xQueueCreateMutex  queue.o
    0x08011a80   0x08011a80   0x0000001a   Code   RO         4397    i.xQueueCreateMutexStatic  queue.o
    0x08011a9a   0x08011a9a   0x0000004c   Code   RO         4398    i.xQueueGenericCreate  queue.o
    0x08011ae6   0x08011ae6   0x00000076   Code   RO         4399    i.xQueueGenericCreateStatic  queue.o
    0x08011b5c   0x08011b5c   0x00000098   Code   RO         4400    i.xQueueGenericReset  queue.o
    0x08011bf4   0x08011bf4   0x00000170   Code   RO         4401    i.xQueueGenericSend  queue.o
    0x08011d64   0x08011d64   0x000000cc   Code   RO         4402    i.xQueueGenericSendFromISR  queue.o
    0x08011e30   0x08011e30   0x000000ac   Code   RO         4405    i.xQueueGiveFromISR  queue.o
    0x08011edc   0x08011edc   0x00000042   Code   RO         4406    i.xQueueGiveMutexRecursive  queue.o
    0x08011f1e   0x08011f1e   0x00000002   PAD
    0x08011f20   0x08011f20   0x00000148   Code   RO         4411    i.xQueueReceive     queue.o
    0x08012068   0x08012068   0x000000a8   Code   RO         4412    i.xQueueReceiveFromISR  queue.o
    0x08012110   0x08012110   0x0000018c   Code   RO         4413    i.xQueueSemaphoreTake  queue.o
    0x0801229c   0x0801229c   0x00000040   Code   RO         4414    i.xQueueTakeMutexRecursive  queue.o
    0x080122dc   0x080122dc   0x00000094   Code   RO         4824    i.xTaskCheckForTimeOut  tasks.o
    0x08012370   0x08012370   0x0000005a   Code   RO         4825    i.xTaskCreate       tasks.o
    0x080123ca   0x080123ca   0x0000005e   Code   RO         4826    i.xTaskCreateStatic  tasks.o
    0x08012428   0x08012428   0x0000000c   Code   RO         4829    i.xTaskGetCurrentTaskHandle  tasks.o
    0x08012434   0x08012434   0x0000001c   Code   RO         4831    i.xTaskGetSchedulerState  tasks.o
    0x08012450   0x08012450   0x0000000c   Code   RO         4832    i.xTaskGetTickCount  tasks.o
    0x0801245c   0x0801245c   0x00000010   Code   RO         4833    i.xTaskGetTickCountFromISR  tasks.o
    0x0801246c   0x0801246c   0x000000d4   Code   RO         4834    i.xTaskIncrementTick  tasks.o
    0x08012540   0x08012540   0x0000008c   Code   RO         4837    i.xTaskPriorityDisinherit  tasks.o
    0x080125cc   0x080125cc   0x0000007c   Code   RO         4838    i.xTaskPriorityInherit  tasks.o
    0x08012648   0x08012648   0x00000074   Code   RO         4839    i.xTaskRemoveFromEventList  tasks.o
    0x080126bc   0x080126bc   0x000000c8   Code   RO         4840    i.xTaskResumeAll    tasks.o
    0x08012784   0x08012784   0x00000034   Code   RO         5180    i.xTimerCreate      timers.o
    0x080127b8   0x080127b8   0x00000032   Code   RO         5181    i.xTimerCreateStatic  timers.o
    0x080127ea   0x080127ea   0x00000002   PAD
    0x080127ec   0x080127ec   0x00000064   Code   RO         5182    i.xTimerCreateTimerTask  timers.o
    0x08012850   0x08012850   0x0000006c   Code   RO         5183    i.xTimerGenericCommand  timers.o
    0x080128bc   0x080128bc   0x000000f8   Data   RO           30    .constdata          main.o
    0x080129b4   0x080129b4   0x00000008   Data   RO         1396    .constdata          stm32f7xx_hal_dma.o
    0x080129bc   0x080129bc   0x00000010   Data   RO         4174    .constdata          system_stm32f7xx.o
    0x080129cc   0x080129cc   0x00000008   Data   RO         4175    .constdata          system_stm32f7xx.o
    0x080129d4   0x080129d4   0x00000006   Data   RO         6432    .constdata          ethernet.o
    0x080129da   0x080129da   0x00000006   Data   RO         6433    .constdata          ethernet.o
    0x080129e0   0x080129e0   0x0000000c   Data   RO         8229    .constdata          memp.o
    0x080129ec   0x080129ec   0x0000000c   Data   RO         8230    .constdata          memp.o
    0x080129f8   0x080129f8   0x0000000c   Data   RO         8231    .constdata          memp.o
    0x08012a04   0x08012a04   0x0000000c   Data   RO         8232    .constdata          memp.o
    0x08012a10   0x08012a10   0x0000000c   Data   RO         8233    .constdata          memp.o
    0x08012a1c   0x08012a1c   0x0000000c   Data   RO         8234    .constdata          memp.o
    0x08012a28   0x08012a28   0x0000000c   Data   RO         8235    .constdata          memp.o
    0x08012a34   0x08012a34   0x0000000c   Data   RO         8236    .constdata          memp.o
    0x08012a40   0x08012a40   0x0000000c   Data   RO         8237    .constdata          memp.o
    0x08012a4c   0x08012a4c   0x0000000c   Data   RO         8238    .constdata          memp.o
    0x08012a58   0x08012a58   0x0000000c   Data   RO         8239    .constdata          memp.o
    0x08012a64   0x08012a64   0x0000000c   Data   RO         8240    .constdata          memp.o
    0x08012a70   0x08012a70   0x0000000c   Data   RO         8241    .constdata          memp.o
    0x08012a7c   0x08012a7c   0x0000000c   Data   RO         8242    .constdata          memp.o
    0x08012a88   0x08012a88   0x00000038   Data   RO         8243    .constdata          memp.o
    0x08012ac0   0x08012ac0   0x00000054   Data   RO         8873    .constdata          tcp.o
    0x08012b14   0x08012b14   0x00000030   Data   RO         9397    .constdata          timeouts.o
    0x08012b44   0x08012b44   0x00000004   Data   RO        10050    .constdata          ip4_addr.o
    0x08012b48   0x08012b48   0x00000004   Data   RO        10051    .constdata          ip4_addr.o
    0x08012b4c   0x08012b4c   0x000000ac   Data   RO           31    .conststring        main.o
    0x08012bf8   0x08012bf8   0x0000000c   Data   RO          595    .conststring        jwserial.o
    0x08012c04   0x08012c04   0x00000075   Data   RO         8874    .conststring        tcp.o
    0x08012c79   0x08012c79   0x00000003   PAD
    0x08012c7c   0x08012c7c   0x00000055   Data   RO         9251    .conststring        tcp_out.o
    0x08012cd1   0x08012cd1   0x00000003   PAD
    0x08012cd4   0x08012cd4   0x00000042   Data   RO         9653    .conststring        dhcp.o
    0x08012d16   0x08012d16   0x00000002   PAD
    0x08012d18   0x08012d18   0x00000041   Data   RO         9841    .conststring        etharp.o
    0x08012d59   0x08012d59   0x00000003   PAD
    0x08012d5c   0x08012d5c   0x00000020   Data   RO        11143    Region$$Table       anon$$obj.o


    Execution Region RW_IRAM1 (Exec base: 0x20000000, Load base: 0x08012d7c, Size: 0x0000c558, Max: 0x00080000, ABSOLUTE, COMPRESSED[0x00000028])

    Exec Addr    Load Addr    Size         Type   Attr      Idx    E Section Name        Object

    0x20000000   COMPRESSED   0x00000030   Data   RW           32    .data               main.o
    0x20000030   COMPRESSED   0x00000018   Data   RW          596    .data               jwserial.o
    0x20000048   COMPRESSED   0x00000004   Data   RW          647    .data               ethernetif.o
    0x2000004c   COMPRESSED   0x00000018   Data   RW          771    .data               lwip.o
    0x20000064   COMPRESSED   0x0000000c   Data   RW         1910    .data               stm32f7xx_hal.o
    0x20000070   COMPRESSED   0x00000004   Data   RW         4176    .data               system_stm32f7xx.o
    0x20000074   COMPRESSED   0x0000003c   Data   RW         4843    .data               tasks.o
    0x200000b0   COMPRESSED   0x00000014   Data   RW         5191    .data               timers.o
    0x200000c4   COMPRESSED   0x00000004   Data   RW         5400    .data               cmsis_os2.o
    0x200000c8   COMPRESSED   0x00000018   Data   RW         5783    .data               heap_4.o
    0x200000e0   COMPRESSED   0x0000000c   Data   RW         5834    .data               port.o
    0x200000ec   COMPRESSED   0x00000010   Data   RW         7662    .data               tcpip.o
    0x200000fc   COMPRESSED   0x0000000c   Data   RW         7894    .data               dns.o
    0x20000108   COMPRESSED   0x00000010   Data   RW         8139    .data               mem.o
    0x20000118   COMPRESSED   0x00000004   Data   RW         8244    .data               memp.o
    0x2000011c   COMPRESSED   0x00000004   Data   RW         8245    .data               memp.o
    0x20000120   COMPRESSED   0x00000004   Data   RW         8246    .data               memp.o
    0x20000124   COMPRESSED   0x00000004   Data   RW         8247    .data               memp.o
    0x20000128   COMPRESSED   0x00000004   Data   RW         8248    .data               memp.o
    0x2000012c   COMPRESSED   0x00000004   Data   RW         8249    .data               memp.o
    0x20000130   COMPRESSED   0x00000004   Data   RW         8250    .data               memp.o
    0x20000134   COMPRESSED   0x00000004   Data   RW         8251    .data               memp.o
    0x20000138   COMPRESSED   0x00000004   Data   RW         8252    .data               memp.o
    0x2000013c   COMPRESSED   0x00000004   Data   RW         8253    .data               memp.o
    0x20000140   COMPRESSED   0x00000004   Data   RW         8254    .data               memp.o
    0x20000144   COMPRESSED   0x00000004   Data   RW         8255    .data               memp.o
    0x20000148   COMPRESSED   0x00000004   Data   RW         8256    .data               memp.o
    0x2000014c   COMPRESSED   0x00000004   Data   RW         8257    .data               memp.o
    0x20000150   COMPRESSED   0x0000000c   Data   RW         8378    .data               netif.o
    0x2000015c   COMPRESSED   0x00000001   Data   RW         8576    .data               pbuf.o
    0x2000015d   COMPRESSED   0x00000003   PAD
    0x20000160   COMPRESSED   0x00000020   Data   RW         8875    .data               tcp.o
    0x20000180   COMPRESSED   0x00000024   Data   RW         9150    .data               tcp_in.o
    0x200001a4   COMPRESSED   0x0000000c   Data   RW         9399    .data               timeouts.o
    0x200001b0   COMPRESSED   0x00000008   Data   RW         9492    .data               udp.o
    0x200001b8   COMPRESSED   0x00000010   Data   RW         9654    .data               dhcp.o
    0x200001c8   COMPRESSED   0x00000001   Data   RW         9842    .data               etharp.o
    0x200001c9   COMPRESSED   0x00000001   PAD
    0x200001ca   COMPRESSED   0x00000002   Data   RW         9994    .data               ip4.o
    0x200001cc   COMPRESSED   0x00000008   Data   RW        10121    .data               ip4_frag.o
    0x200001d4   COMPRESSED   0x00000004   Data   RW        10390    .data               sys_arch.o
    0x200001d8   COMPRESSED   0x00000004   Data   RW        10799    .data               mc_w.l(rand.o)
    0x200001dc   COMPRESSED   0x00000004   Data   RW        11104    .data               mc_w.l(stdout.o)
    0x200001e0        -       0x000001ec   Zero   RW           27    .bss                main.o
    0x200003cc        -       0x00000060   Zero   RW           28    .bss                main.o
    0x2000042c        -       0x00000060   Zero   RW           29    .bss                main.o
    0x2000048c        -       0x000030e8   Zero   RW          646    .bss                ethernetif.o
    0x20003574        -       0x0000005c   Zero   RW          770    .bss                lwip.o
    0x200035d0        -       0x00000040   Zero   RW         4415    .bss                queue.o
    0x20003610        -       0x000004c4   Zero   RW         4842    .bss                tasks.o
    0x20003ad4        -       0x00000118   Zero   RW         5190    .bss                timers.o
    0x20003bec        -       0x00000758   Zero   RW         5399    .bss                cmsis_os2.o
    0x20004344        -       0x00003c00   Zero   RW         5782    .bss                heap_4.o
    0x20007f44        -       0x00000480   Zero   RW         7892    .bss                dns.o
    0x200083c4        -       0x00000018   Zero   RW         8106    .bss                ip.o
    0x200083dc        -       0x00000653   Zero   RW         8138    .bss                mem.o
    0x20008a2f        -       0x00000083   Zero   RW         8215    .bss                memp.o
    0x20008ab2        -       0x0000030f   Zero   RW         8216    .bss                memp.o
    0x20008dc1        -       0x000000e3   Zero   RW         8217    .bss                memp.o
    0x20008ea4        -       0x00000103   Zero   RW         8218    .bss                memp.o
    0x20008fa7        -       0x000000a3   Zero   RW         8219    .bss                memp.o
    0x2000904a        -       0x0000016b   Zero   RW         8220    .bss                memp.o
    0x200091b5        -       0x00000023   Zero   RW         8221    .bss                memp.o
    0x200091d8        -       0x000000a3   Zero   RW         8222    .bss                memp.o
    0x2000927b        -       0x00000083   Zero   RW         8223    .bss                memp.o
    0x200092fe        -       0x00000083   Zero   RW         8224    .bss                memp.o
    0x20009381        -       0x00000063   Zero   RW         8225    .bss                memp.o
    0x200093e4        -       0x00000137   Zero   RW         8226    .bss                memp.o
    0x2000951b        -       0x00000103   Zero   RW         8227    .bss                memp.o
    0x2000961e        -       0x00002603   Zero   RW         8228    .bss                memp.o
    0x2000bc21   COMPRESSED   0x00000003   PAD
    0x2000bc24        -       0x00000010   Zero   RW         9149    .bss                tcp_in.o
    0x2000bc34        -       0x00000032   Zero   RW         9652    .bss                dhcp.o
    0x2000bc66   COMPRESSED   0x00000002   PAD
    0x2000bc68        -       0x000000f0   Zero   RW         9840    .bss                etharp.o
    0x2000bd58        -       0x00000800   Zero   RW            1    STACK               startup_stm32f767xx.o


==============================================================================

Image component sizes


      Code (inc. data)   RO Data    RW Data    ZI Data      Debug   Object Name

         0          0          0          0          0       7119   api_lib.o
         0          0          0          0          0       4743   api_msg.o
         0          0          0          0          0       2196   auth.o
         0          0          0          0          0       6067   bridgeif.o
      1776        108          0          4       1880      47042   cmsis_os2.o
         8          0          0          0          0       1090   def.o
      6354       2136         66         16         50      28856   dhcp.o
      1030        294          0         12       1152      11389   dns.o
         0          0          0          0          0       2400   err.o
      2952       1186         65          1        240      12739   etharp.o
       412        154         12          0          0       2722   ethernet.o
      1402        186          0          4      12520       9014   ethernetif.o
        74          0          0          0          0      23806   event_groups.o
         4          0          0          0          0        910   freertos.o
       484         24          0         24      15360       4791   heap_4.o
       780        350          0          0          0       4422   icmp.o
        38          0          0          0          0      10083   init.o
         0          0          0          0         24       3202   ip.o
       950        184          0          2          0       5784   ip4.o
        46          0          8          0          0       8770   ip4_addr.o
      2912       1160          0          8          0      11798   ip4_frag.o
        20          4         12         24          0       1212   jwserial.o
       138          0          0          0          0       3514   list.o
       184         32          0         24         92        982   lwip.o
      1360         84        420         48        684     965042   main.o
      2172       1044          0         16       1619       8037   mem.o
       746        500        224         56      12786      11142   memp.o
      1794       1000          0         12          0      16068   netif.o
      4082       2136          0          1          0      21319   pbuf.o
       774         80          0         12          0      11489   port.o
      2832         30          0          0         64      30404   queue.o
        36          8        504          0       2048        828   startup_stm32f767xx.o
       150         24          0         12          0       9113   stm32f7xx_hal.o
       198         12          0          0          0      38951   stm32f7xx_hal_cortex.o
       950         16          8          0          0       5651   stm32f7xx_hal_dma.o
      2474         72          0          0          0      14375   stm32f7xx_hal_eth.o
       584         54          0          0          0       1588   stm32f7xx_hal_gpio.o
       696         80          0          0          0       3562   stm32f7xx_hal_msp.o
       108          8          0          0          0       1248   stm32f7xx_hal_pwr_ex.o
      1400         76          0          0          0       5604   stm32f7xx_hal_rcc.o
      1340         22          0          0          0       2308   stm32f7xx_hal_rcc_ex.o
      2658        168          0          0          0      20677   stm32f7xx_hal_tim.o
       324         40          0          0          0       2308   stm32f7xx_hal_tim_ex.o
      1918         72          0          0          0      10367   stm32f7xx_hal_uart.o
        96         30          0          0          0       5570   stm32f7xx_it.o
         0          0          0          0          0        432   stream_buffer.o
       268         16          0          4          0      12396   sys_arch.o
        16          4         24          4          0       1103   system_stm32f7xx.o
      2542        192          0         60       1220      30920   tasks.o
      6140       2880        201         32          0      33756   tcp.o
      6958       2032          0         36         16      22583   tcp_in.o
      6136       3050         85          0          0      29058   tcp_out.o
      1132        660          0         16          0       7588   tcpip.o
       760        374         48         12          0       7427   timeouts.o
      1222         84          0         20        280      35663   timers.o
      2922       1546          0          8          0      12562   udp.o

    ----------------------------------------------------------------------
     74438      22212       1720        472      50040    1593790   Object Totals
         0          0         32          0          0          0   (incl. Generated)
        86          0         11          4          5          0   (incl. Padding)

    ----------------------------------------------------------------------

      Code (inc. data)   RO Data    RW Data    ZI Data      Debug   Library Member Name

        58          0          0          0          0          0   __dczerorl.o
         0          0          0          0          0          0   entry.o
         0          0          0          0          0          0   entry10a.o
         0          0          0          0          0          0   entry11a.o
         4          0          0          0          0          0   entry12b.o
         8          4          0          0          0          0   entry2.o
         4          0          0          0          0          0   entry5.o
         0          0          0          0          0          0   entry7b.o
         0          0          0          0          0          0   entry8b.o
         8          4          0          0          0          0   entry9a.o
        18          0          0          0          0         80   fputc.o
        30          0          0          0          0          0   handlers.o
        36          8          0          0          0         68   init.o
         0          0          0          0          0          0   iusesemip.o
        30          0          0          0          0         68   llshl.o
        32          0          0          0          0         68   llushr.o
        26          0          0          0          0         80   memcmp.o
        64          0          0          0          0         76   memmovea.o
        36          0          0          0          0        108   memseta.o
       472         14          0          0          0        184   printf3.o
        36         10          0          4          0        136   rand.o
         0          0          0          0          0          0   semi.o
         0          0          0          4          0          0   stdout.o
        14          0          0          0          0         68   strlen.o
        44          0          0          0          0         80   uidiv.o
        98          0          0          0          0         92   uldiv.o

    ----------------------------------------------------------------------
      1022         40          0          8          0       1108   Library Totals
         4          0          0          0          0          0   (incl. Padding)

    ----------------------------------------------------------------------

      Code (inc. data)   RO Data    RW Data    ZI Data      Debug   Library Name

      1018         40          0          8          0       1108   mc_w.l

    ----------------------------------------------------------------------
      1022         40          0          8          0       1108   Library Totals

    ----------------------------------------------------------------------

==============================================================================


      Code (inc. data)   RO Data    RW Data    ZI Data      Debug   

     75460      22252       1720        480      50040    1550214   Grand Totals
     75460      22252       1720         40      50040    1550214   ELF Image Totals (compressed)
     75460      22252       1720         40          0          0   ROM Totals

==============================================================================

    Total RO  Size (Code + RO Data)                77180 (  75.37kB)
    Total RW  Size (RW Data + ZI Data)             50520 (  49.34kB)
    Total ROM Size (Code + RO Data + RW Data)      77220 (  75.41kB)

==============================================================================

